Archive member included to satisfy reference by file (symbol)

/opt/libdragon/lib/gcc/mips64-elf/13.2.0/../../../../mips64-elf/lib/libdragon.a(entrypoint.o)
                              (_start)
/opt/libdragon/lib/gcc/mips64-elf/13.2.0/../../../../mips64-elf/lib/libdragon.a(debug.o)
                              /opt/libdragon/lib/gcc/mips64-elf/13.2.0/../../../../mips64-elf/lib/libdragon.a(entrypoint.o) (debug_assert_func)
/opt/libdragon/lib/gcc/mips64-elf/13.2.0/../../../../mips64-elf/lib/libdragon.a(usb.o)
                              /opt/libdragon/lib/gcc/mips64-elf/13.2.0/../../../../mips64-elf/lib/libdragon.a(debug.o) (usb_write)
/opt/libdragon/lib/gcc/mips64-elf/13.2.0/../../../../mips64-elf/lib/libdragon.a(cart.o)
                              /opt/libdragon/lib/gcc/mips64-elf/13.2.0/../../../../mips64-elf/lib/libdragon.a(debug.o) (cart_init)
/opt/libdragon/lib/gcc/mips64-elf/13.2.0/../../../../mips64-elf/lib/libdragon.a(ff.o)
                              /opt/libdragon/lib/gcc/mips64-elf/13.2.0/../../../../mips64-elf/lib/libdragon.a(debug.o) (f_mount)
/opt/libdragon/lib/gcc/mips64-elf/13.2.0/../../../../mips64-elf/lib/libdragon.a(ffunicode.o)
                              /opt/libdragon/lib/gcc/mips64-elf/13.2.0/../../../../mips64-elf/lib/libdragon.a(ff.o) (ff_uni2oem)
/opt/libdragon/lib/gcc/mips64-elf/13.2.0/../../../../mips64-elf/lib/libdragon.a(display.o)
                              build/src/main.o (display_init)
/opt/libdragon/lib/gcc/mips64-elf/13.2.0/../../../../mips64-elf/lib/libdragon.a(surface.o)
                              build/src/main.o (surface_alloc)
/opt/libdragon/lib/gcc/mips64-elf/13.2.0/../../../../mips64-elf/lib/libdragon.a(rsp.o)
                              /opt/libdragon/lib/gcc/mips64-elf/13.2.0/../../../../mips64-elf/lib/libdragon.a(display.o) (__rsp_crash)
/opt/libdragon/lib/gcc/mips64-elf/13.2.0/../../../../mips64-elf/lib/libdragon.a(rsp_crash.o)
                              /opt/libdragon/lib/gcc/mips64-elf/13.2.0/../../../../mips64-elf/lib/libdragon.a(rsp.o) (rsp_crash_data_start)
/opt/libdragon/lib/gcc/mips64-elf/13.2.0/../../../../mips64-elf/lib/libdragon.a(inspector.o)
                              /opt/libdragon/lib/gcc/mips64-elf/13.2.0/../../../../mips64-elf/lib/libdragon.a(debug.o) (__inspector_assertion)
/opt/libdragon/lib/gcc/mips64-elf/13.2.0/../../../../mips64-elf/lib/libdragon.a(dma.o)
                              /opt/libdragon/lib/gcc/mips64-elf/13.2.0/../../../../mips64-elf/lib/libdragon.a(debug.o) (io_accessible)
/opt/libdragon/lib/gcc/mips64-elf/13.2.0/../../../../mips64-elf/lib/libdragon.a(exception.o)
                              /opt/libdragon/lib/gcc/mips64-elf/13.2.0/../../../../mips64-elf/lib/libdragon.a(inspector.o) (__exception_dump_header)
/opt/libdragon/lib/gcc/mips64-elf/13.2.0/../../../../mips64-elf/lib/libdragon.a(do_ctors.o)
                              /opt/libdragon/lib/gcc/mips64-elf/13.2.0/../../../../mips64-elf/lib/libdragon.a(entrypoint.o) (__wrap___do_global_ctors)
/opt/libdragon/lib/gcc/mips64-elf/13.2.0/../../../../mips64-elf/lib/libdragon.a(rdpq.o)
                              build/src/main.o (rdpq_init)
/opt/libdragon/lib/gcc/mips64-elf/13.2.0/../../../../mips64-elf/lib/libdragon.a(rsp_rdpq.o)
                              /opt/libdragon/lib/gcc/mips64-elf/13.2.0/../../../../mips64-elf/lib/libdragon.a(rdpq.o) (rsp_rdpq_data_end)
/opt/libdragon/lib/gcc/mips64-elf/13.2.0/../../../../mips64-elf/lib/libdragon.a(rdpq_debug.o)
                              /opt/libdragon/lib/gcc/mips64-elf/13.2.0/../../../../mips64-elf/lib/libdragon.a(rsp.o) (rdpq_trace)
/opt/libdragon/lib/gcc/mips64-elf/13.2.0/../../../../mips64-elf/lib/libdragon.a(rdpq_rect.o)
                              /opt/libdragon/lib/gcc/mips64-elf/13.2.0/../../../../mips64-elf/lib/libdragon.a(rdpq_debug.o) (__rdpq_texture_rectangle)
/opt/libdragon/lib/gcc/mips64-elf/13.2.0/../../../../mips64-elf/lib/libdragon.a(rdpq_mode.o)
                              /opt/libdragon/lib/gcc/mips64-elf/13.2.0/../../../../mips64-elf/lib/libdragon.a(rdpq_debug.o) (rdpq_mode_push)
/opt/libdragon/lib/gcc/mips64-elf/13.2.0/../../../../mips64-elf/lib/libdragon.a(rdpq_attach.o)
                              build/src/main.o (rdpq_attach)
/opt/libdragon/lib/gcc/mips64-elf/13.2.0/../../../../mips64-elf/lib/libdragon.a(gl.o)
                              build/src/main.o (gl_context_begin)
/opt/libdragon/lib/gcc/mips64-elf/13.2.0/../../../../mips64-elf/lib/libdragon.a(lighting.o)
                              /opt/libdragon/lib/gcc/mips64-elf/13.2.0/../../../../mips64-elf/lib/libdragon.a(gl.o) (gl_lighting_init)
/opt/libdragon/lib/gcc/mips64-elf/13.2.0/../../../../mips64-elf/lib/libdragon.a(matrix.o)
                              /opt/libdragon/lib/gcc/mips64-elf/13.2.0/../../../../mips64-elf/lib/libdragon.a(lighting.o) (gl_matrix_stack_get_matrix)
/opt/libdragon/lib/gcc/mips64-elf/13.2.0/../../../../mips64-elf/lib/libdragon.a(primitive.o)
[...]
Memory Configuration

Name             Origin             Length             Attributes
mem              0x80000000         0x00400000
*default*        0x00000000         0xffffffff

Linker script and memory map

LOAD /opt/libdragon/lib/gcc/mips64-elf/13.2.0/crti.o
LOAD /opt/libdragon/lib/gcc/mips64-elf/13.2.0/crtbegin.o
LOAD build/src/main.o
LOAD /opt/libdragon/lib/gcc/mips64-elf/13.2.0/../../../../mips64-elf/lib/libdragon.a
LOAD /opt/libdragon/lib/gcc/mips64-elf/13.2.0/../../../../mips64-elf/lib/libm.a
LOAD /opt/libdragon/lib/gcc/mips64-elf/13.2.0/../../../../mips64-elf/lib/libdragonsys.a
                0x80000000                        __kseg0_start = 0x80000000
                0x80000400                        __libdragon_text_start = (__kseg0_start + 0x400)

.text           0x80000400    0x29170
 *(.boot)
 .boot          0x80000400      0x18c /opt/libdragon/lib/gcc/mips64-elf/13.2.0/../../../../mips64-elf/lib/libdragon.a(entrypoint.o)
                0x80000400                _start
                0x80000590                        . = ALIGN (0x10)
 *fill*         0x8000058c        0x4 
                0x80000590                        __text_start = .
 *(.text)
 *fill*         0x80000590       0x10 
 .text          0x800005a0      0x380 /opt/libdragon/lib/gcc/mips64-elf/13.2.0/../../../../mips64-elf/lib/libdragon.a(inthandler.o)
                0x800005a0                inthandler
                0x80000920                inthandler_end
 .text          0x80000920      0x1c0 /opt/libdragon/lib/gcc/mips64-elf/13.2.0/../../../../mips64-elf/lib/libm.a(libm_a-s_floor.o)
                0x80000920                floor
 .text          0x80000ae0      0x110 /opt/libdragon/lib/gcc/mips64-elf/13.2.0/../../../../mips64-elf/lib/libm.a(libm_a-sf_floor.o)
                0x80000ae0                floorf
 .text          0x80000bf0       0x20 /opt/libdragon/lib/gcc/mips64-elf/13.2.0/../../../../mips64-elf/lib/libm.a(libm_a-sf_fabs.o)
                0x80000bf0                fabsf
 .text          0x80000c10      0x160 /opt/libdragon/lib/gcc/mips64-elf/13.2.0/../../../../mips64-elf/lib/libm.a(libm_a-wf_pow.o)
                0x80000c10                powf
 .text          0x80000d70      0x188 /opt/libdragon/lib/gcc/mips64-elf/13.2.0/../../../../mips64-elf/lib/libm.a(libm_a-sf_scalbn.o)
                0x80000d70                scalbnf
 .text          0x80000ef8       0x20 /opt/libdragon/lib/gcc/mips64-elf/13.2.0/../../../../mips64-elf/lib/libm.a(libm_a-sf_finite.o)
                0x80000ef8                finitef
 .text          0x80000f18      0x980 /opt/libdragon/lib/gcc/mips64-elf/13.2.0/../../../../mips64-elf/lib/libm.a(libm_a-ef_pow.o)
                0x80000f18                __ieee754_powf
 .text          0x80001898      0x190 /opt/libdragon/lib/gcc/mips64-elf/13.2.0/../../../../mips64-elf/lib/libm.a(libm_a-ef_sqrt.o)
                0x80001898                __ieee754_sqrtf
 .text          0x80001a28       0xd0 /opt/libdragon/lib/gcc/mips64-elf/13.2.0/../../../../mips64-elf/lib/libm.a(libm_a-math_errf.o)
                0x80001a90                __math_uflowf
                0x80001a98                __math_oflowf
                0x80001aa0                __math_divzerof
                0x80001ad0                __math_invalidf
 .text          0x80001af8      0x1f8 /opt/libdragon/lib/gcc/mips64-elf/13.2.0/../../../../mips64-elf/lib/libc.a(libc_a-fwrite.o)
                0x80001af8                _fwrite_r
                0x80001c00                fwrite
 .text          0x80001cf0      0x370 /opt/libdragon/lib/gcc/mips64-elf/13.2.0/../../../../mips64-elf/lib/libc.a(libc_a-memcpy.o)
                0x80001cf0                memcpy
 .text          0x80002060     0x21e8 /opt/libdragon/lib/gcc/mips64-elf/13.2.0/../../../../mips64-elf/lib/libc.a(libc_a-vfprintf.o)
                0x80002060                _vfprintf_r
                0x80004160                vfprintf
 .text          0x80004248      0x188 /opt/libdragon/lib/gcc/mips64-elf/13.2.0/../../../../mips64-elf/lib/libc.a(libc_a-strchr.o)
                0x80004248                strchr
 .text          0x800043d0       0x70 /opt/libdragon/lib/gcc/mips64-elf/13.2.0/../../../../mips64-elf/lib/libc.a(libc_a-printf.o)
                0x800043d0                _printf_r
                0x80004400                printf
 .text          0x80004440      0x1c8 /opt/libdragon/lib/gcc/mips64-elf/13.2.0/../../../../mips64-elf/lib/libc.a(libc_a-snprintf.o)
                0x80004440                _snprintf_r
                0x80004520                snprintf
 .text          0x80004608       0xa8 /opt/libdragon/lib/gcc/mips64-elf/13.2.0/../../../../mips64-elf/lib/libc.a(libc_a-strcpy.o)
                0x80004608                strcpy
 .text          0x800046b0       0x68 /opt/libdragon/lib/gcc/mips64-elf/13.2.0/../../../../mips64-elf/lib/libc.a(libc_a-fprintf.o)
                0x800046b0                _fprintf_r
                0x800046d8                fprintf
 .text          0x80004718       0xe0 /opt/libdragon/lib/gcc/mips64-elf/13.2.0/../../../../mips64-elf/lib/libc.a(libc_a-puts.o)
                0x80004718                _puts_r
                0x800047e8                puts
 .text          0x800047f8       0x18 /opt/libdragon/lib/gcc/mips64-elf/13.2.0/../../../../mips64-elf/lib/libc.a(libc_a-calloc.o)
                0x800047f8                calloc
 .text          0x80004810      0x140 /opt/libdragon/lib/gcc/mips64-elf/13.2.0/../../../../mips64-elf/lib/libc.a(libc_a-memmove.o)
                0x80004810                memmove
 .text          0x80004950       0x18 /opt/libdragon/lib/gcc/mips64-elf/13.2.0/../../../../mips64-elf/lib/libc.a(libc_a-abort.o)
                0x80004950                abort
 .text          0x80004968      0x3a8 /opt/libdragon/lib/gcc/mips64-elf/13.2.0/../../../../mips64-elf/lib/libc.a(libc_a-findfp.o)
                0x80004b60                __sfp
                0x80004ca0                __sinit
                0x80004cd0                __sfp_lock_acquire
                0x80004cd8                __sfp_lock_release
                0x80004ce0                __fp_lock_all
                0x80004cf8                __fp_unlock_all
 .text          0x80004d10      0x11c /opt/libdragon/lib/gcc/mips64-elf/13.2.0/../../../../mips64-elf/lib/libc.a(libc_a-memset.o)
                0x80004d10                memset
 *fill*         0x80004e2c        0x4 
 .text          0x80004e30     0x1390 /opt/libdragon/lib/gcc/mips64-elf/13.2.0/../../../../mips64-elf/lib/libc.a(libc_a-vfiprintf.o)
                0x80004f68                __sprint_r
                0x80004f88                _vfiprintf_r
                0x800060d8                vfiprintf
 .text          0x800061c0      0x120 /opt/libdragon/lib/gcc/mips64-elf/13.2.0/../../../../mips64-elf/lib/libc.a(libc_a-callocr.o)
                0x800061c0                _calloc_r
 .text          0x800062e0      0x570 /opt/libdragon/lib/gcc/mips64-elf/13.2.0/../../../../mips64-elf/lib/libc.a(libc_a-fvwrite.o)
                0x800062e0                __sfvwrite_r
 .text          0x80006850        0x8 /opt/libdragon/lib/gcc/mips64-elf/13.2.0/../../../../mips64-elf/lib/libc.a(libc_a-errno.o)
                0x80006850                __errno
 .text          0x80006858       0x70 /opt/libdragon/lib/gcc/mips64-elf/13.2.0/../../../../mips64-elf/lib/libc.a(libc_a-strrchr.o)
                0x80006858                strrchr
 .text          0x800068c8      0x140 /opt/libdragon/lib/gcc/mips64-elf/13.2.0/../../../../mips64-elf/lib/libc.a(libc_a-fclose.o)
                0x800068c8                _fclose_r
                0x800069f8                fclose
 .text          0x80006a08       0xd8 /opt/libdragon/lib/gcc/mips64-elf/13.2.0/../../../../mips64-elf/lib/libc.a(libc_a-sprintf.o)
                0x80006a08                _sprintf_r
                0x80006a70                sprintf
 .text          0x80006ae0      0x888 /opt/libdragon/lib/gcc/mips64-elf/13.2.0/../../../../mips64-elf/lib/libc.a(libc_a-mallocr.o)
                0x80006ae0                _malloc_r
 .text          0x80007368     0x1658 /opt/libdragon/lib/gcc/mips64-elf/13.2.0/../../../../mips64-elf/lib/libc.a(libc_a-dtoa.o)
                0x800075b8                _dtoa_r
 .text          0x800089c0      0x480 /opt/libdragon/lib/gcc/mips64-elf/13.2.0/../../../../mips64-elf/lib/libc.a(libc_a-freer.o)
                0x800089c0                _malloc_trim_r
                0x80008b00                _free_r
 .text          0x80008e40       0x20 /opt/libdragon/lib/gcc/mips64-elf/13.2.0/../../../../mips64-elf/lib/libc.a(libc_a-putchar.o)
                0x80008e40                _putchar_r
                0x80008e48                putchar
 .text          0x80008e60       0x20 /opt/libdragon/lib/gcc/mips64-elf/13.2.0/../../../../mips64-elf/lib/libc.a(libc_a-malloc.o)
                0x80008e60                malloc
                0x80008e70                free
 .text          0x80008e80      0x240 /opt/libdragon/lib/gcc/mips64-elf/13.2.0/../../../../mips64-elf/lib/libc.a(libc_a-strcmp.o)
                0x80008e80                strcmp
 .text          0x800090c0       0xf8 /opt/libdragon/lib/gcc/mips64-elf/13.2.0/../../../../mips64-elf/lib/libc.a(libc_a-memchr.o)
                0x800090c0                memchr
 .text          0x800091b8       0xc0 /opt/libdragon/lib/gcc/mips64-elf/13.2.0/../../../../mips64-elf/lib/libc.a(libc_a-fwalk.o)
                0x800091b8                _fwalk_sglue
 .text          0x80009278      0x5d0 /opt/libdragon/lib/gcc/mips64-elf/13.2.0/../../../../mips64-elf/lib/libc.a(libc_a-reallocr.o)
                0x80009278                _realloc_r
 .text          0x80009848      0x338 /opt/libdragon/lib/gcc/mips64-elf/13.2.0/../../../../mips64-elf/lib/libc.a(libc_a-fflush.o)
                0x80009848                __sflush_r
                0x80009aa0                _fflush_r
                0x80009b00                fflush
 .text          0x80009b80      0x258 /opt/libdragon/lib/gcc/mips64-elf/13.2.0/../../../../mips64-elf/lib/libc.a(libc_a-makebuf.o)
                0x80009b80                __smakebuf_r
                0x80009d28                __swhatbuf_r
 .text          0x80009dd8       0x10 /opt/libdragon/lib/gcc/mips64-elf/13.2.0/../../../../mips64-elf/lib/libc.a(libc_a-mlock.o)
                0x80009dd8                __malloc_lock
                0x80009de0                __malloc_unlock
 .text          0x80009de8       0x30 /opt/libdragon/lib/gcc/mips64-elf/13.2.0/../../../../mips64-elf/lib/libc.a(libc_a-vprintf.o)
                0x80009de8                vprintf
                0x80009e00                _vprintf_r
 .text          0x80009e18      0x170 /opt/libdragon/lib/gcc/mips64-elf/13.2.0/../../../../mips64-elf/lib/libc.a(libc_a-wsetup.o)
                0x80009e18                __swsetup_r
 .text          0x80009f88      0xb50 /opt/libdragon/lib/gcc/mips64-elf/13.2.0/../../../../mips64-elf/lib/libc.a(libc_a-strstr.o)
                0x8000a7e8                strstr
 .text          0x8000aad8      0x570 /opt/libdragon/lib/gcc/mips64-elf/13.2.0/../../../../mips64-elf/lib/libc.a(libc_a-signal.o)
                0x8000aad8                _init_signal_r
                0x8000ab40                _signal_r
                0x8000abe0                _raise_r
                0x8000ac98                __sigtramp_r
                0x8000ad88                raise
                0x8000ae50                signal
                0x8000aef0                _init_signal
                0x8000af60                __sigtramp
 .text          0x8000b048       0x18 /opt/libdragon/lib/gcc/mips64-elf/13.2.0/../../../../mips64-elf/lib/libc.a(libc_a-strlen.o)
                0x8000b048                strlen
 .text          0x8000b060       0x98 /opt/libdragon/lib/gcc/mips64-elf/13.2.0/../../../../mips64-elf/lib/libc.a(libc_a-strcat.o)
                0x8000b060                strcat
 .text          0x8000b0f8       0x18 /opt/libdragon/lib/gcc/mips64-elf/13.2.0/../../../../mips64-elf/lib/libc.a(libc_a-malign.o)
                0x8000b0f8                memalign
 .text          0x8000b110      0x1b8 /opt/libdragon/lib/gcc/mips64-elf/13.2.0/../../../../mips64-elf/lib/libc.a(libc_a-fputwc.o)
                0x8000b110                __fputwc
                0x8000b228                _fputwc_r
                0x8000b250                fputwc
 .text          0x8000b2c8       0x88 /opt/libdragon/lib/gcc/mips64-elf/13.2.0/../../../../mips64-elf/lib/libc.a(libc_a-memcmp.o)
                0x8000b2c8                memcmp
 .text          0x8000b350       0xd0 /opt/libdragon/lib/gcc/mips64-elf/13.2.0/../../../../mips64-elf/lib/libc.a(libc_a-fputc.o)
                0x8000b350                _fputc_r
                0x8000b3b0                fputc
 .text          0x8000b420       0x28 /opt/libdragon/lib/gcc/mips64-elf/13.2.0/../../../../mips64-elf/lib/libc.a(libc_a-localeconv.o)
                0x8000b420                __localeconv_l
                0x8000b428                _localeconv_r
                0x8000b438                localeconv
 .text          0x8000b448       0x48 /opt/libdragon/lib/gcc/mips64-elf/13.2.0/../../../../mips64-elf/lib/libc.a(libc_a-strnlen.o)
                0x8000b448                strnlen
 .text          0x8000b490     0x1438 /opt/libdragon/lib/gcc/mips64-elf/13.2.0/../../../../mips64-elf/lib/libc.a(libc_a-mprec.o)
                0x8000b490                _Balloc
                0x8000b540                _Bfree
                0x8000b570                __multadd
                0x8000b6d0                __s2b
                0x8000b850                __hi0bits
                0x8000b8d8                __lo0bits
                0x8000b9a0                __i2b
                0x8000ba78                __multiply
                0x8000bd08                __pow5mult
                0x8000be70                __lshift
                0x8000c028                __mcmp
                0x8000c090                __mdiff
                0x8000c318                __ulp
                0x8000c3c8                __b2d
                0x8000c560                __d2b
                0x8000c6c0                __ratio
                0x8000c780                _mprec_log10
                0x8000c7c0                __copybits
                0x8000c848                __any_on
 .text          0x8000c8c8       0x60 /opt/libdragon/lib/gcc/mips64-elf/13.2.0/../../../../mips64-elf/lib/libc.a(libc_a-signalr.o)
                0x8000c8c8                _kill_r
                0x8000c920                _getpid_r
 .text          0x8000c928      0x190 /opt/libdragon/lib/gcc/mips64-elf/13.2.0/../../../../mips64-elf/lib/libc.a(libc_a-stdio.o)
                0x8000c928                __sread
                0x8000c980                __seofread
                0x8000c988                __swrite
                0x8000ca48                __sseek
                0x8000cab0                __sclose
 .text          0x8000cab8     0x1fb0 /opt/libdragon/lib/gcc/mips64-elf/13.2.0/../../../../mips64-elf/lib/libc.a(libc_a-svfprintf.o)
                0x8000cab8                _svfprintf_r
 .text          0x8000ea68      0x118 /opt/libdragon/lib/gcc/mips64-elf/13.2.0/../../../../mips64-elf/lib/libc.a(libc_a-wcrtomb.o)
                0x8000ea68                _wcrtomb_r
                0x8000eae8                wcrtomb
 .text          0x8000eb80      0x120 /opt/libdragon/lib/gcc/mips64-elf/13.2.0/../../../../mips64-elf/lib/libc.a(libc_a-locale.o)
                0x8000eb80                _setlocale_r
                0x8000ec08                __locale_mb_cur_max
                0x8000ec18                setlocale
 .text          0x8000eca0       0x58 /opt/libdragon/lib/gcc/mips64-elf/13.2.0/../../../../mips64-elf/lib/libc.a(libc_a-fstatr.o)
                0x8000eca0                _fstat_r
 .text          0x8000ecf8      0x160 /opt/libdragon/lib/gcc/mips64-elf/13.2.0/../../../../mips64-elf/lib/libc.a(libc_a-putc.o)
                0x8000ecf8                _putc_r
                0x8000eda0                putc
 .text          0x8000ee58      0x1f8 /opt/libdragon/lib/gcc/mips64-elf/13.2.0/../../../../mips64-elf/lib/libc.a(libc_a-malignr.o)
                0x8000ee58                _memalign_r
 .text          0x8000f050       0x50 /opt/libdragon/lib/gcc/mips64-elf/13.2.0/../../../../mips64-elf/lib/libc.a(libc_a-sbrkr.o)
                0x8000f050                _sbrk_r
 .text          0x8000f0a0       0x50 /opt/libdragon/lib/gcc/mips64-elf/13.2.0/../../../../mips64-elf/lib/libc.a(libc_a-isattyr.o)
                0x8000f0a0                _isatty_r
 .text          0x8000f0f0       0x48 /opt/libdragon/lib/gcc/mips64-elf/13.2.0/../../../../mips64-elf/lib/libc.a(libc_a-wctomb_r.o)
                0x8000f0f0                _wctomb_r
                0x8000f100                __ascii_wctomb
 .text          0x8000f138     0x1118 /opt/libdragon/lib/gcc/mips64-elf/13.2.0/../../../../mips64-elf/lib/libc.a(libc_a-svfiprintf.o)
                0x8000f138                __ssprint_r
                0x8000f380                _svfiprintf_r
 .text          0x80010250       0x60 /opt/libdragon/lib/gcc/mips64-elf/13.2.0/../../../../mips64-elf/lib/libc.a(libc_a-writer.o)
                0x80010250                _write_r
 .text          0x800102b0       0x50 /opt/libdragon/lib/gcc/mips64-elf/13.2.0/../../../../mips64-elf/lib/libc.a(libc_a-closer.o)
                0x800102b0                _close_r
 .text          0x80010300      0x1b8 /opt/libdragon/lib/gcc/mips64-elf/13.2.0/../../../../mips64-elf/lib/libc.a(libc_a-wbuf.o)
                0x80010300                __swbuf_r
                0x800104a0                __swbuf
 .text          0x800104b8       0x60 /opt/libdragon/lib/gcc/mips64-elf/13.2.0/../../../../mips64-elf/lib/libc.a(libc_a-lseekr.o)
                0x800104b8                _lseek_r
 .text          0x80010518       0x60 /opt/libdragon/lib/gcc/mips64-elf/13.2.0/../../../../mips64-elf/lib/libc.a(libc_a-readr.o)
                0x80010518                _read_r
 .text          0x80010578       0x70 /opt/libdragon/lib/gcc/mips64-elf/13.2.0/../../../../mips64-elf/lib/libc.a(libc_a-mbtowc_r.o)
                0x80010578                _mbtowc_r
                0x80010588                __ascii_mbtowc
 *(.text.*)
 *fill*         0x800105e8       0x18 
 .text.startup.main
                0x80010600      0x1e0 build/src/main.o
                0x80010600                main
 .text.cb.0     0x800107e0       0xa0 /opt/libdragon/lib/gcc/mips64-elf/13.2.0/../../../../mips64-elf/lib/libdragon.a(debug.o)
 .text.debug_assert_func_f
                0x80010880       0xe0 /opt/libdragon/lib/gcc/mips64-elf/13.2.0/../../../../mips64-elf/lib/libdragon.a(debug.o)
                0x80010880                debug_assert_func_f
 .text.debug_assert_func
                0x80010960       0x20 /opt/libdragon/lib/gcc/mips64-elf/13.2.0/../../../../mips64-elf/lib/libdragon.a(debug.o)
                0x80010960                debug_assert_func
 .text.debug_hexdump
                0x80010980      0x280 /opt/libdragon/lib/gcc/mips64-elf/13.2.0/../../../../mips64-elf/lib/libdragon.a(debug.o)
                0x80010980                debug_hexdump
 .text.__debug_backtrace
                0x80010c00      0x100 /opt/libdragon/lib/gcc/mips64-elf/13.2.0/../../../../mips64-elf/lib/libdragon.a(debug.o)
                0x80010c00                __debug_backtrace
 .text.debug_backtrace
                0x80010d00       0x20 /opt/libdragon/lib/gcc/mips64-elf/13.2.0/../../../../mips64-elf/lib/libdragon.a(debug.o)
                0x80010d00                debug_backtrace
 .text.__display_callback
                0x80010d20      0x1e0 /opt/libdragon/lib/gcc/mips64-elf/13.2.0/../../../../mips64-elf/lib/libdragon.a(display.o)
 .text.display_show.part.0
                0x80010f00      0x1a0 /opt/libdragon/lib/gcc/mips64-elf/13.2.0/../../../../mips64-elf/lib/libdragon.a(display.o)
 .text.display_init
                0x800110a0      0x600 /opt/libdragon/lib/gcc/mips64-elf/13.2.0/../../../../mips64-elf/lib/libdragon.a(display.o)
                0x800110a0                display_init
 .text.display_close
                0x800116a0      0x100 /opt/libdragon/lib/gcc/mips64-elf/13.2.0/../../../../mips64-elf/lib/libdragon.a(display.o)
                0x800116a0                display_close
 .text.display_try_get
                0x800117a0       0xc0 /opt/libdragon/lib/gcc/mips64-elf/13.2.0/../../../../mips64-elf/lib/libdragon.a(display.o)
                0x800117a0                display_try_get
 .text.display_get
                0x80011860      0x100 /opt/libdragon/lib/gcc/mips64-elf/13.2.0/../../../../mips64-elf/lib/libdragon.a(display.o)
                0x80011860                display_get
 .text.display_show
                0x80011960       0x20 /opt/libdragon/lib/gcc/mips64-elf/13.2.0/../../../../mips64-elf/lib/libdragon.a(display.o)
                0x80011960                display_show
 .text.display_show_force
                0x80011980       0x40 /opt/libdragon/lib/gcc/mips64-elf/13.2.0/../../../../mips64-elf/lib/libdragon.a(display.o)
                0x80011980                display_show_force
 .text.display_get_bitdepth
                0x800119c0       0x20 /opt/libdragon/lib/gcc/mips64-elf/13.2.0/../../../../mips64-elf/lib/libdragon.a(display.o)
                0x800119c0                display_get_bitdepth
 .text.tex_format_name
                0x800119e0       0x40 /opt/libdragon/lib/gcc/mips64-elf/13.2.0/../../../../mips64-elf/lib/libdragon.a(surface.o)
                0x800119e0                tex_format_name
 .text.surface_alloc
                0x80011a20       0xe0 /opt/libdragon/lib/gcc/mips64-elf/13.2.0/../../../../mips64-elf/lib/libdragon.a(surface.o)
                0x80011a20                surface_alloc
 .text.surface_free
                0x80011b00       0x80 /opt/libdragon/lib/gcc/mips64-elf/13.2.0/../../../../mips64-elf/lib/libdragon.a(surface.o)
                0x80011b00                surface_free
 .text.rsp_load_code
                0x80011b80      0x100 /opt/libdragon/lib/gcc/mips64-elf/13.2.0/../../../../mips64-elf/lib/libdragon.a(rsp.o)
                0x80011b80                rsp_load_code
 .text.rsp_load_data
                0x80011c80       0xe0 /opt/libdragon/lib/gcc/mips64-elf/13.2.0/../../../../mips64-elf/lib/libdragon.a(rsp.o)
                0x80011c80                rsp_load_data
 .text.rsp_load
                0x80011d60       0x60 /opt/libdragon/lib/gcc/mips64-elf/13.2.0/../../../../mips64-elf/lib/libdragon.a(rsp.o)
                0x80011d60                rsp_load
 .text.rsp_read_code
                0x80011dc0       0xe0 /opt/libdragon/lib/gcc/mips64-elf/13.2.0/../../../../mips64-elf/lib/libdragon.a(rsp.o)
                0x80011dc0                rsp_read_code
 .text.rsp_read_data
                0x80011ea0       0xe0 /opt/libdragon/lib/gcc/mips64-elf/13.2.0/../../../../mips64-elf/lib/libdragon.a(rsp.o)
                0x80011ea0                rsp_read_data
 .text.__rsp_run_async
                0x80011f80       0x40 /opt/libdragon/lib/gcc/mips64-elf/13.2.0/../../../../mips64-elf/lib/libdragon.a(rsp.o)
                0x80011f80                __rsp_run_async
 .text.__rsp_crash
                0x80011fc0      0xbe0 /opt/libdragon/lib/gcc/mips64-elf/13.2.0/../../../../mips64-elf/lib/libdragon.a(rsp.o)
                0x80011fc0                __rsp_crash
 .text.__rsp_check_assert
                0x80012ba0       0x80 /opt/libdragon/lib/gcc/mips64-elf/13.2.0/../../../../mips64-elf/lib/libdragon.a(rsp.o)
                0x80012ba0                __rsp_check_assert
 .text.rsp_wait
                0x80012c20      0x100 /opt/libdragon/lib/gcc/mips64-elf/13.2.0/../../../../mips64-elf/lib/libdragon.a(rsp.o)
                0x80012c20                rsp_wait
 .text.rsp_run  0x80012d20       0x60 /opt/libdragon/lib/gcc/mips64-elf/13.2.0/../../../../mips64-elf/lib/libdragon.a(rsp.o)
                0x80012d20                rsp_run
 .text.cb.2     0x80012d80       0x60 /opt/libdragon/lib/gcc/mips64-elf/13.2.0/../../../../mips64-elf/lib/libdragon.a(inspector.o)
 .text.cb.1     0x80012de0       0x60 /opt/libdragon/lib/gcc/mips64-elf/13.2.0/../../../../mips64-elf/lib/libdragon.a(inspector.o)
 .text.cb.0     0x80012e40      0x120 /opt/libdragon/lib/gcc/mips64-elf/13.2.0/../../../../mips64-elf/lib/libdragon.a(inspector.o)
 .text.cb.3     0x80012f60      0x120 /opt/libdragon/lib/gcc/mips64-elf/13.2.0/../../../../mips64-elf/lib/libdragon.a(inspector.o)
 .text.inspector_stdout
                0x80013080      0x240 /opt/libdragon/lib/gcc/mips64-elf/13.2.0/../../../../mips64-elf/lib/libdragon.a(inspector.o)
 .text.title    0x800132c0       0xa0 /opt/libdragon/lib/gcc/mips64-elf/13.2.0/../../../../mips64-elf/lib/libdragon.a(inspector.o)
 .text.mips_disasm
                0x80013360      0x640 /opt/libdragon/lib/gcc/mips64-elf/13.2.0/../../../../mips64-elf/lib/libdragon.a(inspector.o)
 .text.inspector
                0x800139a0      0xc00 /opt/libdragon/lib/gcc/mips64-elf/13.2.0/../../../../mips64-elf/lib/libdragon.a(inspector.o)
 .text.handler.4
                0x800145a0       0x40 /opt/libdragon/lib/gcc/mips64-elf/13.2.0/../../../../mips64-elf/lib/libdragon.a(inspector.o)
 .text.__inspector_exception
                0x800145e0       0x20 /opt/libdragon/lib/gcc/mips64-elf/13.2.0/../../../../mips64-elf/lib/libdragon.a(inspector.o)
                0x800145e0                __inspector_exception
 .text.__inspector_assertion
                0x80014600       0x20 /opt/libdragon/lib/gcc/mips64-elf/13.2.0/../../../../mips64-elf/lib/libdragon.a(inspector.o)
                0x80014600                __inspector_assertion
 .text.startup.__inspector_init
                0x80014620       0x20 /opt/libdragon/lib/gcc/mips64-elf/13.2.0/../../../../mips64-elf/lib/libdragon.a(inspector.o)
                0x80014620                __inspector_init
 .text.dma_read_raw_async
                0x80014640       0xa0 /opt/libdragon/lib/gcc/mips64-elf/13.2.0/../../../../mips64-elf/lib/libdragon.a(dma.o)
                0x80014640                dma_read_raw_async
 .text.dma_read_async
                0x800146e0      0x3a0 /opt/libdragon/lib/gcc/mips64-elf/13.2.0/../../../../mips64-elf/lib/libdragon.a(dma.o)
                0x800146e0                dma_read_async
 .text.dma_read
                0x80014a80       0x40 /opt/libdragon/lib/gcc/mips64-elf/13.2.0/../../../../mips64-elf/lib/libdragon.a(dma.o)
                0x80014a80                dma_read
 .text.io_read  0x80014ac0       0x60 /opt/libdragon/lib/gcc/mips64-elf/13.2.0/../../../../mips64-elf/lib/libdragon.a(dma.o)
                0x80014ac0                io_read
 .text.cb.0     0x80014b20       0x40 /opt/libdragon/lib/gcc/mips64-elf/13.2.0/../../../../mips64-elf/lib/libdragon.a(exception.o)
 .text.cb.1     0x80014b60       0x80 /opt/libdragon/lib/gcc/mips64-elf/13.2.0/../../../../mips64-elf/lib/libdragon.a(exception.o)
 .text.__get_exception_name.isra.0
                0x80014be0      0x1a0 /opt/libdragon/lib/gcc/mips64-elf/13.2.0/../../../../mips64-elf/lib/libdragon.a(exception.o)
 .text.__exception_dump_header
                0x80014d80      0x260 /opt/libdragon/lib/gcc/mips64-elf/13.2.0/../../../../mips64-elf/lib/libdragon.a(exception.o)
                0x80014d80                __exception_dump_header
 .text.__exception_dump_gpr
                0x80014fe0      0x160 /opt/libdragon/lib/gcc/mips64-elf/13.2.0/../../../../mips64-elf/lib/libdragon.a(exception.o)
                0x80014fe0                __exception_dump_gpr
 .text.__exception_dump_fpr
                0x80015140      0x2a0 /opt/libdragon/lib/gcc/mips64-elf/13.2.0/../../../../mips64-elf/lib/libdragon.a(exception.o)
                0x80015140                __exception_dump_fpr
 .text.exception_default_handler
                0x800153e0      0x1a0 /opt/libdragon/lib/gcc/mips64-elf/13.2.0/../../../../mips64-elf/lib/libdragon.a(exception.o)
                0x800153e0                exception_default_handler
 .text.__onCriticalException
                0x80015580       0x60 /opt/libdragon/lib/gcc/mips64-elf/13.2.0/../../../../mips64-elf/lib/libdragon.a(exception.o)
                0x80015580                __onCriticalException
 .text.register_syscall_handler
                0x800155e0      0x1a0 /opt/libdragon/lib/gcc/mips64-elf/13.2.0/../../../../mips64-elf/lib/libdragon.a(exception.o)
                0x800155e0                register_syscall_handler
 .text.__onSyscallException
                0x80015780      0x140 /opt/libdragon/lib/gcc/mips64-elf/13.2.0/../../../../mips64-elf/lib/libdragon.a(exception.o)
                0x80015780                __onSyscallException
 .text.__register_frame_info
                0x800158c0       0x20 /opt/libdragon/lib/gcc/mips64-elf/13.2.0/../../../../mips64-elf/lib/libdragon.a(do_ctors.o)
                0x800158c0                __register_frame_info
 .text.__wrap___do_global_ctors
                0x800158e0       0xe0 /opt/libdragon/lib/gcc/mips64-elf/13.2.0/../../../../mips64-elf/lib/libdragon.a(do_ctors.o)
                0x800158e0                __wrap___do_global_ctors
 .text.__rdpq_interrupt
                0x800159c0       0xc0 /opt/libdragon/lib/gcc/mips64-elf/13.2.0/../../../../mips64-elf/lib/libdragon.a(rdpq.o)
 .text.rdpq_assert_handler
                0x80015a80       0xa0 /opt/libdragon/lib/gcc/mips64-elf/13.2.0/../../../../mips64-elf/lib/libdragon.a(rdpq.o)
 .text.rdpq_config_set
                0x80015b20       0x20 /opt/libdragon/lib/gcc/mips64-elf/13.2.0/../../../../mips64-elf/lib/libdragon.a(rdpq.o)
                0x80015b20                rdpq_config_set
 .text.rdpq_config_disable
                0x80015b40       0x20 /opt/libdragon/lib/gcc/mips64-elf/13.2.0/../../../../mips64-elf/lib/libdragon.a(rdpq.o)
                0x80015b40                rdpq_config_disable
 .text.__rdpq_block_next_buffer
                0x80015b60      0x1e0 /opt/libdragon/lib/gcc/mips64-elf/13.2.0/../../../../mips64-elf/lib/libdragon.a(rdpq.o)
                0x80015b60                __rdpq_block_next_buffer
 .text.rdpq_fence
                0x80015d40      0x120 /opt/libdragon/lib/gcc/mips64-elf/13.2.0/../../../../mips64-elf/lib/libdragon.a(rdpq.o)
                0x80015d40                rdpq_fence
 .text.__rdpq_block_run
                0x80015e60       0xa0 /opt/libdragon/lib/gcc/mips64-elf/13.2.0/../../../../mips64-elf/lib/libdragon.a(rdpq.o)
                0x80015e60                __rdpq_block_run
 .text.__rdpq_block_reserve
                0x80015f00      0x120 /opt/libdragon/lib/gcc/mips64-elf/13.2.0/../../../../mips64-elf/lib/libdragon.a(rdpq.o)
                0x80015f00                __rdpq_block_reserve
 .text.__rdpq_block_update
                0x80016020      0x120 /opt/libdragon/lib/gcc/mips64-elf/13.2.0/../../../../mips64-elf/lib/libdragon.a(rdpq.o)
                0x80016020                __rdpq_block_update
 .text.__rdpq_write8
                0x80016140       0xe0 /opt/libdragon/lib/gcc/mips64-elf/13.2.0/../../../../mips64-elf/lib/libdragon.a(rdpq.o)
                0x80016140                __rdpq_write8
 .text.__rdpq_autosync_change
                0x80016220      0x140 /opt/libdragon/lib/gcc/mips64-elf/13.2.0/../../../../mips64-elf/lib/libdragon.a(rdpq.o)
                0x80016220                __rdpq_autosync_change
 .text.__rdpq_write8_syncchange
                0x80016360       0x60 /opt/libdragon/lib/gcc/mips64-elf/13.2.0/../../../../mips64-elf/lib/libdragon.a(rdpq.o)
                0x80016360                __rdpq_write8_syncchange
 .text.__rdpq_fixup_write8_syncchange
                0x800163c0      0x100 /opt/libdragon/lib/gcc/mips64-elf/13.2.0/../../../../mips64-elf/lib/libdragon.a(rdpq.o)
                0x800163c0                __rdpq_fixup_write8_syncchange
 .text.__rdpq_set_scissor
                0x800164c0       0xe0 /opt/libdragon/lib/gcc/mips64-elf/13.2.0/../../../../mips64-elf/lib/libdragon.a(rdpq.o)
                0x800164c0                __rdpq_set_scissor
 .text.__rdpq_set_fill_color
                0x800165a0       0xe0 /opt/libdragon/lib/gcc/mips64-elf/13.2.0/../../../../mips64-elf/lib/libdragon.a(rdpq.o)
                0x800165a0                __rdpq_set_fill_color
 .text.__rdpq_set_color_image
                0x80016680      0x140 /opt/libdragon/lib/gcc/mips64-elf/13.2.0/../../../../mips64-elf/lib/libdragon.a(rdpq.o)
                0x80016680                __rdpq_set_color_image
 .text.rdpq_set_color_image
                0x800167c0      0x180 /opt/libdragon/lib/gcc/mips64-elf/13.2.0/../../../../mips64-elf/lib/libdragon.a(rdpq.o)
                0x800167c0                rdpq_set_color_image
 .text.rdpq_set_z_image
                0x80016940       0xc0 /opt/libdragon/lib/gcc/mips64-elf/13.2.0/../../../../mips64-elf/lib/libdragon.a(rdpq.o)
                0x80016940                rdpq_set_z_image
 .text.__rdpq_set_other_modes
                0x80016a00      0x100 /opt/libdragon/lib/gcc/mips64-elf/13.2.0/../../../../mips64-elf/lib/libdragon.a(rdpq.o)
                0x80016a00                __rdpq_set_other_modes
 .text.rdpq_init
                0x80016b00      0x180 /opt/libdragon/lib/gcc/mips64-elf/13.2.0/../../../../mips64-elf/lib/libdragon.a(rdpq.o)
                0x80016b00                rdpq_init
 .text.rdpq_sync_full
                0x80016c80      0x100 /opt/libdragon/lib/gcc/mips64-elf/13.2.0/../../../../mips64-elf/lib/libdragon.a(rdpq.o)
                0x80016c80                rdpq_sync_full
 .text.__rdpq_fill_rectangle
                0x80016d80      0x120 /opt/libdragon/lib/gcc/mips64-elf/13.2.0/../../../../mips64-elf/lib/libdragon.a(rdpq_rect.o)
                0x80016d80                __rdpq_fill_rectangle
 .text.__rdpq_fill_rectangle_offline
                0x80016ea0       0x80 /opt/libdragon/lib/gcc/mips64-elf/13.2.0/../../../../mips64-elf/lib/libdragon.a(rdpq_rect.o)
                0x80016ea0                __rdpq_fill_rectangle_offline
 .text.__rdpq_texture_rectangle
                0x80016f20      0x1a0 /opt/libdragon/lib/gcc/mips64-elf/13.2.0/../../../../mips64-elf/lib/libdragon.a(rdpq_rect.o)
                0x80016f20                __rdpq_texture_rectangle
 .text.__rdpq_texture_rectangle_scaled_offline
                0x800170c0      0x1e0 /opt/libdragon/lib/gcc/mips64-elf/13.2.0/../../../../mips64-elf/lib/libdragon.a(rdpq_rect.o)
                0x800170c0                __rdpq_texture_rectangle_scaled_offline
 .text.__rdpq_fixup_mode
                0x800172a0       0xc0 /opt/libdragon/lib/gcc/mips64-elf/13.2.0/../../../../mips64-elf/lib/libdragon.a(rdpq_mode.o)
                0x800172a0                __rdpq_fixup_mode
 .text.__rdpq_reset_render_mode
                0x80017360       0xe0 /opt/libdragon/lib/gcc/mips64-elf/13.2.0/../../../../mips64-elf/lib/libdragon.a(rdpq_mode.o)
                0x80017360                __rdpq_reset_render_mode
 .text.rdpq_mode_push
                0x80017440       0x40 /opt/libdragon/lib/gcc/mips64-elf/13.2.0/../../../../mips64-elf/lib/libdragon.a(rdpq_mode.o)
                0x80017440                rdpq_mode_push
 .text.rdpq_mode_pop
                0x80017480       0x20 /opt/libdragon/lib/gcc/mips64-elf/13.2.0/../../../../mips64-elf/lib/libdragon.a(rdpq_mode.o)
                0x80017480                rdpq_mode_pop
 .text.__rdpq_set_mode_fill
                0x800174a0       0x80 /opt/libdragon/lib/gcc/mips64-elf/13.2.0/../../../../mips64-elf/lib/libdragon.a(rdpq_mode.o)
                0x800174a0                __rdpq_set_mode_fill
 .text.attach   0x80017520      0x220 /opt/libdragon/lib/gcc/mips64-elf/13.2.0/../../../../mips64-elf/lib/libdragon.a(rdpq_attach.o)
 .text.rdpq_attach
                0x80017740       0x60 /opt/libdragon/lib/gcc/mips64-elf/13.2.0/../../../../mips64-elf/lib/libdragon.a(rdpq_attach.o)
                0x80017740                rdpq_attach
 .text.__rdpq_clear
                0x800177a0       0xc0 /opt/libdragon/lib/gcc/mips64-elf/13.2.0/../../../../mips64-elf/lib/libdragon.a(rdpq_attach.o)
                0x800177a0                __rdpq_clear
 .text.__rdpq_clear_z
                0x80017860      0x1e0 /opt/libdragon/lib/gcc/mips64-elf/13.2.0/../../../../mips64-elf/lib/libdragon.a(rdpq_attach.o)
                0x80017860                __rdpq_clear_z
 .text.rdpq_detach_show
                0x80017a40       0xe0 /opt/libdragon/lib/gcc/mips64-elf/13.2.0/../../../../mips64-elf/lib/libdragon.a(rdpq_attach.o)
                0x80017a40                rdpq_detach_show
 .text.rdpq_get_attached
                0x80017b20       0x40 /opt/libdragon/lib/gcc/mips64-elf/13.2.0/../../../../mips64-elf/lib/libdragon.a(rdpq_attach.o)
                0x80017b20                rdpq_get_attached
 .text.gl_context_begin
                0x80017b60      0x160 /opt/libdragon/lib/gcc/mips64-elf/13.2.0/../../../../mips64-elf/lib/libdragon.a(gl.o)
                0x80017b60                gl_context_begin
 .text.gl_context_end
                0x80017cc0       0xc0 /opt/libdragon/lib/gcc/mips64-elf/13.2.0/../../../../mips64-elf/lib/libdragon.a(gl.o)
                0x80017cc0                gl_context_end
 .text.gl_set_flag2
                0x80017d80      0x9a0 /opt/libdragon/lib/gcc/mips64-elf/13.2.0/../../../../mips64-elf/lib/libdragon.a(gl.o)
                0x80017d80                gl_set_flag2
 .text.glEnable
                0x80018720       0x80 /opt/libdragon/lib/gcc/mips64-elf/13.2.0/../../../../mips64-elf/lib/libdragon.a(gl.o)
                0x80018720                glEnable
 .text.gl_copy_fill_color
                0x800187a0       0xc0 /opt/libdragon/lib/gcc/mips64-elf/13.2.0/../../../../mips64-elf/lib/libdragon.a(gl.o)
                0x800187a0                gl_copy_fill_color
 .text.glClear  0x80018860      0x120 /opt/libdragon/lib/gcc/mips64-elf/13.2.0/../../../../mips64-elf/lib/libdragon.a(gl.o)
                0x80018860                glClear
 .text.glClearColor
                0x80018980      0x220 /opt/libdragon/lib/gcc/mips64-elf/13.2.0/../../../../mips64-elf/lib/libdragon.a(gl.o)
                0x80018980                glClearColor
 .text.glClearDepth
                0x80018ba0      0x120 /opt/libdragon/lib/gcc/mips64-elf/13.2.0/../../../../mips64-elf/lib/libdragon.a(gl.o)
                0x80018ba0                glClearDepth
 .text.gl_init  0x80018cc0      0x3e0 /opt/libdragon/lib/gcc/mips64-elf/13.2.0/../../../../mips64-elf/lib/libdragon.a(gl.o)
                0x80018cc0                gl_init
 .text.gl_lighting_init
                0x800190a0      0x120 /opt/libdragon/lib/gcc/mips64-elf/13.2.0/../../../../mips64-elf/lib/libdragon.a(lighting.o)
                0x800190a0                gl_lighting_init
 .text.gl_normalize
                0x800191c0       0x60 /opt/libdragon/lib/gcc/mips64-elf/13.2.0/../../../../mips64-elf/lib/libdragon.a(lighting.o)
                0x800191c0                gl_normalize
 .text.gl_homogeneous_unit_diff
                0x80019220      0x180 /opt/libdragon/lib/gcc/mips64-elf/13.2.0/../../../../mips64-elf/lib/libdragon.a(lighting.o)
                0x80019220                gl_homogeneous_unit_diff
 .text.dot_product3
                0x800193a0       0x40 /opt/libdragon/lib/gcc/mips64-elf/13.2.0/../../../../mips64-elf/lib/libdragon.a(lighting.o)
                0x800193a0                dot_product3
 .text.gl_perform_lighting
                0x800193e0      0x540 /opt/libdragon/lib/gcc/mips64-elf/13.2.0/../../../../mips64-elf/lib/libdragon.a(lighting.o)
                0x800193e0                gl_perform_lighting
 .text.gl_matrix_load
                0x80019920      0x120 /opt/libdragon/lib/gcc/mips64-elf/13.2.0/../../../../mips64-elf/lib/libdragon.a(matrix.o)
 .text.gl_matrix_stack_get_matrix
                0x80019a40       0x20 /opt/libdragon/lib/gcc/mips64-elf/13.2.0/../../../../mips64-elf/lib/libdragon.a(matrix.o)
                0x80019a40                gl_matrix_stack_get_matrix
 .text.gl_matrix_mult
                0x80019a60      0x120 /opt/libdragon/lib/gcc/mips64-elf/13.2.0/../../../../mips64-elf/lib/libdragon.a(matrix.o)
                0x80019a60                gl_matrix_mult
 .text.gl_matrix_mult3x3
                0x80019b80       0xa0 /opt/libdragon/lib/gcc/mips64-elf/13.2.0/../../../../mips64-elf/lib/libdragon.a(matrix.o)
                0x80019b80                gl_matrix_mult3x3
 .text.gl_update_matrix_targets
                0x80019c20      0x140 /opt/libdragon/lib/gcc/mips64-elf/13.2.0/../../../../mips64-elf/lib/libdragon.a(matrix.o)
                0x80019c20                gl_update_matrix_targets
 .text.gl_update_current_matrix_stack
                0x80019d60      0x140 /opt/libdragon/lib/gcc/mips64-elf/13.2.0/../../../../mips64-elf/lib/libdragon.a(matrix.o)
                0x80019d60                gl_update_current_matrix_stack
 .text.glMatrixMode
                0x80019ea0      0x120 /opt/libdragon/lib/gcc/mips64-elf/13.2.0/../../../../mips64-elf/lib/libdragon.a(matrix.o)
                0x80019ea0                glMatrixMode
 .text.glCurrentPaletteMatrixARB
                0x80019fc0      0x120 /opt/libdragon/lib/gcc/mips64-elf/13.2.0/../../../../mips64-elf/lib/libdragon.a(matrix.o)
                0x80019fc0                glCurrentPaletteMatrixARB
 .text.glMultMatrixf
                0x8001a0e0      0x180 /opt/libdragon/lib/gcc/mips64-elf/13.2.0/../../../../mips64-elf/lib/libdragon.a(matrix.o)
                0x8001a0e0                glMultMatrixf
 .text.glLoadIdentity
                0x8001a260      0x160 /opt/libdragon/lib/gcc/mips64-elf/13.2.0/../../../../mips64-elf/lib/libdragon.a(matrix.o)
                0x8001a260                glLoadIdentity
 .text.gl_matrix_init
                0x8001a3c0      0x140 /opt/libdragon/lib/gcc/mips64-elf/13.2.0/../../../../mips64-elf/lib/libdragon.a(matrix.o)
                0x8001a3c0                gl_matrix_init
 .text.glOrtho  0x8001a500      0x120 /opt/libdragon/lib/gcc/mips64-elf/13.2.0/../../../../mips64-elf/lib/libdragon.a(matrix.o)
                0x8001a500                glOrtho
 .text.gl_points
                0x8001a620       0x20 /opt/libdragon/lib/gcc/mips64-elf/13.2.0/../../../../mips64-elf/lib/libdragon.a(primitive.o)
                0x8001a620                gl_points
 .text.gl_line_strip
                0x8001a640       0x20 /opt/libdragon/lib/gcc/mips64-elf/13.2.0/../../../../mips64-elf/lib/libdragon.a(primitive.o)
                0x8001a640                gl_line_strip
 .text.gl_triangle_strip
                0x8001a660       0x40 /opt/libdragon/lib/gcc/mips64-elf/13.2.0/../../../../mips64-elf/lib/libdragon.a(primitive.o)
                0x8001a660                gl_triangle_strip
 .text.gl_triangle_fan
                0x8001a6a0       0x20 /opt/libdragon/lib/gcc/mips64-elf/13.2.0/../../../../mips64-elf/lib/libdragon.a(primitive.o)
                0x8001a6a0                gl_triangle_fan
 .text.gl_quads
                0x8001a6c0       0x40 /opt/libdragon/lib/gcc/mips64-elf/13.2.0/../../../../mips64-elf/lib/libdragon.a(primitive.o)
                0x8001a6c0                gl_quads
 .text.read_index_8
                0x8001a700       0x20 /opt/libdragon/lib/gcc/mips64-elf/13.2.0/../../../../mips64-elf/lib/libdragon.a(primitive.o)
                0x8001a700                read_index_8
 .text.read_index_16
                0x8001a720       0x20 /opt/libdragon/lib/gcc/mips64-elf/13.2.0/../../../../mips64-elf/lib/libdragon.a(primitive.o)
                0x8001a720                read_index_16
 .text.read_index_32
                0x8001a740       0x20 /opt/libdragon/lib/gcc/mips64-elf/13.2.0/../../../../mips64-elf/lib/libdragon.a(primitive.o)
                0x8001a740                read_index_32
 .text.gl_triangles
                0x8001a760       0x20 /opt/libdragon/lib/gcc/mips64-elf/13.2.0/../../../../mips64-elf/lib/libdragon.a(primitive.o)
                0x8001a760                gl_triangles
 .text.gl_lines
                0x8001a780       0x20 /opt/libdragon/lib/gcc/mips64-elf/13.2.0/../../../../mips64-elf/lib/libdragon.a(primitive.o)
                0x8001a780                gl_lines
 .text.gl_can_use_rsp_pipeline
                0x8001a7a0      0x200 /opt/libdragon/lib/gcc/mips64-elf/13.2.0/../../../../mips64-elf/lib/libdragon.a(primitive.o)
                0x8001a7a0                gl_can_use_rsp_pipeline
 .text.set_can_use_rsp_dirty
                0x8001a9a0       0x20 /opt/libdragon/lib/gcc/mips64-elf/13.2.0/../../../../mips64-elf/lib/libdragon.a(primitive.o)
                0x8001a9a0                set_can_use_rsp_dirty
 .text.gl_init_prim_assembly
                0x8001a9c0      0x180 /opt/libdragon/lib/gcc/mips64-elf/13.2.0/../../../../mips64-elf/lib/libdragon.a(primitive.o)
                0x8001a9c0                gl_init_prim_assembly
 .text.gl_begin
                0x8001ab40      0x1c0 /opt/libdragon/lib/gcc/mips64-elf/13.2.0/../../../../mips64-elf/lib/libdragon.a(primitive.o)
                0x8001ab40                gl_begin
 .text.gl_check_vertex_cache
                0x8001ad00       0xe0 /opt/libdragon/lib/gcc/mips64-elf/13.2.0/../../../../mips64-elf/lib/libdragon.a(primitive.o)
                0x8001ad00                gl_check_vertex_cache
 .text.gl_get_cache_index
                0x8001ade0       0x40 /opt/libdragon/lib/gcc/mips64-elf/13.2.0/../../../../mips64-elf/lib/libdragon.a(primitive.o)
                0x8001ade0                gl_get_cache_index
 .text.gl_load_attribs
                0x8001ae20      0x140 /opt/libdragon/lib/gcc/mips64-elf/13.2.0/../../../../mips64-elf/lib/libdragon.a(primitive.o)
                0x8001ae20                gl_load_attribs
 .text.gl_fill_attrib_defaults
                0x8001af60       0xa0 /opt/libdragon/lib/gcc/mips64-elf/13.2.0/../../../../mips64-elf/lib/libdragon.a(primitive.o)
                0x8001af60                gl_fill_attrib_defaults
 .text.gl_fill_all_attrib_defaults
                0x8001b000       0xe0 /opt/libdragon/lib/gcc/mips64-elf/13.2.0/../../../../mips64-elf/lib/libdragon.a(primitive.o)
                0x8001b000                gl_fill_all_attrib_defaults
 .text.gl_prim_assembly
                0x8001b0e0       0xc0 /opt/libdragon/lib/gcc/mips64-elf/13.2.0/../../../../mips64-elf/lib/libdragon.a(primitive.o)
                0x8001b0e0                gl_prim_assembly
 .text.glDrawElements
                0x8001b1a0      0x1c0 /opt/libdragon/lib/gcc/mips64-elf/13.2.0/../../../../mips64-elf/lib/libdragon.a(primitive.o)
                0x8001b1a0                glDrawElements
 .text.glPolygonMode
                0x8001b360      0x1a0 /opt/libdragon/lib/gcc/mips64-elf/13.2.0/../../../../mips64-elf/lib/libdragon.a(primitive.o)
                0x8001b360                glPolygonMode
 .text.gl_primitive_init
                0x8001b500       0xc0 /opt/libdragon/lib/gcc/mips64-elf/13.2.0/../../../../mips64-elf/lib/libdragon.a(primitive.o)
                0x8001b500                gl_primitive_init
 .text.glDepthRange
                0x8001b5c0      0x1a0 /opt/libdragon/lib/gcc/mips64-elf/13.2.0/../../../../mips64-elf/lib/libdragon.a(primitive.o)
                0x8001b5c0                glDepthRange
 .text.glViewport
                0x8001b760      0x3a0 /opt/libdragon/lib/gcc/mips64-elf/13.2.0/../../../../mips64-elf/lib/libdragon.a(primitive.o)
                0x8001b760                glViewport
 .text.glCullFace
                0x8001bb00      0x120 /opt/libdragon/lib/gcc/mips64-elf/13.2.0/../../../../mips64-elf/lib/libdragon.a(primitive.o)
                0x8001bb00                glCullFace
 .text.glFrontFace
                0x8001bc20      0x100 /opt/libdragon/lib/gcc/mips64-elf/13.2.0/../../../../mips64-elf/lib/libdragon.a(primitive.o)
                0x8001bc20                glFrontFace
 .text.glDepthMask.part.0
                0x8001bd20       0x60 /opt/libdragon/lib/gcc/mips64-elf/13.2.0/../../../../mips64-elf/lib/libdragon.a(rendermode.o)
 .text.gl_update_fog
                0x8001bd80       0xe0 /opt/libdragon/lib/gcc/mips64-elf/13.2.0/../../../../mips64-elf/lib/libdragon.a(rendermode.o)
                0x8001bd80                gl_update_fog
 .text.glFogf   0x8001be60      0x140 /opt/libdragon/lib/gcc/mips64-elf/13.2.0/../../../../mips64-elf/lib/libdragon.a(rendermode.o)
                0x8001be60                glFogf
 .text.glFogfv  0x8001bfa0      0x260 /opt/libdragon/lib/gcc/mips64-elf/13.2.0/../../../../mips64-elf/lib/libdragon.a(rendermode.o)
                0x8001bfa0                glFogfv
 .text.glScissor
                0x8001c200      0x180 /opt/libdragon/lib/gcc/mips64-elf/13.2.0/../../../../mips64-elf/lib/libdragon.a(rendermode.o)
                0x8001c200                glScissor
 .text.glBlendFunc
                0x8001c380      0x260 /opt/libdragon/lib/gcc/mips64-elf/13.2.0/../../../../mips64-elf/lib/libdragon.a(rendermode.o)
                0x8001c380                glBlendFunc
 .text.glDepthFunc
                0x8001c5e0      0x160 /opt/libdragon/lib/gcc/mips64-elf/13.2.0/../../../../mips64-elf/lib/libdragon.a(rendermode.o)
                0x8001c5e0                glDepthFunc
 .text.glAlphaFunc
                0x8001c740      0x240 /opt/libdragon/lib/gcc/mips64-elf/13.2.0/../../../../mips64-elf/lib/libdragon.a(rendermode.o)
                0x8001c740                glAlphaFunc
 .text.glTexEnvi
                0x8001c980      0x1e0 /opt/libdragon/lib/gcc/mips64-elf/13.2.0/../../../../mips64-elf/lib/libdragon.a(rendermode.o)
                0x8001c980                glTexEnvi
 .text.gl_rendermode_init
                0x8001cb60       0xe0 /opt/libdragon/lib/gcc/mips64-elf/13.2.0/../../../../mips64-elf/lib/libdragon.a(rendermode.o)
                0x8001cb60                gl_rendermode_init
 .text.gl_init_texture_object
                0x8001cc40       0xe0 /opt/libdragon/lib/gcc/mips64-elf/13.2.0/../../../../mips64-elf/lib/libdragon.a(texture.o)
                0x8001cc40                gl_init_texture_object
 .text.gl_texture_init
                0x8001cd20       0x80 /opt/libdragon/lib/gcc/mips64-elf/13.2.0/../../../../mips64-elf/lib/libdragon.a(texture.o)
                0x8001cd20                gl_texture_init
 .text.gl_get_active_texture
                0x8001cda0       0x40 /opt/libdragon/lib/gcc/mips64-elf/13.2.0/../../../../mips64-elf/lib/libdragon.a(texture.o)
                0x8001cda0                gl_get_active_texture
 .text.gl_update_array
                0x8001cde0      0x200 /opt/libdragon/lib/gcc/mips64-elf/13.2.0/../../../../mips64-elf/lib/libdragon.a(array.o)
                0x8001cde0                gl_update_array
 .text.gl_update_array_pointers
                0x8001cfe0       0x40 /opt/libdragon/lib/gcc/mips64-elf/13.2.0/../../../../mips64-elf/lib/libdragon.a(array.o)
                0x8001cfe0                gl_update_array_pointers
 .text.gl_array_init
                0x8001d020       0xc0 /opt/libdragon/lib/gcc/mips64-elf/13.2.0/../../../../mips64-elf/lib/libdragon.a(array.o)
                0x8001d020                gl_array_init
 .text.glVertexPointer
                0x8001d0e0      0x1c0 /opt/libdragon/lib/gcc/mips64-elf/13.2.0/../../../../mips64-elf/lib/libdragon.a(array.o)
                0x8001d0e0                glVertexPointer
 .text.glTexCoordPointer
                0x8001d2a0      0x1c0 /opt/libdragon/lib/gcc/mips64-elf/13.2.0/../../../../mips64-elf/lib/libdragon.a(array.o)
                0x8001d2a0                glTexCoordPointer
 .text.glColorPointer
                0x8001d460      0x1c0 /opt/libdragon/lib/gcc/mips64-elf/13.2.0/../../../../mips64-elf/lib/libdragon.a(array.o)
                0x8001d460                glColorPointer
 .text.glEnableClientState
                0x8001d620      0x160 /opt/libdragon/lib/gcc/mips64-elf/13.2.0/../../../../mips64-elf/lib/libdragon.a(array.o)
                0x8001d620                glEnableClientState
 .text.glDisableClientState
                0x8001d780      0x160 /opt/libdragon/lib/gcc/mips64-elf/13.2.0/../../../../mips64-elf/lib/libdragon.a(array.o)
                0x8001d780                glDisableClientState
 .text.gl_calc_transfer_is_noop
                0x8001d8e0       0x80 /opt/libdragon/lib/gcc/mips64-elf/13.2.0/../../../../mips64-elf/lib/libdragon.a(pixelrect.o)
                0x8001d8e0                gl_calc_transfer_is_noop
 .text.gl_pixel_init
                0x8001d960       0x60 /opt/libdragon/lib/gcc/mips64-elf/13.2.0/../../../../mips64-elf/lib/libdragon.a(pixelrect.o)
                0x8001d960                gl_pixel_init
 .text.gl_list_init
                0x8001d9c0       0x40 /opt/libdragon/lib/gcc/mips64-elf/13.2.0/../../../../mips64-elf/lib/libdragon.a(list.o)
                0x8001d9c0                gl_list_init
 .text.read_i8  0x8001da00       0x40 /opt/libdragon/lib/gcc/mips64-elf/13.2.0/../../../../mips64-elf/lib/libdragon.a(cpu_pipeline.o)
 .text.read_i16
                0x8001da40       0x60 /opt/libdragon/lib/gcc/mips64-elf/13.2.0/../../../../mips64-elf/lib/libdragon.a(cpu_pipeline.o)
 .text.read_i32
                0x8001daa0       0x40 /opt/libdragon/lib/gcc/mips64-elf/13.2.0/../../../../mips64-elf/lib/libdragon.a(cpu_pipeline.o)
 .text.read_u8n
                0x8001dae0       0x40 /opt/libdragon/lib/gcc/mips64-elf/13.2.0/../../../../mips64-elf/lib/libdragon.a(cpu_pipeline.o)
 .text.read_i8n
                0x8001db20       0x60 /opt/libdragon/lib/gcc/mips64-elf/13.2.0/../../../../mips64-elf/lib/libdragon.a(cpu_pipeline.o)
 .text.read_u16n
                0x8001db80       0x60 /opt/libdragon/lib/gcc/mips64-elf/13.2.0/../../../../mips64-elf/lib/libdragon.a(cpu_pipeline.o)
 .text.read_i16n
                0x8001dbe0       0x80 /opt/libdragon/lib/gcc/mips64-elf/13.2.0/../../../../mips64-elf/lib/libdragon.a(cpu_pipeline.o)
 .text.read_u32n
                0x8001dc60       0x60 /opt/libdragon/lib/gcc/mips64-elf/13.2.0/../../../../mips64-elf/lib/libdragon.a(cpu_pipeline.o)
 .text.read_i32n
                0x8001dcc0       0x60 /opt/libdragon/lib/gcc/mips64-elf/13.2.0/../../../../mips64-elf/lib/libdragon.a(cpu_pipeline.o)
 .text.read_f32
                0x8001dd20       0x40 /opt/libdragon/lib/gcc/mips64-elf/13.2.0/../../../../mips64-elf/lib/libdragon.a(cpu_pipeline.o)
 .text.read_f64
                0x8001dd60       0x40 /opt/libdragon/lib/gcc/mips64-elf/13.2.0/../../../../mips64-elf/lib/libdragon.a(cpu_pipeline.o)
 .text.read_x16_vtx
                0x8001dda0       0x60 /opt/libdragon/lib/gcc/mips64-elf/13.2.0/../../../../mips64-elf/lib/libdragon.a(cpu_pipeline.o)
 .text.read_x16_tex
                0x8001de00       0x60 /opt/libdragon/lib/gcc/mips64-elf/13.2.0/../../../../mips64-elf/lib/libdragon.a(cpu_pipeline.o)
 .text.read_u8_i
                0x8001de60       0x40 /opt/libdragon/lib/gcc/mips64-elf/13.2.0/../../../../mips64-elf/lib/libdragon.a(cpu_pipeline.o)
 .text.read_u16_i
                0x8001dea0       0x40 /opt/libdragon/lib/gcc/mips64-elf/13.2.0/../../../../mips64-elf/lib/libdragon.a(cpu_pipeline.o)
 .text.read_u32_i
                0x8001dee0       0x40 /opt/libdragon/lib/gcc/mips64-elf/13.2.0/../../../../mips64-elf/lib/libdragon.a(cpu_pipeline.o)
 .text.gl_vertex_calc_screenspace
                0x8001df20       0xa0 /opt/libdragon/lib/gcc/mips64-elf/13.2.0/../../../../mips64-elf/lib/libdragon.a(cpu_pipeline.o)
 .text.gl_draw_line
                0x8001dfc0      0x280 /opt/libdragon/lib/gcc/mips64-elf/13.2.0/../../../../mips64-elf/lib/libdragon.a(cpu_pipeline.o)
 .text.gl_cpu_begin
                0x8001e240      0x100 /opt/libdragon/lib/gcc/mips64-elf/13.2.0/../../../../mips64-elf/lib/libdragon.a(cpu_pipeline.o)
 .text.gl_draw_point
                0x8001e340      0x3e0 /opt/libdragon/lib/gcc/mips64-elf/13.2.0/../../../../mips64-elf/lib/libdragon.a(cpu_pipeline.o)
 .text.gl_cull_triangle
                0x8001e720      0x200 /opt/libdragon/lib/gcc/mips64-elf/13.2.0/../../../../mips64-elf/lib/libdragon.a(cpu_pipeline.o)
 .text.gl_vertex_pre_tr
                0x8001e920      0x1c0 /opt/libdragon/lib/gcc/mips64-elf/13.2.0/../../../../mips64-elf/lib/libdragon.a(cpu_pipeline.o)
 .text.gl_intersect_line_plane
                0x8001eae0      0x260 /opt/libdragon/lib/gcc/mips64-elf/13.2.0/../../../../mips64-elf/lib/libdragon.a(cpu_pipeline.o)
 .text.gl_clip_triangle
                0x8001ed40      0x3e0 /opt/libdragon/lib/gcc/mips64-elf/13.2.0/../../../../mips64-elf/lib/libdragon.a(cpu_pipeline.o)
 .text.gl_draw_primitive
                0x8001f120      0x8a0 /opt/libdragon/lib/gcc/mips64-elf/13.2.0/../../../../mips64-elf/lib/libdragon.a(cpu_pipeline.o)
 .text.gl_cpu_end
                0x8001f9c0      0x320 /opt/libdragon/lib/gcc/mips64-elf/13.2.0/../../../../mips64-elf/lib/libdragon.a(cpu_pipeline.o)
 .text.draw_vertex_from_arrays
                0x8001fce0       0xa0 /opt/libdragon/lib/gcc/mips64-elf/13.2.0/../../../../mips64-elf/lib/libdragon.a(cpu_pipeline.o)
 .text.gl_cpu_draw_elements
                0x8001fd80       0xe0 /opt/libdragon/lib/gcc/mips64-elf/13.2.0/../../../../mips64-elf/lib/libdragon.a(cpu_pipeline.o)
 .text.gl_cpu_draw_arrays
                0x8001fe60       0xa0 /opt/libdragon/lib/gcc/mips64-elf/13.2.0/../../../../mips64-elf/lib/libdragon.a(cpu_pipeline.o)
 .text.gl_cpu_array_element
                0x8001ff00       0x60 /opt/libdragon/lib/gcc/mips64-elf/13.2.0/../../../../mips64-elf/lib/libdragon.a(cpu_pipeline.o)
 .text.gl_cpu_mtx_index
                0x8001ff60       0x60 /opt/libdragon/lib/gcc/mips64-elf/13.2.0/../../../../mips64-elf/lib/libdragon.a(cpu_pipeline.o)
 .text.gl_cpu_color
                0x8001ffc0       0xe0 /opt/libdragon/lib/gcc/mips64-elf/13.2.0/../../../../mips64-elf/lib/libdragon.a(cpu_pipeline.o)
 .text.gl_cpu_normal
                0x800200a0       0xe0 /opt/libdragon/lib/gcc/mips64-elf/13.2.0/../../../../mips64-elf/lib/libdragon.a(cpu_pipeline.o)
 .text.gl_cpu_tex_coord
                0x80020180      0x120 /opt/libdragon/lib/gcc/mips64-elf/13.2.0/../../../../mips64-elf/lib/libdragon.a(cpu_pipeline.o)
 .text.gl_read_attrib
                0x800202a0      0x180 /opt/libdragon/lib/gcc/mips64-elf/13.2.0/../../../../mips64-elf/lib/libdragon.a(cpu_pipeline.o)
                0x800202a0                gl_read_attrib
 .text.gl_cpu_vertex
                0x80020420       0xe0 /opt/libdragon/lib/gcc/mips64-elf/13.2.0/../../../../mips64-elf/lib/libdragon.a(cpu_pipeline.o)
 .text.gl_update_vertex_cmd_size
                0x80020500       0xe0 /opt/libdragon/lib/gcc/mips64-elf/13.2.0/../../../../mips64-elf/lib/libdragon.a(rsp_pipeline.o)
 .text.gl_rsp_begin
                0x800205e0       0x80 /opt/libdragon/lib/gcc/mips64-elf/13.2.0/../../../../mips64-elf/lib/libdragon.a(rsp_pipeline.o)
 .text.load_last_attributes
                0x80020660      0x480 /opt/libdragon/lib/gcc/mips64-elf/13.2.0/../../../../mips64-elf/lib/libdragon.a(rsp_pipeline.o)
 .text.mtx_index_read_u8
                0x80020ae0       0xa0 /opt/libdragon/lib/gcc/mips64-elf/13.2.0/../../../../mips64-elf/lib/libdragon.a(rsp_pipeline.o)
 .text.nrm_read_i8
                0x80020b80       0xa0 /opt/libdragon/lib/gcc/mips64-elf/13.2.0/../../../../mips64-elf/lib/libdragon.a(rsp_pipeline.o)
 .text.mtx_index_read_u16
                0x80020c20       0xa0 /opt/libdragon/lib/gcc/mips64-elf/13.2.0/../../../../mips64-elf/lib/libdragon.a(rsp_pipeline.o)
 .text.mtx_index_read_u32
                0x80020cc0       0xa0 /opt/libdragon/lib/gcc/mips64-elf/13.2.0/../../../../mips64-elf/lib/libdragon.a(rsp_pipeline.o)
 .text.nrm_read_i32
                0x80020d60       0xa0 /opt/libdragon/lib/gcc/mips64-elf/13.2.0/../../../../mips64-elf/lib/libdragon.a(rsp_pipeline.o)
 .text.nrm_read_i16
                0x80020e00       0xa0 /opt/libdragon/lib/gcc/mips64-elf/13.2.0/../../../../mips64-elf/lib/libdragon.a(rsp_pipeline.o)
 .text.nrm_read_f64
                0x80020ea0      0x100 /opt/libdragon/lib/gcc/mips64-elf/13.2.0/../../../../mips64-elf/lib/libdragon.a(rsp_pipeline.o)
 .text.nrm_read_f32
                0x80020fa0      0x100 /opt/libdragon/lib/gcc/mips64-elf/13.2.0/../../../../mips64-elf/lib/libdragon.a(rsp_pipeline.o)
 .text.col_read_i8
                0x800210a0       0xa0 /opt/libdragon/lib/gcc/mips64-elf/13.2.0/../../../../mips64-elf/lib/libdragon.a(rsp_pipeline.o)
 .text.tex_read_i8
                0x80021140       0xa0 /opt/libdragon/lib/gcc/mips64-elf/13.2.0/../../../../mips64-elf/lib/libdragon.a(rsp_pipeline.o)
 .text.col_read_u8
                0x800211e0       0xc0 /opt/libdragon/lib/gcc/mips64-elf/13.2.0/../../../../mips64-elf/lib/libdragon.a(rsp_pipeline.o)
 .text.col_read_i16
                0x800212a0       0xc0 /opt/libdragon/lib/gcc/mips64-elf/13.2.0/../../../../mips64-elf/lib/libdragon.a(rsp_pipeline.o)
 .text.vtx_read_i8
                0x80021360       0xc0 /opt/libdragon/lib/gcc/mips64-elf/13.2.0/../../../../mips64-elf/lib/libdragon.a(rsp_pipeline.o)
 .text.col_read_u16
                0x80021420       0xc0 /opt/libdragon/lib/gcc/mips64-elf/13.2.0/../../../../mips64-elf/lib/libdragon.a(rsp_pipeline.o)
 .text.vtx_read_i16
                0x800214e0       0xc0 /opt/libdragon/lib/gcc/mips64-elf/13.2.0/../../../../mips64-elf/lib/libdragon.a(rsp_pipeline.o)
 .text.tex_read_i32
                0x800215a0       0xa0 /opt/libdragon/lib/gcc/mips64-elf/13.2.0/../../../../mips64-elf/lib/libdragon.a(rsp_pipeline.o)
 .text.vtx_read_i32
                0x80021640       0xc0 /opt/libdragon/lib/gcc/mips64-elf/13.2.0/../../../../mips64-elf/lib/libdragon.a(rsp_pipeline.o)
 .text.col_read_u32
                0x80021700       0xc0 /opt/libdragon/lib/gcc/mips64-elf/13.2.0/../../../../mips64-elf/lib/libdragon.a(rsp_pipeline.o)
 .text.col_read_i32
                0x800217c0       0xc0 /opt/libdragon/lib/gcc/mips64-elf/13.2.0/../../../../mips64-elf/lib/libdragon.a(rsp_pipeline.o)
 .text.tex_read_i16
                0x80021880       0xa0 /opt/libdragon/lib/gcc/mips64-elf/13.2.0/../../../../mips64-elf/lib/libdragon.a(rsp_pipeline.o)
 .text.tex_read_f64
                0x80021920      0x120 /opt/libdragon/lib/gcc/mips64-elf/13.2.0/../../../../mips64-elf/lib/libdragon.a(rsp_pipeline.o)
 .text.vtx_read_f64
                0x80021a40      0x120 /opt/libdragon/lib/gcc/mips64-elf/13.2.0/../../../../mips64-elf/lib/libdragon.a(rsp_pipeline.o)
 .text.vtx_read_f32
                0x80021b60      0x120 /opt/libdragon/lib/gcc/mips64-elf/13.2.0/../../../../mips64-elf/lib/libdragon.a(rsp_pipeline.o)
 .text.tex_read_f32
                0x80021c80      0x120 /opt/libdragon/lib/gcc/mips64-elf/13.2.0/../../../../mips64-elf/lib/libdragon.a(rsp_pipeline.o)
 .text.col_read_f32
                0x80021da0      0x160 /opt/libdragon/lib/gcc/mips64-elf/13.2.0/../../../../mips64-elf/lib/libdragon.a(rsp_pipeline.o)
 .text.col_read_f64
                0x80021f00      0x160 /opt/libdragon/lib/gcc/mips64-elf/13.2.0/../../../../mips64-elf/lib/libdragon.a(rsp_pipeline.o)
 .text.read_fixed_point
                0x80022060      0x1e0 /opt/libdragon/lib/gcc/mips64-elf/13.2.0/../../../../mips64-elf/lib/libdragon.a(rsp_pipeline.o)
 .text.tex_read_x16
                0x80022240       0x20 /opt/libdragon/lib/gcc/mips64-elf/13.2.0/../../../../mips64-elf/lib/libdragon.a(rsp_pipeline.o)
 .text.vtx_read_x16
                0x80022260       0x20 /opt/libdragon/lib/gcc/mips64-elf/13.2.0/../../../../mips64-elf/lib/libdragon.a(rsp_pipeline.o)
 .text.glp_set_attrib
                0x80022280      0x2e0 /opt/libdragon/lib/gcc/mips64-elf/13.2.0/../../../../mips64-elf/lib/libdragon.a(rsp_pipeline.o)
 .text.gl_rsp_normal
                0x80022560       0x60 /opt/libdragon/lib/gcc/mips64-elf/13.2.0/../../../../mips64-elf/lib/libdragon.a(rsp_pipeline.o)
 .text.gl_rsp_mtx_index
                0x800225c0       0x60 /opt/libdragon/lib/gcc/mips64-elf/13.2.0/../../../../mips64-elf/lib/libdragon.a(rsp_pipeline.o)
 .text.gl_rsp_color
                0x80022620       0x60 /opt/libdragon/lib/gcc/mips64-elf/13.2.0/../../../../mips64-elf/lib/libdragon.a(rsp_pipeline.o)
 .text.gl_rsp_tex_coord
                0x80022680       0x60 /opt/libdragon/lib/gcc/mips64-elf/13.2.0/../../../../mips64-elf/lib/libdragon.a(rsp_pipeline.o)
 .text.gl_asm_vtx_loader
                0x800226e0      0x340 /opt/libdragon/lib/gcc/mips64-elf/13.2.0/../../../../mips64-elf/lib/libdragon.a(rsp_pipeline.o)
 .text.gl_rsp_vertex
                0x80022a20      0x400 /opt/libdragon/lib/gcc/mips64-elf/13.2.0/../../../../mips64-elf/lib/libdragon.a(rsp_pipeline.o)
 .text.gl_rsp_end
                0x80022e20      0x420 /opt/libdragon/lib/gcc/mips64-elf/13.2.0/../../../../mips64-elf/lib/libdragon.a(rsp_pipeline.o)
 .text.draw_vertex_from_arrays
                0x80023240      0x240 /opt/libdragon/lib/gcc/mips64-elf/13.2.0/../../../../mips64-elf/lib/libdragon.a(rsp_pipeline.o)
 .text.gl_rsp_array_element
                0x80023480       0x80 /opt/libdragon/lib/gcc/mips64-elf/13.2.0/../../../../mips64-elf/lib/libdragon.a(rsp_pipeline.o)
 .text.gl_rsp_draw_elements
                0x80023500      0x100 /opt/libdragon/lib/gcc/mips64-elf/13.2.0/../../../../mips64-elf/lib/libdragon.a(rsp_pipeline.o)
 .text.gl_rsp_draw_arrays
                0x80023600       0xe0 /opt/libdragon/lib/gcc/mips64-elf/13.2.0/../../../../mips64-elf/lib/libdragon.a(rsp_pipeline.o)
 .text.sys_bbplayer
                0x800236e0       0x20 /opt/libdragon/lib/gcc/mips64-elf/13.2.0/../../../../mips64-elf/lib/libdragon.a(n64sys.o)
                0x800236e0                sys_bbplayer
 .text.data_cache_hit_writeback
                0x80023700       0x60 /opt/libdragon/lib/gcc/mips64-elf/13.2.0/../../../../mips64-elf/lib/libdragon.a(n64sys.o)
                0x80023700                data_cache_hit_writeback
 .text.__data_cache_hit_invalidate
                0x80023760       0x60 /opt/libdragon/lib/gcc/mips64-elf/13.2.0/../../../../mips64-elf/lib/libdragon.a(n64sys.o)
                0x80023760                __data_cache_hit_invalidate
 .text.data_cache_hit_writeback_invalidate
                0x800237c0       0x60 /opt/libdragon/lib/gcc/mips64-elf/13.2.0/../../../../mips64-elf/lib/libdragon.a(n64sys.o)
                0x800237c0                data_cache_hit_writeback_invalidate
 .text.inst_cache_hit_invalidate
                0x80023820       0x60 /opt/libdragon/lib/gcc/mips64-elf/13.2.0/../../../../mips64-elf/lib/libdragon.a(n64sys.o)
                0x80023820                inst_cache_hit_invalidate
 .text.malloc_uncached_aligned
                0x80023880       0xc0 /opt/libdragon/lib/gcc/mips64-elf/13.2.0/../../../../mips64-elf/lib/libdragon.a(n64sys.o)
                0x80023880                malloc_uncached_aligned
 .text.malloc_uncached
                0x80023940       0x20 /opt/libdragon/lib/gcc/mips64-elf/13.2.0/../../../../mips64-elf/lib/libdragon.a(n64sys.o)
                0x80023940                malloc_uncached
 .text.free_uncached
                0x80023960       0x20 /opt/libdragon/lib/gcc/mips64-elf/13.2.0/../../../../mips64-elf/lib/libdragon.a(n64sys.o)
                0x80023960                free_uncached
 .text.get_memory_size
                0x80023980       0x60 /opt/libdragon/lib/gcc/mips64-elf/13.2.0/../../../../mips64-elf/lib/libdragon.a(n64sys.o)
                0x80023980                get_memory_size
 .text.get_tv_type
                0x800239e0       0x20 /opt/libdragon/lib/gcc/mips64-elf/13.2.0/../../../../mips64-elf/lib/libdragon.a(n64sys.o)
                0x800239e0                get_tv_type
 .text.get_ticks
                0x80023a00       0x40 /opt/libdragon/lib/gcc/mips64-elf/13.2.0/../../../../mips64-elf/lib/libdragon.a(n64sys.o)
                0x80023a00                get_ticks
 .text.wait_ms  0x80023a40       0x40 /opt/libdragon/lib/gcc/mips64-elf/13.2.0/../../../../mips64-elf/lib/libdragon.a(n64sys.o)
                0x80023a40                wait_ms
 .text.die      0x80023a80       0x60 /opt/libdragon/lib/gcc/mips64-elf/13.2.0/../../../../mips64-elf/lib/libdragon.a(n64sys.o)
                0x80023a80                die
 .text.startup.__init_cop1
                0x80023ae0       0x40 /opt/libdragon/lib/gcc/mips64-elf/13.2.0/../../../../mips64-elf/lib/libdragon.a(n64sys.o)
                0x80023ae0                __init_cop1
 .text.__MI_handler
                0x80023b20      0x220 /opt/libdragon/lib/gcc/mips64-elf/13.2.0/../../../../mips64-elf/lib/libdragon.a(interrupt.o)
                0x80023b20                __MI_handler
 .text.__TI_handler
                0x80023d40       0x60 /opt/libdragon/lib/gcc/mips64-elf/13.2.0/../../../../mips64-elf/lib/libdragon.a(interrupt.o)
                0x80023d40                __TI_handler
 .text.__CART_handler
                0x80023da0       0xa0 /opt/libdragon/lib/gcc/mips64-elf/13.2.0/../../../../mips64-elf/lib/libdragon.a(interrupt.o)
                0x80023da0                __CART_handler
 .text.__RESET_handler
                0x80023e40       0x60 /opt/libdragon/lib/gcc/mips64-elf/13.2.0/../../../../mips64-elf/lib/libdragon.a(interrupt.o)
                0x80023e40                __RESET_handler
 .text.register_VI_handler
                0x80023ea0       0x60 /opt/libdragon/lib/gcc/mips64-elf/13.2.0/../../../../mips64-elf/lib/libdragon.a(interrupt.o)
                0x80023ea0                register_VI_handler
 .text.unregister_VI_handler
                0x80023f00       0x60 /opt/libdragon/lib/gcc/mips64-elf/13.2.0/../../../../mips64-elf/lib/libdragon.a(interrupt.o)
                0x80023f00                unregister_VI_handler
 .text.register_DP_handler
                0x80023f60       0x60 /opt/libdragon/lib/gcc/mips64-elf/13.2.0/../../../../mips64-elf/lib/libdragon.a(interrupt.o)
                0x80023f60                register_DP_handler
 .text.register_SI_handler
                0x80023fc0       0x60 /opt/libdragon/lib/gcc/mips64-elf/13.2.0/../../../../mips64-elf/lib/libdragon.a(interrupt.o)
                0x80023fc0                register_SI_handler
 .text.register_SP_handler
                0x80024020       0x60 /opt/libdragon/lib/gcc/mips64-elf/13.2.0/../../../../mips64-elf/lib/libdragon.a(interrupt.o)
                0x80024020                register_SP_handler
 .text.set_VI_interrupt
                0x80024080       0x40 /opt/libdragon/lib/gcc/mips64-elf/13.2.0/../../../../mips64-elf/lib/libdragon.a(interrupt.o)
                0x80024080                set_VI_interrupt
 .text.set_DP_interrupt
                0x800240c0       0x40 /opt/libdragon/lib/gcc/mips64-elf/13.2.0/../../../../mips64-elf/lib/libdragon.a(interrupt.o)
                0x800240c0                set_DP_interrupt
 .text.set_SI_interrupt
                0x80024100       0x40 /opt/libdragon/lib/gcc/mips64-elf/13.2.0/../../../../mips64-elf/lib/libdragon.a(interrupt.o)
                0x80024100                set_SI_interrupt
 .text.set_SP_interrupt
                0x80024140       0x40 /opt/libdragon/lib/gcc/mips64-elf/13.2.0/../../../../mips64-elf/lib/libdragon.a(interrupt.o)
                0x80024140                set_SP_interrupt
 .text.startup.__init_interrupts
                0x80024180       0x40 /opt/libdragon/lib/gcc/mips64-elf/13.2.0/../../../../mips64-elf/lib/libdragon.a(interrupt.o)
                0x80024180                __init_interrupts
 .text.disable_interrupts
                0x800241c0       0x40 /opt/libdragon/lib/gcc/mips64-elf/13.2.0/../../../../mips64-elf/lib/libdragon.a(interrupt.o)
                0x800241c0                disable_interrupts
 .text.enable_interrupts
                0x80024200       0x80 /opt/libdragon/lib/gcc/mips64-elf/13.2.0/../../../../mips64-elf/lib/libdragon.a(interrupt.o)
                0x80024200                enable_interrupts
 .text.get_interrupts_state
                0x80024280       0x20 /opt/libdragon/lib/gcc/mips64-elf/13.2.0/../../../../mips64-elf/lib/libdragon.a(interrupt.o)
                0x80024280                get_interrupts_state
 .text.exception_reset_time
                0x800242a0       0x20 /opt/libdragon/lib/gcc/mips64-elf/13.2.0/../../../../mips64-elf/lib/libdragon.a(interrupt.o)
                0x800242a0                exception_reset_time
 .text.cb.0     0x800242c0       0x40 /opt/libdragon/lib/gcc/mips64-elf/13.2.0/../../../../mips64-elf/lib/libdragon.a(backtrace.o)
 .text.symt_open
                0x80024300      0x1e0 /opt/libdragon/lib/gcc/mips64-elf/13.2.0/../../../../mips64-elf/lib/libdragon.a(backtrace.o)
 .text.symt_addrtab_entry.isra.0
                0x800244e0       0x60 /opt/libdragon/lib/gcc/mips64-elf/13.2.0/../../../../mips64-elf/lib/libdragon.a(backtrace.o)
 .text.format_entry
                0x80024540      0x240 /opt/libdragon/lib/gcc/mips64-elf/13.2.0/../../../../mips64-elf/lib/libdragon.a(backtrace.o)
 .text.symt_addrtab_search
                0x80024780      0x1e0 /opt/libdragon/lib/gcc/mips64-elf/13.2.0/../../../../mips64-elf/lib/libdragon.a(backtrace.o)
 .text.__symbolize
                0x80024960      0x220 /opt/libdragon/lib/gcc/mips64-elf/13.2.0/../../../../mips64-elf/lib/libdragon.a(backtrace.o)
                0x80024960                __symbolize
 .text.__bt_analyze_func
                0x80024b80      0x1a0 /opt/libdragon/lib/gcc/mips64-elf/13.2.0/../../../../mips64-elf/lib/libdragon.a(backtrace.o)
                0x80024b80                __bt_analyze_func
 .text.backtrace_foreach
                0x80024d20      0x2e0 /opt/libdragon/lib/gcc/mips64-elf/13.2.0/../../../../mips64-elf/lib/libdragon.a(backtrace.o)
 .text.backtrace
                0x80025000       0xc0 /opt/libdragon/lib/gcc/mips64-elf/13.2.0/../../../../mips64-elf/lib/libdragon.a(backtrace.o)
                0x80025000                backtrace
 .text.backtrace_symbols_cb
                0x800250c0      0x2c0 /opt/libdragon/lib/gcc/mips64-elf/13.2.0/../../../../mips64-elf/lib/libdragon.a(backtrace.o)
                0x800250c0                backtrace_symbols_cb
 .text.backtrace_frame_print
                0x80025380       0xa0 /opt/libdragon/lib/gcc/mips64-elf/13.2.0/../../../../mips64-elf/lib/libdragon.a(backtrace.o)
                0x80025380                backtrace_frame_print
 .text.backtrace_frame_print_compact
                0x80025420      0x140 /opt/libdragon/lib/gcc/mips64-elf/13.2.0/../../../../mips64-elf/lib/libdragon.a(backtrace.o)
                0x80025420                backtrace_frame_print_compact
 .text.rompak_search_ext
                0x80025560      0x1e0 /opt/libdragon/lib/gcc/mips64-elf/13.2.0/../../../../mips64-elf/lib/libdragon.a(rompak.o)
                0x80025560                rompak_search_ext
 .text.__console_render.part.0
                0x80025740      0x100 /opt/libdragon/lib/gcc/mips64-elf/13.2.0/../../../../mips64-elf/lib/libdragon.a(console.o)
 .text.__console_write
                0x80025840      0x2c0 /opt/libdragon/lib/gcc/mips64-elf/13.2.0/../../../../mips64-elf/lib/libdragon.a(console.o)
 .text.console_set_render_mode
                0x80025b00       0x20 /opt/libdragon/lib/gcc/mips64-elf/13.2.0/../../../../mips64-elf/lib/libdragon.a(console.o)
                0x80025b00                console_set_render_mode
 .text.console_init
                0x80025b20       0xe0 /opt/libdragon/lib/gcc/mips64-elf/13.2.0/../../../../mips64-elf/lib/libdragon.a(console.o)
                0x80025b20                console_init
 .text.console_render
                0x80025c00       0x40 /opt/libdragon/lib/gcc/mips64-elf/13.2.0/../../../../mips64-elf/lib/libdragon.a(console.o)
                0x80025c00                console_render
 .text.console_set_debug
                0x80025c40       0x20 /opt/libdragon/lib/gcc/mips64-elf/13.2.0/../../../../mips64-elf/lib/libdragon.a(console.o)
                0x80025c40                console_set_debug
 .text.joypad_read_n64_inputs
                0x80025c60      0x280 /opt/libdragon/lib/gcc/mips64-elf/13.2.0/../../../../mips64-elf/lib/libdragon.a(joypad.o)
                0x80025c60                joypad_read_n64_inputs
 .text.graphics_draw_character.part.0
                0x80025ee0      0x2c0 /opt/libdragon/lib/gcc/mips64-elf/13.2.0/../../../../mips64-elf/lib/libdragon.a(graphics.o)
 .text.graphics_set_color
                0x800261a0       0x20 /opt/libdragon/lib/gcc/mips64-elf/13.2.0/../../../../mips64-elf/lib/libdragon.a(graphics.o)
                0x800261a0                graphics_set_color
 .text.graphics_draw_box
                0x800261c0      0x120 /opt/libdragon/lib/gcc/mips64-elf/13.2.0/../../../../mips64-elf/lib/libdragon.a(graphics.o)
                0x800261c0                graphics_draw_box
 .text.graphics_fill_screen
                0x800262e0       0x80 /opt/libdragon/lib/gcc/mips64-elf/13.2.0/../../../../mips64-elf/lib/libdragon.a(graphics.o)
                0x800262e0                graphics_fill_screen
 .text.graphics_set_default_font
                0x80026360       0x80 /opt/libdragon/lib/gcc/mips64-elf/13.2.0/../../../../mips64-elf/lib/libdragon.a(graphics.o)
                0x80026360                graphics_set_default_font
 .text.graphics_draw_character
                0x800263e0       0x20 /opt/libdragon/lib/gcc/mips64-elf/13.2.0/../../../../mips64-elf/lib/libdragon.a(graphics.o)
                0x800263e0                graphics_draw_character
 .text.graphics_draw_text
                0x80026400      0x120 /opt/libdragon/lib/gcc/mips64-elf/13.2.0/../../../../mips64-elf/lib/libdragon.a(graphics.o)
                0x80026400                graphics_draw_text
 .text.rspq_get_current_ovl
                0x80026520       0xc0 /opt/libdragon/lib/gcc/mips64-elf/13.2.0/../../../../mips64-elf/lib/libdragon.a(rspq.o)
 .text.rspq_switch_context
                0x800265e0       0x60 /opt/libdragon/lib/gcc/mips64-elf/13.2.0/../../../../mips64-elf/lib/libdragon.a(rspq.o)
 .text.rspq_flush_internal
                0x80026640       0x40 /opt/libdragon/lib/gcc/mips64-elf/13.2.0/../../../../mips64-elf/lib/libdragon.a(rspq.o)
 .text.rspq_crash_handler
                0x80026680      0x340 /opt/libdragon/lib/gcc/mips64-elf/13.2.0/../../../../mips64-elf/lib/libdragon.a(rspq.o)
 .text.rspq_init_context
                0x800269c0       0xa0 /opt/libdragon/lib/gcc/mips64-elf/13.2.0/../../../../mips64-elf/lib/libdragon.a(rspq.o)
 .text.rspq_sp_interrupt
                0x80026a60       0xa0 /opt/libdragon/lib/gcc/mips64-elf/13.2.0/../../../../mips64-elf/lib/libdragon.a(rspq.o)
 .text.rspq_assert_handler
                0x80026b00       0xc0 /opt/libdragon/lib/gcc/mips64-elf/13.2.0/../../../../mips64-elf/lib/libdragon.a(rspq.o)
 .text.rspq_switch_buffer.part.0
                0x80026bc0       0x40 /opt/libdragon/lib/gcc/mips64-elf/13.2.0/../../../../mips64-elf/lib/libdragon.a(rspq.o)
 .text.rspq_init
                0x80026c00      0x360 /opt/libdragon/lib/gcc/mips64-elf/13.2.0/../../../../mips64-elf/lib/libdragon.a(rspq.o)
                0x80026c00                rspq_init
 .text.rspq_flush
                0x80026f60       0x40 /opt/libdragon/lib/gcc/mips64-elf/13.2.0/../../../../mips64-elf/lib/libdragon.a(rspq.o)
                0x80026f60                rspq_flush
 .text.rspq_highpri_begin
                0x80026fa0       0xe0 /opt/libdragon/lib/gcc/mips64-elf/13.2.0/../../../../mips64-elf/lib/libdragon.a(rspq.o)
                0x80026fa0                rspq_highpri_begin
 .text.rspq_highpri_end
                0x80027080       0xa0 /opt/libdragon/lib/gcc/mips64-elf/13.2.0/../../../../mips64-elf/lib/libdragon.a(rspq.o)
                0x80027080                rspq_highpri_end
 .text.rspq_block_run_rsp
                0x80027120       0x80 /opt/libdragon/lib/gcc/mips64-elf/13.2.0/../../../../mips64-elf/lib/libdragon.a(rspq.o)
                0x80027120                rspq_block_run_rsp
 .text.__rspq_deferred_poll
                0x800271a0       0xe0 /opt/libdragon/lib/gcc/mips64-elf/13.2.0/../../../../mips64-elf/lib/libdragon.a(rspq.o)
                0x800271a0                __rspq_deferred_poll
 .text.rspq_next_buffer
                0x80027280      0x2e0 /opt/libdragon/lib/gcc/mips64-elf/13.2.0/../../../../mips64-elf/lib/libdragon.a(rspq.o)
                0x80027280                rspq_next_buffer
 .text.rspq_syncpoint_new
                0x80027560       0xe0 /opt/libdragon/lib/gcc/mips64-elf/13.2.0/../../../../mips64-elf/lib/libdragon.a(rspq.o)
                0x80027560                rspq_syncpoint_new
 .text.rspq_syncpoint_wait
                0x80027640      0x160 /opt/libdragon/lib/gcc/mips64-elf/13.2.0/../../../../mips64-elf/lib/libdragon.a(rspq.o)
                0x80027640                rspq_syncpoint_wait
 .text.rspq_wait
                0x800277a0      0x180 /opt/libdragon/lib/gcc/mips64-elf/13.2.0/../../../../mips64-elf/lib/libdragon.a(rspq.o)
                0x800277a0                rspq_wait
 .text.rspq_overlay_get_state
                0x80027920      0x160 /opt/libdragon/lib/gcc/mips64-elf/13.2.0/../../../../mips64-elf/lib/libdragon.a(rspq.o)
                0x80027920                rspq_overlay_get_state
 .text.rspq_overlay_register_internal
                0x80027a80      0x580 /opt/libdragon/lib/gcc/mips64-elf/13.2.0/../../../../mips64-elf/lib/libdragon.a(rspq.o)
 .text.rspq_overlay_register
                0x80028000       0x20 /opt/libdragon/lib/gcc/mips64-elf/13.2.0/../../../../mips64-elf/lib/libdragon.a(rspq.o)
                0x80028000                rspq_overlay_register
 .text.rspq_overlay_register_static
                0x80028020       0x60 /opt/libdragon/lib/gcc/mips64-elf/13.2.0/../../../../mips64-elf/lib/libdragon.a(rspq.o)
                0x80028020                rspq_overlay_register_static
 .text.rdpq_triangle_rsp
                0x80028080      0x580 /opt/libdragon/lib/gcc/mips64-elf/13.2.0/../../../../mips64-elf/lib/libdragon.a(rdpq_tri.o)
                0x80028080                rdpq_triangle_rsp
 .text.rdpq_triangle
                0x80028600       0x20 /opt/libdragon/lib/gcc/mips64-elf/13.2.0/../../../../mips64-elf/lib/libdragon.a(rdpq_tri.o)
                0x80028600                rdpq_triangle
 .text.obj_map_new
                0x80028620       0x80 /opt/libdragon/lib/gcc/mips64-elf/13.2.0/../../../../mips64-elf/lib/libdragon.a(obj_map.o)
                0x80028620                obj_map_new
 .text.joybus_msg_send
                0x800286a0       0x80 /opt/libdragon/lib/gcc/mips64-elf/13.2.0/../../../../mips64-elf/lib/libdragon.a(joybus.o)
 .text.callback.0
                0x80028720       0xa0 /opt/libdragon/lib/gcc/mips64-elf/13.2.0/../../../../mips64-elf/lib/libdragon.a(joybus.o)
 .text.si_interrupt
                0x800287c0      0x1a0 /opt/libdragon/lib/gcc/mips64-elf/13.2.0/../../../../mips64-elf/lib/libdragon.a(joybus.o)
 .text.startup.__joybus_init
                0x80028960       0x60 /opt/libdragon/lib/gcc/mips64-elf/13.2.0/../../../../mips64-elf/lib/libdragon.a(joybus.o)
                0x80028960                __joybus_init
 .text.joybus_exec_async
                0x800289c0      0x1a0 /opt/libdragon/lib/gcc/mips64-elf/13.2.0/../../../../mips64-elf/lib/libdragon.a(joybus.o)
                0x800289c0                joybus_exec_async
 .text.joybus_exec
                0x80028b60      0x140 /opt/libdragon/lib/gcc/mips64-elf/13.2.0/../../../../mips64-elf/lib/libdragon.a(joybus.o)
                0x80028b60                joybus_exec
 .text.close    0x80028ca0      0x140 /opt/libdragon/lib/gcc/mips64-elf/13.2.0/../../../../mips64-elf/lib/libdragonsys.a(system.o)
                0x80028ca0                close
 .text._exit    0x80028de0       0x20 /opt/libdragon/lib/gcc/mips64-elf/13.2.0/../../../../mips64-elf/lib/libdragonsys.a(system.o)
                0x80028de0                _exit
 .text.fstat    0x80028e00      0x120 /opt/libdragon/lib/gcc/mips64-elf/13.2.0/../../../../mips64-elf/lib/libdragonsys.a(system.o)
                0x80028e00                fstat
 .text.getpid   0x80028f20       0x40 /opt/libdragon/lib/gcc/mips64-elf/13.2.0/../../../../mips64-elf/lib/libdragonsys.a(system.o)
                0x80028f20                getpid
 .text.isatty   0x80028f60       0x40 /opt/libdragon/lib/gcc/mips64-elf/13.2.0/../../../../mips64-elf/lib/libdragonsys.a(system.o)
                0x80028f60                isatty
 .text.kill     0x80028fa0       0x40 /opt/libdragon/lib/gcc/mips64-elf/13.2.0/../../../../mips64-elf/lib/libdragonsys.a(system.o)
                0x80028fa0                kill
 .text.lseek    0x80028fe0      0x120 /opt/libdragon/lib/gcc/mips64-elf/13.2.0/../../../../mips64-elf/lib/libdragonsys.a(system.o)
                0x80028fe0                lseek
 .text.read     0x80029100      0x160 /opt/libdragon/lib/gcc/mips64-elf/13.2.0/../../../../mips64-elf/lib/libdragonsys.a(system.o)
                0x80029100                read
 .text.sbrk     0x80029260       0xc0 /opt/libdragon/lib/gcc/mips64-elf/13.2.0/../../../../mips64-elf/lib/libdragonsys.a(system.o)
                0x80029260                sbrk
 .text.write    0x80029320      0x180 /opt/libdragon/lib/gcc/mips64-elf/13.2.0/../../../../mips64-elf/lib/libdragonsys.a(system.o)
                0x80029320                write
 .text.hook_stdio_calls
                0x800294a0       0x60 /opt/libdragon/lib/gcc/mips64-elf/13.2.0/../../../../mips64-elf/lib/libdragonsys.a(system.o)
                0x800294a0                hook_stdio_calls
 .text._flush_cache
                0x80029500       0x40 /opt/libdragon/lib/gcc/mips64-elf/13.2.0/../../../../mips64-elf/lib/libdragonsys.a(system.o)
                0x80029500                _flush_cache
 .text.__assert_func
                0x80029540       0x20 /opt/libdragon/lib/gcc/mips64-elf/13.2.0/../../../../mips64-elf/lib/libdragonsys.a(system.o)
                0x80029540                __assert_func
 *(.init)
 .init          0x80029560        0x8 /opt/libdragon/lib/gcc/mips64-elf/13.2.0/crti.o
                0x80029560                _init
 *(.fini)
 .fini          0x80029568        0x8 /opt/libdragon/lib/gcc/mips64-elf/13.2.0/crti.o
                0x80029568                _fini
 *(.gnu.linkonce.t.*)
                0x80029570                        . = ALIGN (0x10)
                0x80029570                        __text_end = .

.eh_frame_hdr
 *(.eh_frame_hdr)

.eh_frame       0x80029570        0x4
                0x80029570                        __EH_FRAME_BEGIN__ = .
 *(.eh_frame)
 .eh_frame      0x80029570        0x0 /opt/libdragon/lib/gcc/mips64-elf/13.2.0/crtbegin.o
 .eh_frame      0x80029570        0x4 /opt/libdragon/lib/gcc/mips64-elf/13.2.0/crtend.o

.gcc_except_table
 *(.gcc_except_table*)

.jcr
 *(.jcr)

.rodata         0x80029578    0x12650
 *(.rdata)
 *(.rodata)
 .rodata        0x80029578       0xac /opt/libdragon/lib/gcc/mips64-elf/13.2.0/../../../../mips64-elf/lib/libdragon.a(lighting.o)
 *fill*         0x80029624        0x4 
 .rodata        0x80029628       0x40 /opt/libdragon/lib/gcc/mips64-elf/13.2.0/../../../../mips64-elf/lib/libdragon.a(matrix.o)
 .rodata        0x80029668      0x188 /opt/libdragon/lib/gcc/mips64-elf/13.2.0/../../../../mips64-elf/lib/libc.a(libc_a-vfprintf.o)
 .rodata        0x800297f0      0x188 /opt/libdragon/lib/gcc/mips64-elf/13.2.0/../../../../mips64-elf/lib/libc.a(libc_a-vfiprintf.o)
 .rodata        0x80029978      0x128 /opt/libdragon/lib/gcc/mips64-elf/13.2.0/../../../../mips64-elf/lib/libc.a(libc_a-mprec.o)
                0x80029988                __mprec_tinytens
                0x800299b0                __mprec_bigtens
                0x800299d8                __mprec_tens
 .rodata        0x80029aa0      0x188 /opt/libdragon/lib/gcc/mips64-elf/13.2.0/../../../../mips64-elf/lib/libc.a(libc_a-svfprintf.o)
 .rodata        0x80029c28      0x188 /opt/libdragon/lib/gcc/mips64-elf/13.2.0/../../../../mips64-elf/lib/libc.a(libc_a-svfiprintf.o)
 .rodata        0x80029db0      0x288 /opt/libdragon/lib/gcc/mips64-elf/13.2.0/../../../../mips64-elf/lib/libc.a(libc_a-ctype_.o)
                0x80029db0                _ctype_
                0x80029eb8                _ctype_b
 *(.rodata.*)
 .rodata.RESOLUTION_320x240
                0x8002a038        0xc build/src/main.o
 *fill*         0x8002a044        0x4 
 .rodata.cb.0.str1.8
                0x8002a048     0x495e /opt/libdragon/lib/gcc/mips64-elf/13.2.0/../../../../mips64-elf/lib/libdragon.a(debug.o)
                                 0x1d (size before relaxing)
 .rodata.debug_assert_func_f.str1.8
                0x8002e9a6       0x45 /opt/libdragon/lib/gcc/mips64-elf/13.2.0/../../../../mips64-elf/lib/libdragon.a(debug.o)
 .rodata.debug_hexdump.str1.8
                0x8002e9a6       0x2b /opt/libdragon/lib/gcc/mips64-elf/13.2.0/../../../../mips64-elf/lib/libdragon.a(debug.o)
 .rodata.__debug_backtrace.str1.8
                0x8002e9a6        0xc /opt/libdragon/lib/gcc/mips64-elf/13.2.0/../../../../mips64-elf/lib/libdragon.a(debug.o)
 .rodata.display_show.part.0.str1.8
                0x8002e9a6       0xf9 /opt/libdragon/lib/gcc/mips64-elf/13.2.0/../../../../mips64-elf/lib/libdragon.a(display.o)
 .rodata.display_init.str1.8
                0x8002e9a6      0x251 /opt/libdragon/lib/gcc/mips64-elf/13.2.0/../../../../mips64-elf/lib/libdragon.a(display.o)
 *fill*         0x8002e9a6        0x2 
 .rodata.display_init
                0x8002e9a8       0x14 /opt/libdragon/lib/gcc/mips64-elf/13.2.0/../../../../mips64-elf/lib/libdragon.a(display.o)
 .rodata.display_get.str1.8
                0x8002e9bc       0x1c /opt/libdragon/lib/gcc/mips64-elf/13.2.0/../../../../mips64-elf/lib/libdragon.a(display.o)
 *fill*         0x8002e9bc        0x4 
 .rodata.__func__.0
                0x8002e9c0        0xd /opt/libdragon/lib/gcc/mips64-elf/13.2.0/../../../../mips64-elf/lib/libdragon.a(display.o)
 *fill*         0x8002e9cd        0x3 
 .rodata.__func__.1
                0x8002e9d0        0xc /opt/libdragon/lib/gcc/mips64-elf/13.2.0/../../../../mips64-elf/lib/libdragon.a(display.o)
 *fill*         0x8002e9dc        0x4 
 .rodata.__func__.4
                0x8002e9e0        0xd /opt/libdragon/lib/gcc/mips64-elf/13.2.0/../../../../mips64-elf/lib/libdragon.a(display.o)
 *fill*         0x8002e9ed        0x3 
 .rodata.vi_config_presets
                0x8002e9f0      0x150 /opt/libdragon/lib/gcc/mips64-elf/13.2.0/../../../../mips64-elf/lib/libdragon.a(display.o)
 .rodata.tex_format_name.str1.8
                0x8002eb40        0x8 /opt/libdragon/lib/gcc/mips64-elf/13.2.0/../../../../mips64-elf/lib/libdragon.a(surface.o)
 .rodata.surface_alloc.str1.8
                0x8002eb40       0x62 /opt/libdragon/lib/gcc/mips64-elf/13.2.0/../../../../mips64-elf/lib/libdragon.a(surface.o)
 .rodata.str1.8
                0x8002eb40       0x7f /opt/libdragon/lib/gcc/mips64-elf/13.2.0/../../../../mips64-elf/lib/libdragon.a(surface.o)
 .rodata.CSWTCH.6
                0x8002eb40       0x48 /opt/libdragon/lib/gcc/mips64-elf/13.2.0/../../../../mips64-elf/lib/libdragon.a(surface.o)
 .rodata.__func__.1
                0x8002eb88        0xe /opt/libdragon/lib/gcc/mips64-elf/13.2.0/../../../../mips64-elf/lib/libdragon.a(surface.o)
 .rodata.rsp_load_code.str1.8
                0x8002eb96       0x47 /opt/libdragon/lib/gcc/mips64-elf/13.2.0/../../../../mips64-elf/lib/libdragon.a(rsp.o)
 .rodata.rsp_load_data.str1.8
                0x8002eb96       0x17 /opt/libdragon/lib/gcc/mips64-elf/13.2.0/../../../../mips64-elf/lib/libdragon.a(rsp.o)
 .rodata.__rsp_crash.str1.8
                0x8002eb96      0x7ef /opt/libdragon/lib/gcc/mips64-elf/13.2.0/../../../../mips64-elf/lib/libdragon.a(rsp.o)
 .rodata.rsp_wait.str1.8
                0x8002eb96       0x1c /opt/libdragon/lib/gcc/mips64-elf/13.2.0/../../../../mips64-elf/lib/libdragon.a(rsp.o)
 *fill*         0x8002eb96        0x2 
 .rodata.__func__.0
                0x8002eb98        0x9 /opt/libdragon/lib/gcc/mips64-elf/13.2.0/../../../../mips64-elf/lib/libdragon.a(rsp.o)
 *fill*         0x8002eba1        0x7 
 .rodata.__func__.1
                0x8002eba8        0xe /opt/libdragon/lib/gcc/mips64-elf/13.2.0/../../../../mips64-elf/lib/libdragon.a(rsp.o)
 *fill*         0x8002ebb6        0x2 
 .rodata.__func__.2
                0x8002ebb8        0xe /opt/libdragon/lib/gcc/mips64-elf/13.2.0/../../../../mips64-elf/lib/libdragon.a(rsp.o)
 *fill*         0x8002ebc6        0x2 
 .rodata.__func__.3
                0x8002ebc8        0xe /opt/libdragon/lib/gcc/mips64-elf/13.2.0/../../../../mips64-elf/lib/libdragon.a(rsp.o)
 *fill*         0x8002ebd6        0x2 
 .rodata.__func__.4
                0x8002ebd8        0xe /opt/libdragon/lib/gcc/mips64-elf/13.2.0/../../../../mips64-elf/lib/libdragon.a(rsp.o)
 .rodata.str1.8
                0x8002ebe6        0xa /opt/libdragon/lib/gcc/mips64-elf/13.2.0/../../../../mips64-elf/lib/libdragon.a(rsp.o)
 .rodata.cb.2.str1.8
                0x8002ebe6       0x22 /opt/libdragon/lib/gcc/mips64-elf/13.2.0/../../../../mips64-elf/lib/libdragon.a(inspector.o)
 .rodata.cb.1.str1.8
                0x8002ebe6        0xc /opt/libdragon/lib/gcc/mips64-elf/13.2.0/../../../../mips64-elf/lib/libdragon.a(inspector.o)
 .rodata.cb.0.str1.8
                0x8002ebe6       0x27 /opt/libdragon/lib/gcc/mips64-elf/13.2.0/../../../../mips64-elf/lib/libdragon.a(inspector.o)
 .rodata.cb.3.str1.8
                0x8002ebe6       0x2a /opt/libdragon/lib/gcc/mips64-elf/13.2.0/../../../../mips64-elf/lib/libdragon.a(inspector.o)
 *fill*         0x8002ebe6        0x2 
 .rodata.inspector_stdout
                0x8002ebe8       0x54 /opt/libdragon/lib/gcc/mips64-elf/13.2.0/../../../../mips64-elf/lib/libdragon.a(inspector.o)
 .rodata.mips_disasm.str1.8
                0x8002ec3c      0x1b6 /opt/libdragon/lib/gcc/mips64-elf/13.2.0/../../../../mips64-elf/lib/libdragon.a(inspector.o)
 .rodata.mips_disasm
                0x8002ec3c       0xb0 /opt/libdragon/lib/gcc/mips64-elf/13.2.0/../../../../mips64-elf/lib/libdragon.a(inspector.o)
 .rodata.inspector.str1.8
                0x8002ecec      0x22c /opt/libdragon/lib/gcc/mips64-elf/13.2.0/../../../../mips64-elf/lib/libdragon.a(inspector.o)
 .rodata.inspector
                0x8002ecec       0x14 /opt/libdragon/lib/gcc/mips64-elf/13.2.0/../../../../mips64-elf/lib/libdragon.a(inspector.o)
 .rodata.str1.8
                0x8002ed00      0x5e3 /opt/libdragon/lib/gcc/mips64-elf/13.2.0/../../../../mips64-elf/lib/libdragon.a(inspector.o)
 .rodata.fpu_ops.7
                0x8002ed00      0x100 /opt/libdragon/lib/gcc/mips64-elf/13.2.0/../../../../mips64-elf/lib/libdragon.a(inspector.o)
 .rodata.special.8
                0x8002ee00      0x100 /opt/libdragon/lib/gcc/mips64-elf/13.2.0/../../../../mips64-elf/lib/libdragon.a(inspector.o)
 .rodata.ops.9  0x8002ef00      0x100 /opt/libdragon/lib/gcc/mips64-elf/13.2.0/../../../../mips64-elf/lib/libdragon.a(inspector.o)
 .rodata.RESOLUTION_640x240
                0x8002f000        0xc /opt/libdragon/lib/gcc/mips64-elf/13.2.0/../../../../mips64-elf/lib/libdragon.a(inspector.o)
 .rodata.dma_write_raw_async.part.0.str1.8