Archive member included to satisfy reference by file (symbol)

/usr/lib/n64/nusys/libnusys_d.a(nucontdatagetex.o)
                              build/src/main/stage00.o (nuContDataGetEx)
/usr/lib/n64/nusys/libnusys_d.a(nucontinit.o)
                              build/src/main/main.o (nuContInit)
/usr/lib/n64/nusys/libnusys_d.a(nucontmgr.o)
                              /usr/lib/n64/nusys/libnusys_d.a(nucontdatagetex.o) (nuContData)
/usr/lib/n64/nusys/libnusys_d.a(nucontpakmgr.o)
                              /usr/lib/n64/nusys/libnusys_d.a(nucontinit.o) (nuContPakMgrInit)
/usr/lib/n64/nusys/libnusys_d.a(nucontqueryread.o)
                              /usr/lib/n64/nusys/libnusys_d.a(nucontmgr.o) (nuContQueryRead)
/usr/lib/n64/nusys/libnusys_d.a(nucontrmbmgr.o)
                              /usr/lib/n64/nusys/libnusys_d.a(nucontinit.o) (nuContRmbMgrInit)
/usr/lib/n64/nusys/libnusys_d.a(nudebconcputs.o)
                              build/src/main/stage00.o (nuDebConCPuts)
/usr/lib/n64/nusys/libnusys_d.a(nudebcondisp_ex2.o)
                              build/src/main/stage00.o (nuDebConDispEX2)
/usr/lib/n64/nusys/libnusys_d.a(nudebconputc.o)
                              /usr/lib/n64/nusys/libnusys_d.a(nudebconcputs.o) (nuDebConPutc)
/usr/lib/n64/nusys/libnusys_d.a(nudebconsole.o)
                              /usr/lib/n64/nusys/libnusys_d.a(nudebconputc.o) (nuDebConInc)
/usr/lib/n64/nusys/libnusys_d.a(nudebcontextpos.o)
                              build/src/main/stage00.o (nuDebConTextPos)
/usr/lib/n64/nusys/libnusys_d.a(nufont.o)
                              /usr/lib/n64/nusys/libnusys_d.a(nudebcondisp_ex2.o) (nuFont)
/usr/lib/n64/nusys/libnusys_d.a(nugfxdisplayon.o)
                              build/src/main/main.o (nuGfxDisplayOn)
/usr/lib/n64/nusys/libnusys_d.a(nugfxfuncset.o)
                              build/src/main/main.o (nuGfxFuncSet)
/usr/lib/n64/nusys/libnusys_d.a(nugfxinit_ex2.o)
                              build/src/main/main.o (nuGfxInitEX2)
/usr/lib/n64/nusys/libnusys_d.a(nugfxsetcfb.o)
                              /usr/lib/n64/nusys/libnusys_d.a(nugfxinit_ex2.o) (nuGfxSetCfb)
/usr/lib/n64/nusys/libnusys_d.a(nugfxsetucodefifo.o)
                              /usr/lib/n64/nusys/libnusys_d.a(nugfxinit_ex2.o) (nuGfxSetUcodeFifo)
/usr/lib/n64/nusys/libnusys_d.a(nugfxswapcfb.o)
                              /usr/lib/n64/nusys/libnusys_d.a(nugfxinit_ex2.o) (nuGfxSwapCfb)
/usr/lib/n64/nusys/libnusys_d.a(nugfxswapcfbfuncset.o)
                              /usr/lib/n64/nusys/libnusys_d.a(nugfxinit_ex2.o) (nuGfxSwapCfbFuncSet)
/usr/lib/n64/nusys/libnusys_d.a(nugfxtaskallendwait.o)
                              /usr/lib/n64/nusys/libnusys_d.a(nugfxfuncset.o) (nuGfxTaskAllEndWait)
/usr/lib/n64/nusys/libnusys_d.a(nugfxtaskmgr.o)
                              /usr/lib/n64/nusys/libnusys_d.a(nugfxinit_ex2.o) (nuGfxUcode)
/usr/lib/n64/nusys/libnusys_d.a(nugfxthread.o)
                              /usr/lib/n64/nusys/libnusys_d.a(nugfxfuncset.o) (nuGfxFunc)
/usr/lib/n64/nusys/libnusys_d.a(nupiinit.o)
                              /usr/lib/n64/nusys/nusys_isv.o (nuPiInit)
/usr/lib/n64/nusys/libnusys_d.a(nurdpoutput.o)
                              /usr/lib/n64/nusys/libnusys_d.a(nugfxinit_ex2.o) (nuRDPOutputBuf)
/usr/lib/n64/nusys/libnusys_d.a(nusched.o)
                              /usr/lib/n64/nusys/libnusys_d.a(nugfxtaskmgr.o) (nusched)
/usr/lib/n64/nusys/libnusys_d.a(nusicallbackadd.o)
                              /usr/lib/n64/nusys/libnusys_d.a(nucontmgr.o) (nuSiCallBackAdd)
/usr/lib/n64/nusys/libnusys_d.a(nusicallbackremove.o)
                              /usr/lib/n64/nusys/libnusys_d.a(nucontmgr.o) (nuSiCallBackRemove)
/usr/lib/n64/nusys/libnusys_d.a(nusimgr.o)
                              /usr/lib/n64/nusys/libnusys_d.a(nucontmgr.o) (nuSiMesgQ)
/usr/lib/n64/nusys/libnusys_d.a(nuyieldbuf.o)
                              /usr/lib/n64/nusys/libnusys_d.a(nugfxtaskmgr.o) (nuYieldBuf)
/usr/lib/n64/nusys/libnusys_d.a(nucontdatalock.o)
                              /usr/lib/n64/nusys/libnusys_d.a(nucontmgr.o) (nuContDataUnLock)
/usr/lib/n64/nusys/libnusys_d.a(nudebconbuf.o)
                              /usr/lib/n64/nusys/libnusys_d.a(nudebcondisp_ex2.o) (nuDebConWin)
/usr/lib/n64/nusys/libnusys_d.a(nudramstack.o)
                              /usr/lib/n64/nusys/libnusys_d.a(nugfxtaskmgr.o) (nuDramStack)
/usr/lib/n64/nusys/libnusys_d.a(nugfxdisplayoff.o)
                              /usr/lib/n64/nusys/libnusys_d.a(nugfxtaskmgr.o) (nuGfxDisplayOff)
/usr/lib/n64/nusys/libnusys_d.a(nugfxretracewait.o)
                              /usr/lib/n64/nusys/libnusys_d.a(nugfxsetcfb.o) (nuGfxRetraceWait)
/usr/lib/n64/libultra_d.a(motor.o)
                              /usr/lib/n64/nusys/libnusys_d.a(nucontrmbmgr.o) (__osMotorAccess)
/usr/lib/n64/libultra_d.a(afterprenmi.o)
                              /usr/lib/n64/nusys/libnusys_d.a(nusched.o) (osAfterPreNMI)
/usr/lib/n64/libultra_d.a(initialize.o)
[...]
Memory Configuration

Name             Origin             Length             Attributes
*default*        0x0000000000000000 0xffffffffffffffff

Linker script and memory map

                0x000000000002ebe0                __romPos = 0x0
                0x0000000004000000                _bootSegmentStart = ADDR (.boot)
                0x0000000000000000                _bootSegmentRomStart = __romPos

.boot           0x0000000004000000     0x1000 load address 0x0000000000000000
 build/asm/rom_header.o(.text)
 .text          0x0000000004000000       0x40 build/asm/rom_header.o
 build/boot.6102.o(.data)
 .data          0x0000000004000040      0xfc0 build/boot.6102.o
                0x0000000004000040                _binary__usr_lib_n64_PR_bootcode_boot_6102_start
                0x0000000004001000                _binary__usr_lib_n64_PR_bootcode_boot_6102_end
                0x0000000004001000                _bootSegmentEnd = ALIGN ((ADDR (.boot) + SIZEOF (.boot)), 0x10)
                0x0000000000001000                _bootSegmentRomEnd = ((_bootSegmentEnd - _bootSegmentStart) + _bootSegmentRomStart)
                0x000000000002ebe0                __romPos = _bootSegmentRomEnd
                0x0000000004001000                . = _bootSegmentEnd
                0x0000000080025c00                _codeSegmentStart = ADDR (.code)
                0x0000000000001000                _codeSegmentRomStart = __romPos

.code           0x0000000080025c00    0x2dbe0 load address 0x0000000000001000
 build/asm/entry.o(.start)
 .start         0x0000000080025c00       0x3c build/asm/entry.o
                0x0000000080025c00                __start
 /usr/lib/n64/nusys/nusys_isv.o(.text)
 *fill*         0x0000000080025c3c        0x4 
 .text          0x0000000080025c40       0xf4 /usr/lib/n64/nusys/nusys_isv.o
                0x0000000080025cdc                nuBoot
 build/src/main*.o(.text)
 *fill*         0x0000000080025d34        0xc 
 .text          0x0000000080025d40        0x0 build/src/main/gfxinit.o
 .text          0x0000000080025d40      0x140 build/src/main/graphic.o
                0x0000000080025d40                gfxRCPInit
                0x0000000080025d84                gfxClearCfb
 .text          0x0000000080025e80       0x70 build/src/main/main.o
                0x0000000080025e80                stage00
                0x0000000080025eb0                mainproc
 .text          0x0000000080025ef0      0x47c build/src/main/stage00.o
                0x0000000080025ef0                initStage00
                0x0000000080025f0c                updateGame00
                0x000000008002602c                shadetri
                0x0000000080026104                makeDL00
 */libultra_d.a:*.o(.text)
 *fill*         0x000000008002636c        0x4 
 .text          0x0000000080026370      0x500 /usr/lib/n64/libultra_d.a(motor.o)
                0x0000000080026370                __osMotorAccess
                0x000000008002665c                osMotorInit
 .text          0x0000000080026870       0x34 /usr/lib/n64/libultra_d.a(afterprenmi.o)
                0x0000000080026870                osAfterPreNMI
 *fill*         0x00000000800268a4        0xc 
 .text          0x00000000800268b0      0x4a8 /usr/lib/n64/libultra_d.a(initialize.o)
                0x00000000800268b0                __createSpeedParam
                0x00000000800269d4                osInitialize
                0x0000000080026cf8                osInitialize_isv
 *fill*         0x0000000080026d58        0x8 
 .text          0x0000000080026d60      0x2e4 /usr/lib/n64/libultra_d.a(contramread.o)
                0x0000000080026d60                __osContRamRead
 *fill*         0x0000000080027044        0xc 
 .text          0x0000000080027050      0x8c8 /usr/lib/n64/libultra_d.a(pfsallocatefile.o)
                0x0000000080027050                osPfsAllocateFile
                0x0000000080027508                __osPfsDeclearPage
                0x0000000080027720                __osDumpInode
 *fill*         0x0000000080027918        0x8 
 .text          0x0000000080027920      0x3e0 /usr/lib/n64/libultra_d.a(pfsdeletefile.o)
                0x0000000080027920                osPfsDeleteFile
                0x0000000080027c1c                __osPfsReleasePages
 .text          0x0000000080027d00      0x2e4 /usr/lib/n64/libultra_d.a(pfsfilestate.o)
                0x0000000080027d00                osPfsFileState
 *fill*         0x0000000080027fe4        0xc 
 .text          0x0000000080027ff0      0x17c /usr/lib/n64/libultra_d.a(pfsfreeblocks.o)
                0x0000000080027ff0                osPfsFreeBlocks
 *fill*         0x000000008002816c        0x4 
 .text          0x0000000080028170      0x338 /usr/lib/n64/libultra_d.a(pfsgetstatus.o)
                0x0000000080028170                __osPfsGetStatus
                0x00000000800282a8                __osPfsRequestOneChannel
                0x00000000800283a4                __osPfsGetOneChannelData
 *fill*         0x00000000800284a8        0x8 
 .text          0x00000000800284b0      0x550 /usr/lib/n64/libultra_d.a(pfsinitpak.o)
                0x00000000800284b0                osPfsInitPak
 .text          0x0000000080028a00      0x45c /usr/lib/n64/libultra_d.a(pfsisplug.o)
                0x0000000080028a00                osPfsIsPlug
                0x0000000080028c0c                __osPfsRequestData
                0x0000000080028d08                __osPfsGetInitData
 *fill*         0x0000000080028e5c        0x4 
 .text          0x0000000080028e60      0x1c0 /usr/lib/n64/libultra_d.a(pfsnumfiles.o)
                0x0000000080028e60                osPfsNumFiles
 .text          0x0000000080029020      0x70c /usr/lib/n64/libultra_d.a(pfsreadwritefile.o)
                0x0000000080029174                osPfsReadWriteFile
 *fill*         0x000000008002972c        0x4 
 .text          0x0000000080029730       0x8c /usr/lib/n64/libultra_d.a(pfsrepairid.o)
                0x0000000080029730                osPfsRepairId
 *fill*         0x00000000800297bc        0x4 
 .text          0x00000000800297c0      0x29c /usr/lib/n64/libultra_d.a(pfssearchfile.o)
                0x00000000800297c0                osPfsFindFile
 *fill*         0x0000000080029a5c        0x4 
 .text          0x0000000080029a60       0xc4 /usr/lib/n64/libultra_d.a(pfsselectbank.o)
                0x0000000080029a60                __osPfsSelectBank
 *fill*         0x0000000080029b24        0xc 
 .text          0x0000000080029b30      0x264 /usr/lib/n64/libultra_d.a(cartrominit.o)
                0x0000000080029b30                osCartRomInit
 *fill*         0x0000000080029d94        0xc 
 .text          0x0000000080029da0      0x110 /usr/lib/n64/libultra_d.a(piacs.o)
                0x0000000080029da0                __osPiCreateAccessQueue
                0x0000000080029e0c                __osPiGetAccess
                0x0000000080029e6c                __osPiRelAccess
 .text          0x0000000080029eb0      0x380 /usr/lib/n64/libultra_d.a(pimgr.o)
                0x0000000080029eb0                osCreatePiManager
 .text          0x000000008002a230      0x228 /usr/lib/n64/libultra_d.a(pirawdma.o)
                0x000000008002a230                __osPiRawStartDma
 *fill*         0x000000008002a458        0x8 
 .text          0x000000008002a460      0x5d4 /usr/lib/n64/libultra_d.a(initialize_isv.o)
                0x000000008002a460                isPrintfInit
                0x000000008002a808                __checkHardware_isv
                0x000000008002a89c                __osInitialize_isv
 *fill*         0x000000008002aa34        0xc 
 .text          0x000000008002aa40      0x2d4 /usr/lib/n64/libultra_d.a(rotate.o)
                0x000000008002aa40                guRotateF
                0x000000008002aca0                guRotate
 *fill*         0x000000008002ad14        0xc 
 .text          0x000000008002ad20       0x5c /usr/lib/n64/libultra_d.a(assert.o)
                0x000000008002ad20                __assert
 *fill*         0x000000008002ad7c        0x4 
 .text          0x000000008002ad80      0x218 /usr/lib/n64/libultra_d.a(createthread.o)
                0x000000008002ad80                osCreateThread
 *fill*         0x000000008002af98        0x8 
 .text          0x000000008002afa0       0x44 /usr/lib/n64/libultra_d.a(getthreadpri.o)
                0x000000008002afa0                osGetThreadPri
 *fill*         0x000000008002afe4        0xc 
 .text          0x000000008002aff0      0x15c /usr/lib/n64/libultra_d.a(setthreadpri.o)
                0x000000008002aff0                osSetThreadPri
 *fill*         0x000000008002b14c        0x4 
 .text          0x000000008002b150      0x1c0 /usr/lib/n64/libultra_d.a(startthread.o)
                0x000000008002b150                osStartThread
 .text          0x000000008002b310       0xf4 /usr/lib/n64/libultra_d.a(stopthread.o)
                0x000000008002b310                osStopThread
 *fill*         0x000000008002b404        0xc 
 .text          0x000000008002b410       0x74 /usr/lib/n64/libultra_d.a(thread.o)
                0x000000008002b410                __osDequeueThread
 *fill*         0x000000008002b484        0xc 
 .text          0x000000008002b490       0x60 /usr/lib/n64/libultra_d.a(spsetpc.o)
                0x000000008002b490                __osSpSetPc
 .text          0x000000008002b4f0      0x494 /usr/lib/n64/libultra_d.a(sptask.o)
                0x000000008002b690                osSpTaskLoad
                0x000000008002b934                osSpTaskStartGo
 *fill*         0x000000008002b984        0xc 
 .text          0x000000008002b990       0x38 /usr/lib/n64/libultra_d.a(sptaskyield.o)
                0x000000008002b990                osSpTaskYield
 *fill*         0x000000008002b9c8        0x8 
 .text          0x000000008002b9d0       0x8c /usr/lib/n64/libultra_d.a(sptaskyielded.o)
                0x000000008002b9d0                osSpTaskYielded
 *fill*         0x000000008002ba5c        0x4 
 .text          0x000000008002ba60       0xd8 /usr/lib/n64/libultra_d.a(sprintf.o)
                0x000000008002ba60                sprintf
 *fill*         0x000000008002bb38        0x8 
 .text          0x000000008002bb40      0x15c /usr/lib/n64/libultra_d.a(string.o)
                0x000000008002bb40                strchr
                0x000000008002bbb8                strlen
                0x000000008002bc14                memcpy
 *fill*         0x000000008002bc9c        0x4 
 .text          0x000000008002bca0      0x13c /usr/lib/n64/libultra_d.a(syncprintf.o)
                0x000000008002bca0                __osSyncVPrintf
                0x000000008002bd08                osSyncPrintf
                0x000000008002bd60                rmonPrintf
 *fill*         0x000000008002bddc        0x4 
 .text          0x000000008002bde0     0x121c /usr/lib/n64/libultra_d.a(xprintf.o)
                0x000000008002bde0                _Printf
 *fill*         0x000000008002cffc        0x4 
 .text          0x000000008002d000       0xa4 /usr/lib/n64/libultra_d.a(createmesgqueue.o)
                0x000000008002d000                osCreateMesgQueue
 *fill*         0x000000008002d0a4        0xc 
 .text          0x000000008002d0b0      0x190 /usr/lib/n64/libultra_d.a(recvmesg.o)
                0x000000008002d0b0                osRecvMesg
 .text          0x000000008002d240      0x194 /usr/lib/n64/libultra_d.a(sendmesg.o)
                0x000000008002d240                osSendMesg
 *fill*         0x000000008002d3d4        0xc 
 .text          0x000000008002d3e0      0x100 /usr/lib/n64/libultra_d.a(seteventmesg.o)
                0x000000008002d3e0                osSetEventMesg
 .text          0x000000008002d4e0      0x2f4 /usr/lib/n64/libultra_d.a(rdbsend.o)
                0x000000008002d4e0                __osRdbSend
 *fill*         0x000000008002d7d4        0xc 
 .text          0x000000008002d7e0       0xb0 /usr/lib/n64/libultra_d.a(virtualtophysical.o)
                0x000000008002d7e0                osVirtualToPhysical
 .text          0x000000008002d890       0xa4 /usr/lib/n64/libultra_d.a(viblack.o)
                0x000000008002d890                osViBlack
 *fill*         0x000000008002d934        0xc 
 .text          0x000000008002d940      0x168 /usr/lib/n64/libultra_d.a(vi.o)
                0x000000008002d940                __osViInit
 *fill*         0x000000008002daa8        0x8 
 .text          0x000000008002dab0       0x80 /usr/lib/n64/libultra_d.a(vigetcurrframebuf.o)
                0x000000008002dab0                osViGetCurrentFramebuffer
 .text          0x000000008002db30       0x8c /usr/lib/n64/libultra_d.a(vigetmode.o)
                0x000000008002db30                osViGetCurrentMode
 *fill*         0x000000008002dbbc        0x4 
 .text          0x000000008002dbc0       0x80 /usr/lib/n64/libultra_d.a(vigetnextframebuf.o)
                0x000000008002dbc0                osViGetNextFramebuffer
 .text          0x000000008002dc40      0x468 /usr/lib/n64/libultra_d.a(vimgr.o)
                0x000000008002dc40                osCreateViManager
 *fill*         0x000000008002e0a8        0x8 
 .text          0x000000008002e0b0       0xd0 /usr/lib/n64/libultra_d.a(visetevent.o)
                0x000000008002e0b0                osViSetEvent
 .text          0x000000008002e180       0xd0 /usr/lib/n64/libultra_d.a(visetmode.o)
                0x000000008002e180                osViSetMode
 .text          0x000000008002e250      0x28c /usr/lib/n64/libultra_d.a(visetspecial.o)
                0x000000008002e250                osViSetSpecialFeatures
 *fill*         0x000000008002e4dc        0x4 
 .text          0x000000008002e4e0      0x128 /usr/lib/n64/libultra_d.a(visetyscale.o)
                0x000000008002e4e0                osViSetYScale
 *fill*         0x000000008002e608        0x8 
 .text          0x000000008002e610       0xf0 /usr/lib/n64/libultra_d.a(viswapbuf.o)
                0x000000008002e610                osViSwapBuffer
 .text          0x000000008002e700      0x3bc /usr/lib/n64/libultra_d.a(viswapcontext.o)
                0x000000008002e700                __osViSwapContext
 *fill*         0x000000008002eabc        0x4 
 .text          0x000000008002eac0        0x0 /usr/lib/n64/libultra_d.a(vitbl.o)
 .text          0x000000008002eac0       0xe4 /usr/lib/n64/libultra_d.a(gettime.o)
                0x000000008002eac0                osGetTime
 *fill*         0x000000008002eba4        0xc 
 .text          0x000000008002ebb0      0x654 /usr/lib/n64/libultra_d.a(timerintr.o)
                0x000000008002ebb0                __osTimerServicesInit
                0x000000008002ec5c                __osTimerInterrupt
                0x000000008002ef80                __osSetTimerIntr
                0x000000008002f06c                __osInsertTimer
 *fill*         0x000000008002f204        0xc 
 .text          0x000000008002f210      0x264 /usr/lib/n64/libultra_d.a(crc.o)
                0x000000008002f210                __osContAddressCrc
                0x000000008002f328                __osContDataCrc
 *fill*         0x000000008002f474        0xc 
 .text          0x000000008002f480      0x110 /usr/lib/n64/libultra_d.a(siacs.o)
                0x000000008002f480                __osSiCreateAccessQueue
                0x000000008002f4ec                __osSiGetAccess
                0x000000008002f54c                __osSiRelAccess
 .text          0x000000008002f590      0x118 /usr/lib/n64/libultra_d.a(sirawdma.o)
                0x000000008002f590                __osSiRawStartDma
 *fill*         0x000000008002f6a8        0x8 
 .text          0x000000008002f6b0       0xbc /usr/lib/n64/libultra_d.a(sirawread.o)
                0x000000008002f6b0                __osSiRawReadIo
 *fill*         0x000000008002f76c        0x4 
 .text          0x000000008002f770       0x94 /usr/lib/n64/libultra_d.a(sirawwrite.o)
                0x000000008002f770                __osSiRawWriteIo
 *fill*         0x000000008002f804        0xc 
 .text          0x000000008002f810      0x24c /usr/lib/n64/libultra_d.a(cosf.o)
                0x000000008002f810                fcos
                0x000000008002f810                cosf
                0x000000008002f810                __cosf
 *fill*         0x000000008002fa5c        0x4 
 .text          0x000000008002fa60      0x414 /usr/lib/n64/libultra_d.a(mtxutil.o)
                0x000000008002fa60                guMtxF2L
                0x000000008002fbc8                guMtxL2F
                0x000000008002fd44                guMtxIdentF
                0x000000008002fe20                guMtxIdent
 *fill*         0x000000008002fe74        0xc 
 .text          0x000000008002fe80      0x294 /usr/lib/n64/libultra_d.a(ortho.o)
                0x000000008002fe80                guOrthoF
                0x0000000080030088                guOrtho
 *fill*         0x0000000080030114        0xc 
 .text          0x0000000080030120      0x2c0 /usr/lib/n64/libultra_d.a(sinf.o)
                0x0000000080030120                fsin
                0x0000000080030120                __sinf
                0x0000000080030120                sinf
 .text          0x00000000800303e0        0x0 /usr/lib/n64/libultra_d.a(vimodempallan1.o)
 .text          0x00000000800303e0        0x0 /usr/lib/n64/libultra_d.a(vimodentsclan1.o)
 .text          0x00000000800303e0        0x0 /usr/lib/n64/libultra_d.a(vimodepallan1.o)
 .text          0x00000000800303e0       0x98 /usr/lib/n64/libultra_d.a(dpctr.o)
                0x00000000800303e0                osDpGetCounters
 *fill*         0x0000000080030478        0x8 
 .text          0x0000000080030480       0x38 /usr/lib/n64/libultra_d.a(dpsetstat.o)
                0x0000000080030480                osDpSetStatus
 *fill*         0x00000000800304b8        0x8 
 .text          0x00000000800304c0       0xf0 /usr/lib/n64/libultra_d.a(contquery.o)
                0x00000000800304c0                osContStartQuery
                0x000000008003056c                osContGetQuery
 .text          0x00000000800305b0      0x2d0 /usr/lib/n64/libultra_d.a(contreaddata.o)
                0x00000000800305b0                osContStartReadData
                0x0000000080030660                osContGetReadData
 .text          0x0000000080030880      0x474 /usr/lib/n64/libultra_d.a(controller.o)
                0x0000000080030880                osContInit
                0x0000000080030a70                __osContGetInitData
                0x0000000080030bc4                __osPackRequestData
 *fill*         0x0000000080030cf4        0xc 
 .text          0x0000000080030d00       0x60 /usr/lib/n64/libultra_d.a(parameters.o)
 .text          0x0000000080030d60       0x20 /usr/lib/n64/libultra_d.a(errorasm.o)
                0x0000000080030d60                __osError
 .text          0x0000000080030d80      0xf00 /usr/lib/n64/libultra_d.a(exceptasm.o)
                0x0000000080030d80                __osExceptionPreamble
                0x0000000080030d90                __ptExceptionPreamble
                0x0000000080030db0                __ptException
                0x0000000080030e54                __osException
                0x0000000080031854                send_mesg
                0x0000000080031914                handle_CpU
                0x000000008003194c                __osEnqueueAndYield
                0x0000000080031a5c                __osEnqueueThread
                0x0000000080031aa8                __osPopThread
                0x0000000080031abc                __osNop
                0x0000000080031ac4                __osDispatchThread
                0x0000000080031c70                __osCleanupThread
 .text          0x0000000080031c80       0x8c /usr/lib/n64/libultra_d.a(interrupt.o)
                0x0000000080031c80                __osDisableInt
                0x0000000080031cf0                __osRestoreInt
 *fill*         0x0000000080031d0c        0x4 
 .text          0x0000000080031d10       0xa0 /usr/lib/n64/libultra_d.a(setintmask.o)
                0x0000000080031d10                osSetIntMask
 .text          0x0000000080031db0      0x180 /usr/lib/n64/libultra_d.a(monutil.o)
                0x0000000080031db0                __isExpJP
                0x0000000080031dcc                __isExp
                0x0000000080031f10                MonitorInitBreak
 .text          0x0000000080031f30       0x60 /usr/lib/n64/libultra_d.a(normalize.o)
                0x0000000080031f30                guNormalize
 .text          0x0000000080031f90       0xe0 /usr/lib/n64/libultra_d.a(translate.o)
                0x0000000080031f90                guTranslate
 .text          0x0000000080032070       0x58 /usr/lib/n64/libultra_d.a(maptlbrdb.o)
                0x0000000080032070                osMapTLBRdb
 *fill*         0x00000000800320c8        0x8 
 .text          0x00000000800320d0       0xb8 /usr/lib/n64/libultra_d.a(probetlb.o)
                0x00000000800320d0                __osProbeTLB
 *fill*         0x0000000080032188        0x8 
 .text          0x0000000080032190       0x44 /usr/lib/n64/libultra_d.a(unmaptlball.o)
                0x0000000080032190                osUnmapTLBAll
 *fill*         0x00000000800321d4        0xc 
 .text          0x00000000800321e0        0xc /usr/lib/n64/libultra_d.a(getcause.o)
                0x00000000800321e0                __osGetCause
 *fill*         0x00000000800321ec        0x4 
 .text          0x00000000800321f0        0xc /usr/lib/n64/libultra_d.a(getcount.o)
                0x00000000800321f0                osGetCount
 *fill*         0x00000000800321fc        0x4 
 .text          0x0000000080032200        0xc /usr/lib/n64/libultra_d.a(getsr.o)
                0x0000000080032200                __osGetSR
 *fill*         0x000000008003220c        0x4 
 .text          0x0000000080032210        0xc /usr/lib/n64/libultra_d.a(setcompare.o)
                0x0000000080032210                __osSetCompare
 *fill*         0x000000008003221c        0x4 
 .text          0x0000000080032220       0x10 /usr/lib/n64/libultra_d.a(setfpccsr.o)
                0x0000000080032220                __osSetFpcCsr
 .text          0x0000000080032230       0x10 /usr/lib/n64/libultra_d.a(setsr.o)
                0x0000000080032230                __osSetSR
 .text          0x0000000080032240       0x10 /usr/lib/n64/libultra_d.a(setwatchlo.o)
                0x0000000080032240                __osSetWatchLo
 .text          0x0000000080032250        0x8 /usr/lib/n64/libultra_d.a(assertbreak.o)
                0x0000000080032250                __assertBreak
 *fill*         0x0000000080032258        0x8 
 .text          0x0000000080032260      0x144 /usr/lib/n64/libultra_d.a(bcmp.o)
                0x0000000080032260                bcmp
 *fill*         0x00000000800323a4        0xc 
 .text          0x00000000800323b0      0x358 /usr/lib/n64/libultra_d.a(bcopy.o)
                0x00000000800323b0                bcopy
 *fill*         0x0000000080032708        0x8 
 .text          0x0000000080032710       0xb8 /usr/lib/n64/libultra_d.a(bzero.o)
                0x0000000080032710                bzero
 *fill*         0x00000000800327c8        0x8 
 .text          0x00000000800327d0        0x0 /usr/lib/n64/libultra_d.a(libm_vals.o)
 .text          0x00000000800327d0       0xb0 /usr/lib/n64/libultra_d.a(invaldcache.o)
                0x00000000800327d0                osInvalDCache
 .text          0x0000000080032880       0x74 /usr/lib/n64/libultra_d.a(invalicache.o)
                0x0000000080032880                osInvalICache
 *fill*         0x00000000800328f4        0xc 
 .text          0x0000000080032900       0x28 /usr/lib/n64/libultra_d.a(writebackdcacheall.o)
                0x0000000080032900                osWritebackDCacheAll
 *fill*         0x0000000080032928        0x8 
 .text          0x0000000080032930       0x74 /usr/lib/n64/libultra_d.a(writebackdcache.o)
                0x0000000080032930                osWritebackDCache
 *fill*         0x00000000800329a4        0xc 
 .text          0x00000000800329b0     0x1450 /usr/lib/n64/libultra_d.a(contpfs.o)
                0x00000000800329b0                __osSumcalc
                0x0000000080032a38                __osIdCheckSum
                0x0000000080032b10                __osRepairPackId
                0x00000000800330b8                __osCheckPackId
                0x00000000800332d4                __osGetId
                0x00000000800335bc                __osCheckId
                0x0000000080033720                __osPfsRWInode
                0x0000000080033c74                __osDumpId
 .text          0x0000000080033e00      0x310 /usr/lib/n64/libultra_d.a(contramwrite.o)
                0x0000000080033e00                __osContRamWrite
 .text          0x0000000080034110      0xb4c /usr/lib/n64/libultra_d.a(pfschecker.o)
                0x0000000080034110                osPfsChecker
                0x0000000080034870                corrupted_init
                0x0000000080034a78                corrupted
 *fill*         0x0000000080034c5c        0x4 
 .text          0x0000000080034c60       0xb8 /usr/lib/n64/libultra_d.a(commonerror.o)
 *fill*         0x0000000080034d18        0x8 
 .text          0x0000000080034d20      0x628 /usr/lib/n64/libultra_d.a(devmgr.o)
                0x0000000080034d20                __osDevMgrMain
 *fill*         0x0000000080035348        0x8 
 .text          0x0000000080035350      0x448 /usr/lib/n64/libultra_d.a(epirawdma.o)
                0x0000000080035350                __osEPiRawStartDma
 *fill*         0x0000000080035798        0x8 
 .text          0x00000000800357a0      0x2f4 /usr/lib/n64/libultra_d.a(epirawread.o)
                0x00000000800357a0                __osEPiRawReadIo
 *fill*         0x0000000080035a94        0xc 
 .text          0x0000000080035aa0      0x2cc /usr/lib/n64/libultra_d.a(epirawwrite.o)
                0x0000000080035aa0                __osEPiRawWriteIo
 *fill*         0x0000000080035d6c        0x4 
 .text          0x0000000080035d70       0x98 /usr/lib/n64/libultra_d.a(epiread.o)
                0x0000000080035d70                osEPiReadIo
 *fill*         0x0000000080035e08        0x8 
 .text          0x0000000080035e10       0x98 /usr/lib/n64/libultra_d.a(epiwrite.o)
                0x0000000080035e10                osEPiWriteIo
 *fill*         0x0000000080035ea8        0x8 
 .text          0x0000000080035eb0       0x6c /usr/lib/n64/libultra_d.a(resetglobalintmask.o)
                0x0000000080035eb0                __osResetGlobalIntMask
 *fill*         0x0000000080035f1c        0x4 
 .text          0x0000000080035f20       0x60 /usr/lib/n64/libultra_d.a(setglobalintmask.o)
                0x0000000080035f20                __osSetGlobalIntMask
 .text          0x0000000080035f80      0x3e8 /usr/lib/n64/libultra_d.a(kdebugserver.o)
                0x0000000080036230                kdebugserver
 *fill*         0x0000000080036368        0x8 
 .text          0x0000000080036370       0xd0 /usr/lib/n64/libultra_d.a(threadprofile.o)
                0x0000000080036370                osThreadProfileCallback
 .text          0x0000000080036440      0x138 /usr/lib/n64/libultra_d.a(destroythread.o)
                0x0000000080036440                osDestroyThread
 *fill*         0x0000000080036578        0x8 
 .text          0x0000000080036580       0x6c /usr/lib/n64/libultra_d.a(yieldthread.o)
                0x0000000080036580                osYieldThread
 *fill*         0x00000000800365ec        0x4 
 .text          0x00000000800365f0       0x50 /usr/lib/n64/libultra_d.a(sp.o)
                0x00000000800365f0                __osSpDeviceBusy
 .text          0x0000000080036640       0x2c /usr/lib/n64/libultra_d.a(spgetstat.o)
                0x0000000080036640                __osSpGetStatus
 *fill*         0x000000008003666c        0x4 
 .text          0x0000000080036670      0x144 /usr/lib/n64/libultra_d.a(sprawdma.o)
                0x0000000080036670                __osSpRawStartDma
 *fill*         0x00000000800367b4        0xc 
 .text          0x00000000800367c0       0x38 /usr/lib/n64/libultra_d.a(spsetstat.o)
                0x00000000800367c0                __osSpSetStatus
 *fill*         0x00000000800367f8        0x8 
 .text          0x0000000080036800     0x11d4 /usr/lib/n64/libultra_d.a(xldtob.o)
                0x0000000080036800                _Ldtob
 *fill*         0x00000000800379d4        0xc 
 .text          0x00000000800379e0      0x3ac /usr/lib/n64/libultra_d.a(xlitob.o)
                0x00000000800379e0                _Litob
 *fill*         0x0000000080037d8c        0x4 
 .text          0x0000000080037d90       0xb4 /usr/lib/n64/libultra_d.a(initrdb.o)
                0x0000000080037d90                osInitRdb
 *fill*         0x0000000080037e44        0xc 
 .text          0x0000000080037e50       0xf4 /usr/lib/n64/libultra_d.a(readhost.o)
                0x0000000080037e50                osReadHost
 *fill*         0x0000000080037f44        0xc 
 .text          0x0000000080037f50       0x28 /usr/lib/n64/libultra_d.a(vigetcurrcontext.o)
                0x0000000080037f50                __osViGetCurrentContext
 *fill*         0x0000000080037f78        0x8 
 .text          0x0000000080037f80      0x224 /usr/lib/n64/libultra_d.a(settimer.o)
                0x0000000080037f80                osSetTimer
 *fill*         0x00000000800381a4        0xc 
 .text          0x00000000800381b0       0x50 /usr/lib/n64/libultra_d.a(si.o)
                0x00000000800381b0                __osSiDeviceBusy
 .text          0x0000000080038200      0x268 /usr/lib/n64/libultra_d.a(rmonsio.o)
                0x0000000080038200                __rmonSendFault
                0x0000000080038294                __rmonIOflush
                0x0000000080038304                __rmonIOputw
                0x0000000080038394                __rmonIOhandler
 *fill*         0x0000000080038468        0x8 
 .text          0x0000000080038470      0x214 /usr/lib/n64/libultra_d.a(ldiv.o)
                0x0000000080038470                ldiv
                0x000000008003851c                lldiv
 *fill*         0x0000000080038684        0xc 
 .text          0x0000000080038690       0xe8 /usr/lib/n64/libultra_d.a(rmoncmds.o)
                0x00000000800386b8                __rmonExecute
 *fill*         0x0000000080038778        0x8 
 .text          0x0000000080038780      0x458 /usr/lib/n64/libultra_d.a(rmonmain.o)
                0x0000000080038780                __rmonSendHeader
                0x000000008003883c                __rmonSendReply
                0x0000000080038900                __rmonSendData
                0x0000000080038a4c                rmonMain
 *fill*         0x0000000080038bd8        0x8 
 .text          0x0000000080038be0      0xb0c /usr/lib/n64/libultra_d.a(rmonmem.o)
                0x0000000080038be0                __rmonWriteWordTo
                0x0000000080038c38                __rmonReadWordAt
                0x0000000080038cb4                __rmonMemcpy
                0x0000000080038d24                __rmonCopyWords
                0x0000000080038df4                __rmonReadMem
                0x0000000080039034                __rmonWriteMem
                0x00000000800392bc                __rmonListProcesses
                0x0000000080039350                __rmonLoadProgram
                0x0000000080039378                __rmonGetExeName
                0x0000000080039450                __rmonGetRegionCount
                0x00000000800394e4                __rmonGetRegions
 *fill*         0x00000000800396ec        0x4 
 .text          0x00000000800396f0      0x1ec /usr/lib/n64/libultra_d.a(rmonmisc.o)
                0x00000000800396f0                __rmonSetFault
                0x000000008003975c                __rmonInit
                0x0000000080039868                __rmonPanic
                0x0000000080039880                __rmonSetComm
 *fill*         0x00000000800398dc        0x4 
 .text          0x00000000800398e0      0xf74 /usr/lib/n64/libultra_d.a(rmonregs.o)
                0x0000000080039c80                __rmonGetGRegisters
                0x0000000080039dfc                __rmonSetGRegisters
                0x0000000080039fa4                __rmonGetFRegisters
                0x000000008003a088                __rmonSetFRegisters
                0x000000008003a1f4                __rmonGetSRegs
                0x000000008003a390                __rmonSetSRegs
                0x000000008003a4fc                __rmonGetVRegs
                0x000000008003a648                __rmonSetVRegs
                0x000000008003a740                __rmonGetRegisterContents
 *fill*         0x000000008003a854        0xc 
 .text          0x000000008003a860      0xc48 /usr/lib/n64/libultra_d.a(rmontask.o)
                0x000000008003a860                __rmonMaskIdleThreadInts
                0x000000008003a8f4                __rmonGetTCB
                0x000000008003a980                __rmonStopUserThreads
                0x000000008003aaa4                __rmonListThreads
                0x000000008003abf8                __rmonGetThreadStatus
                0x000000008003af28                __rmonThreadStatus
                0x000000008003afc8                __rmonStopThread
                0x000000008003b174                __rmonRunThread
 *fill*         0x000000008003b4a8        0x8 
 .text          0x000000008003b4b0       0xa8 /usr/lib/n64/libultra_d.a(rmonrcp.o)
                0x000000008003b4b0                __rmonRCPrunning
                0x000000008003b4d4                __rmonIdleRCP
                0x000000008003b518                __rmonStepRCP
                0x000000008003b530                __rmonRunRCP
 *fill*         0x000000008003b558        0x8 
 .text          0x000000008003b560       0x28 /usr/lib/n64/libultra_d.a(getactivequeue.o)
                0x000000008003b560                __osGetActiveQueue
 *fill*         0x000000008003b588        0x8 
 .text          0x000000008003b590       0xbc /usr/lib/n64/libultra_d.a(sprawread.o)
                0x000000008003b590                __osSpRawReadIo
 *fill*         0x000000008003b64c        0x4 
 .text          0x000000008003b650       0x94 /usr/lib/n64/libultra_d.a(sprawwrite.o)
                0x000000008003b650                __osSpRawWriteIo
 *fill*         0x000000008003b6e4        0xc 
 .text          0x000000008003b6f0      0xe24 /usr/lib/n64/libultra_d.a(rmonbrk.o)
                0x000000008003b90c                __rmonSetBreak
                0x000000008003bb24                __rmonListBreak
                0x000000008003bb4c                __rmonClearBreak
                0x000000008003bcfc                __rmonGetBranchTarget
                0x000000008003c05c                __rmonSetSingleStep
                0x000000008003c15c                __rmonGetExceptionStatus
                0x000000008003c2d0                __rmonHitBreak
                0x000000008003c318                __rmonHitSpBreak
                0x000000008003c3b0                __rmonHitCpuFault
 */libnusys_d.a:*.o(.text)
 *fill*         0x000000008003c514        0xc 
 .text          0x000000008003c520       0xd8 /usr/lib/n64/nusys/libnusys_d.a(nucontdatagetex.o)
                0x000000008003c520                nuContDataGetEx
 *fill*         0x000000008003c5f8        0x8 
 .text          0x000000008003c600       0x50 /usr/lib/n64/nusys/libnusys_d.a(nucontinit.o)
                0x000000008003c600                nuContInit
 .text          0x000000008003c650      0x4e8 /usr/lib/n64/nusys/libnusys_d.a(nucontmgr.o)
                0x000000008003c650                nuContMgrInit
                0x000000008003c794                nuContMgrRemove
                0x000000008003c7d0                nuContDataClose
                0x000000008003c814                nuContDataOpen
 *fill*         0x000000008003cb38        0x8 
 .text          0x000000008003cb40      0x49c /usr/lib/n64/nusys/libnusys_d.a(nucontpakmgr.o)
                0x000000008003cb40                nuContPakMgrInit
                0x000000008003cb7c                nuContPakMgrRemove
 *fill*         0x000000008003cfdc        0x4 
 .text          0x000000008003cfe0       0x3c /usr/lib/n64/nusys/libnusys_d.a(nucontqueryread.o)
                0x000000008003cfe0                nuContQueryRead
 *fill*         0x000000008003d01c        0x4 
 .text          0x000000008003d020      0xa1c /usr/lib/n64/nusys/libnusys_d.a(nucontrmbmgr.o)
                0x000000008003d020                nuContRmbMgrInit
                0x000000008003d0fc                nuContRmbMgrRemove
 *fill*         0x000000008003da3c        0x4 
 .text          0x000000008003da40       0x74 /usr/lib/n64/nusys/libnusys_d.a(nudebconcputs.o)
                0x000000008003da40                nuDebConCPuts
 *fill*         0x000000008003dab4        0xc 
 .text          0x000000008003dac0      0xa88 /usr/lib/n64/nusys/libnusys_d.a(nudebcondisp_ex2.o)
                0x000000008003e1c0                nuDebConDispEX2
 *fill*         0x000000008003e548        0x8 
 .text          0x000000008003e550      0x134 /usr/lib/n64/nusys/libnusys_d.a(nudebconputc.o)
                0x000000008003e550                nuDebConPutc
 *fill*         0x000000008003e684        0xc 
 .text          0x000000008003e690      0x384 /usr/lib/n64/nusys/libnusys_d.a(nudebconsole.o)
                0x000000008003e690                nuDebConInc
                0x000000008003e720                nuDebConRtn
                0x000000008003e8a0                nuDebConEsc
 *fill*         0x000000008003ea14        0xc 
 .text          0x000000008003ea20      0x19c /usr/lib/n64/nusys/libnusys_d.a(nudebcontextpos.o)
                0x000000008003ea20                nuDebConTextPos
 *fill*         0x000000008003ebbc        0x4 
 .text          0x000000008003ebc0        0x0 /usr/lib/n64/nusys/libnusys_d.a(nufont.o)
 .text          0x000000008003ebc0       0x30 /usr/lib/n64/nusys/libnusys_d.a(nugfxdisplayon.o)
                0x000000008003ebc0                nuGfxDisplayOn
 .text          0x000000008003ebf0       0x60 /usr/lib/n64/nusys/libnusys_d.a(nugfxfuncset.o)
                0x000000008003ebf0                nuGfxFuncSet
 .text          0x000000008003ec50      0x144 /usr/lib/n64/nusys/libnusys_d.a(nugfxinit_ex2.o)
                0x000000008003ec50                nuGfxInitEX2
 *fill*         0x000000008003ed94        0xc 
 .text          0x000000008003eda0      0x1e4 /usr/lib/n64/nusys/libnusys_d.a(nugfxsetcfb.o)
                0x000000008003eda0                nuGfxSetCfb
 *fill*         0x000000008003ef84        0xc 
 .text          0x000000008003ef90       0x8c /usr/lib/n64/nusys/libnusys_d.a(nugfxsetucodefifo.o)
                0x000000008003ef90                nuGfxSetUcodeFifo
 *fill*         0x000000008003f01c        0x4 
 .text          0x000000008003f020       0x4c /usr/lib/n64/nusys/libnusys_d.a(nugfxswapcfb.o)
                0x000000008003f020                nuGfxSwapCfb
 *fill*         0x000000008003f06c        0x4 
 .text          0x000000008003f070       0x58 /usr/lib/n64/nusys/libnusys_d.a(nugfxswapcfbfuncset.o)
                0x000000008003f070                nuGfxSwapCfbFuncSet
 *fill*         0x000000008003f0c8        0x8 
 .text          0x000000008003f0d0       0x3c /usr/lib/n64/nusys/libnusys_d.a(nugfxtaskallendwait.o)
                0x000000008003f0d0                nuGfxTaskAllEndWait
 *fill*         0x000000008003f10c        0x4 
 .text          0x000000008003f110      0x784 /usr/lib/n64/nusys/libnusys_d.a(nugfxtaskmgr.o)
                0x000000008003f110                nuGfxTaskMgr
                0x000000008003f280                nuGfxTaskMgrInit
                0x000000008003f5ec                nuGfxTaskStart
 *fill*         0x000000008003f894        0xc 
 .text          0x000000008003f8a0      0x174 /usr/lib/n64/nusys/libnusys_d.a(nugfxthread.o)
                0x000000008003f9a4                nuGfxThreadStart
 *fill*         0x000000008003fa14        0xc 
 .text          0x000000008003fa20       0x60 /usr/lib/n64/nusys/libnusys_d.a(nupiinit.o)
                0x000000008003fa20                nuPiInit
 .text          0x000000008003fa80        0x0 /usr/lib/n64/nusys/libnusys_d.a(nurdpoutput.o)
 .text          0x000000008003fa80     0x136c /usr/lib/n64/nusys/libnusys_d.a(nusched.o)
                0x000000008003fa80                nuScCreateScheduler
                0x000000008003fdf0                nuScGetAudioMQ
                0x000000008003fe18                nuScGetGfxMQ
                0x0000000080040040                nuScAddClient
                0x000000008004010c                nuScResetClientMesgType
                0x000000008004016c                nuScRemoveClient
                0x0000000080040d84                nuScSetFrameBufferNum
                0x0000000080040dc0                nuScGetFrameRate
 *fill*         0x0000000080040dec        0x4 
 .text          0x0000000080040df0      0x118 /usr/lib/n64/nusys/libnusys_d.a(nusicallbackadd.o)
                0x0000000080040df0                nuSiCallBackAdd
 *fill*         0x0000000080040f08        0x8 
 .text          0x0000000080040f10       0xbc /usr/lib/n64/nusys/libnusys_d.a(nusicallbackremove.o)
                0x0000000080040f10                nuSiCallBackRemove
 *fill*         0x0000000080040fcc        0x4 
 .text          0x0000000080040fd0      0x4c4 /usr/lib/n64/nusys/libnusys_d.a(nusimgr.o)
                0x0000000080040fd0                nuSiMgrInit
                0x0000000080041094                nuSiSendMesg
                0x0000000080041134                nuSiMgrStop
                0x0000000080041170                nuSiMgrRestart
 *fill*         0x0000000080041494        0xc 
 .text          0x00000000800414a0        0x0 /usr/lib/n64/nusys/libnusys_d.a(nuyieldbuf.o)
 .text          0x00000000800414a0       0xa4 /usr/lib/n64/nusys/libnusys_d.a(nucontdatalock.o)
                0x00000000800414a0                nuContDataLock
                0x00000000800414f4                nuContDataUnLock
 *fill*         0x0000000080041544        0xc 
 .text          0x0000000080041550        0x0 /usr/lib/n64/nusys/libnusys_d.a(nudebconbuf.o)
 .text          0x0000000080041550        0x0 /usr/lib/n64/nusys/libnusys_d.a(nudramstack.o)
 .text          0x0000000080041550       0x40 /usr/lib/n64/nusys/libnusys_d.a(nugfxdisplayoff.o)
                0x0000000080041550                nuGfxDisplayOff
 .text          0x0000000080041590       0xb0 /usr/lib/n64/nusys/libnusys_d.a(nugfxretracewait.o)
                0x0000000080041590                nuGfxRetraceWait
 */libgcc.a:*.o(.text)
 .text          0x0000000080041640      0x508 /opt/crashsdk/lib/gcc/mips64-elf/12.2.0/libgcc.a(_divdi3.o)
                0x0000000080041640                __divdi3
 *fill*         0x0000000080041b48        0x8 
 .text          0x0000000080041b50      0x4b4 /opt/crashsdk/lib/gcc/mips64-elf/12.2.0/libgcc.a(_udivdi3.o)
                0x0000000080041b50                __udivdi3
 *fill*         0x0000000080042004        0xc 
 .text          0x0000000080042010      0x4c8 /opt/crashsdk/lib/gcc/mips64-elf/12.2.0/libgcc.a(_umoddi3.o)
                0x0000000080042010                __umoddi3
 *fill*         0x00000000800424d8        0x8 
 .text          0x00000000800424e0        0x0 /opt/crashsdk/lib/gcc/mips64-elf/12.2.0/libgcc.a(_clz.o)
 /usr/lib/n64/PR/rspboot.o(.text)
 .text          0x00000000800424e0       0xd0 /usr/lib/n64/PR/rspboot.o
                0x00000000800424e0                rspbootTextStart
                0x00000000800425b0                rspbootTextEnd
 /usr/lib/n64/PR/gspF3DEX2.fifo.o(.text)
 .text          0x00000000800425b0     0x1390 /usr/lib/n64/PR/gspF3DEX2.fifo.o
                0x00000000800425b0                gspF3DEX2_fifoTextStart
                0x0000000080043940                gspF3DEX2_fifoTextEnd
 /usr/lib/n64/PR/gspL3DEX2.fifo.o(.text)
 .text          0x0000000080043940     0x1190 /usr/lib/n64/PR/gspL3DEX2.fifo.o
                0x0000000080043940                gspL3DEX2_fifoTextStart
                0x0000000080044ad0                gspL3DEX2_fifoTextEnd
 /usr/lib/n64/PR/gspF3DEX2.Rej.fifo.o(.text)
 .text          0x0000000080044ad0     0x1190 /usr/lib/n64/PR/gspF3DEX2.Rej.fifo.o
                0x0000000080044ad0                gspF3DEX2_Rej_fifoTextStart
                0x0000000080045c60                gspF3DEX2_Rej_fifoTextEnd
 /usr/lib/n64/PR/gspF3DEX2.NoN.fifo.o(.text)
 .text          0x0000000080045c60     0x1390 /usr/lib/n64/PR/gspF3DEX2.NoN.fifo.o
                0x0000000080045c60                gspF3DEX2_NoN_fifoTextStart
                0x0000000080046ff0                gspF3DEX2_NoN_fifoTextEnd
 /usr/lib/n64/PR/gspF3DLX2.Rej.fifo.o(.text)
 .text          0x0000000080046ff0     0x1190 /usr/lib/n64/PR/gspF3DLX2.Rej.fifo.o
                0x0000000080046ff0                gspF3DLX2_Rej_fifoTextStart
                0x0000000080048180                gspF3DLX2_Rej_fifoTextEnd
 /usr/lib/n64/PR/gspS2DEX2.fifo.o(.text)
 .text          0x0000000080048180     0x18c0 /usr/lib/n64/PR/gspS2DEX2.fifo.o
                0x0000000080048180                gspS2DEX2_fifoTextStart
                0x0000000080049a40                gspS2DEX2_fifoTextEnd
 /usr/lib/n64/nusys/nusys_isv.o(.data*)
 .data          0x0000000080049a40        0x0 /usr/lib/n64/nusys/nusys_isv.o
 build/src/main*.o(.data*)
 .data          0x0000000080049a40       0x60 build/src/main/gfxinit.o
                0x0000000080049a40                setup_rspstate
                0x0000000080049a68                setup_rdpstate
 .data          0x0000000080049aa0        0x0 build/src/main/graphic.o
 .data          0x0000000080049aa0        0x0 build/src/main/main.o
 .data          0x0000000080049aa0       0x48 build/src/main/stage00.o
 */libultra_d.a:*.o(.data*)
 *fill*         0x0000000080049ae8        0x8 
 .data          0x0000000080049af0        0x0 /usr/lib/n64/libultra_d.a(motor.o)
 .data          0x0000000080049af0        0x0 /usr/lib/n64/libultra_d.a(afterprenmi.o)
 .data          0x0000000080049af0       0x10 /usr/lib/n64/libultra_d.a(initialize.o)
                0x0000000080049af0                osClockRate
                0x0000000080049af8                osViClock
                0x0000000080049afc                __OSGlobalIntMask
 .data          0x0000000080049b00        0x4 /usr/lib/n64/libultra_d.a(contramread.o)
                0x0000000080049b00                __osPfsLastChannel
 *fill*         0x0000000080049b04        0xc 
 .data          0x0000000080049b10        0x0 /usr/lib/n64/libultra_d.a(pfsallocatefile.o)
 .data          0x0000000080049b10        0x0 /usr/lib/n64/libultra_d.a(pfsdeletefile.o)
 .data          0x0000000080049b10        0x0 /usr/lib/n64/libultra_d.a(pfsfilestate.o)
 .data          0x0000000080049b10        0x0 /usr/lib/n64/libultra_d.a(pfsfreeblocks.o)
 .data          0x0000000080049b10        0x0 /usr/lib/n64/libultra_d.a(pfsgetstatus.o)
 .data          0x0000000080049b10        0x0 /usr/lib/n64/libultra_d.a(pfsinitpak.o)
 .data          0x0000000080049b10        0x0 /usr/lib/n64/libultra_d.a(pfsisplug.o)
 .data          0x0000000080049b10        0x0 /usr/lib/n64/libultra_d.a(pfsnumfiles.o)
 .data          0x0000000080049b10        0x0 /usr/lib/n64/libultra_d.a(pfsreadwritefile.o)
 .data          0x0000000080049b10        0x0 /usr/lib/n64/libultra_d.a(pfsrepairid.o)
 .data          0x0000000080049b10        0x0 /usr/lib/n64/libultra_d.a(pfssearchfile.o)
 .data          0x0000000080049b10        0x0 /usr/lib/n64/libultra_d.a(pfsselectbank.o)
 .data          0x0000000080049b10        0x4 /usr/lib/n64/libultra_d.a(cartrominit.o)
 *fill*         0x0000000080049b14        0xc 
 .data          0x0000000080049b20        0x0 /usr/lib/n64/libultra_d.a(piacs.o)
 .data          0x0000000080049b20        0x8 /usr/lib/n64/libultra_d.a(pimgr.o)
                0x0000000080049b20                __osCurrentHandle
 *fill*         0x0000000080049b28        0x8 
 .data          0x0000000080049b30        0x0 /usr/lib/n64/libultra_d.a(pirawdma.o)
 .data          0x0000000080049b30        0x0 /usr/lib/n64/libultra_d.a(initialize_isv.o)
 .data          0x0000000080049b30        0x4 /usr/lib/n64/libultra_d.a(rotate.o)
 *fill*         0x0000000080049b34        0xc 
 .data          0x0000000080049b40        0x0 /usr/lib/n64/libultra_d.a(assert.o)
 .data          0x0000000080049b40        0x0 /usr/lib/n64/libultra_d.a(createthread.o)
 .data          0x0000000080049b40        0x0 /usr/lib/n64/libultra_d.a(getthreadpri.o)
 .data          0x0000000080049b40        0x0 /usr/lib/n64/libultra_d.a(setthreadpri.o)
 .data          0x0000000080049b40        0x0 /usr/lib/n64/libultra_d.a(startthread.o)
 .data          0x0000000080049b40        0x0 /usr/lib/n64/libultra_d.a(stopthread.o)
 .data          0x0000000080049b40       0x10 /usr/lib/n64/libultra_d.a(thread.o)
                0x0000000080049b40                __osThreadTail
                0x0000000080049b48                __osRunQueue
                0x0000000080049b4c                __osActiveQueue
 .data          0x0000000080049b50        0x0 /usr/lib/n64/libultra_d.a(spsetpc.o)
 .data          0x0000000080049b50        0x0 /usr/lib/n64/libultra_d.a(sptask.o)
 .data          0x0000000080049b50        0x0 /usr/lib/n64/libultra_d.a(sptaskyield.o)
 .data          0x0000000080049b50        0x0 /usr/lib/n64/libultra_d.a(sptaskyielded.o)
 .data          0x0000000080049b50        0x0 /usr/lib/n64/libultra_d.a(sprintf.o)
 .data          0x0000000080049b50        0x0 /usr/lib/n64/libultra_d.a(string.o)
 .data          0x0000000080049b50        0x0 /usr/lib/n64/libultra_d.a(syncprintf.o)
 .data          0x0000000080049b50       0x45 /usr/lib/n64/libultra_d.a(xprintf.o)
 *fill*         0x0000000080049b95        0xb 
 .data          0x0000000080049ba0        0x0 /usr/lib/n64/libultra_d.a(createmesgqueue.o)
 .data          0x0000000080049ba0        0x0 /usr/lib/n64/libultra_d.a(recvmesg.o)
 .data          0x0000000080049ba0        0x0 /usr/lib/n64/libultra_d.a(sendmesg.o)
 .data          0x0000000080049ba0        0x0 /usr/lib/n64/libultra_d.a(seteventmesg.o)
 .data          0x0000000080049ba0        0x4 /usr/lib/n64/libultra_d.a(rdbsend.o)
                0x0000000080049ba0                __osRdb_IP6_Empty
 *fill*         0x0000000080049ba4        0xc 
 .data          0x0000000080049bb0        0x0 /usr/lib/n64/libultra_d.a(virtualtophysical.o)
 .data          0x0000000080049bb0        0x0 /usr/lib/n64/libultra_d.a(viblack.o)
 .data          0x0000000080049bb0        0x8 /usr/lib/n64/libultra_d.a(vi.o)
                0x0000000080049bb0                __osViCurr
                0x0000000080049bb4                __osViNext
 *fill*         0x0000000080049bb8        0x8 
 .data          0x0000000080049bc0        0x0 /usr/lib/n64/libultra_d.a(vigetcurrframebuf.o)
 .data          0x0000000080049bc0        0x0 /usr/lib/n64/libultra_d.a(vigetmode.o)
 .data          0x0000000080049bc0        0x0 /usr/lib/n64/libultra_d.a(vigetnextframebuf.o)
 .data          0x0000000080049bc0        0x0 /usr/lib/n64/libultra_d.a(vimgr.o)
 .data          0x0000000080049bc0        0x0 /usr/lib/n64/libultra_d.a(visetevent.o)
 .data          0x0000000080049bc0        0x0 /usr/lib/n64/libultra_d.a(visetmode.o)
 .data          0x0000000080049bc0        0x0 /usr/lib/n64/libultra_d.a(visetspecial.o)
 .data          0x0000000080049bc0        0x0 /usr/lib/n64/libultra_d.a(visetyscale.o)
 .data          0x0000000080049bc0        0x0 /usr/lib/n64/libultra_d.a(viswapbuf.o)
 .data          0x0000000080049bc0        0x0 /usr/lib/n64/libultra_d.a(viswapcontext.o)
 .data          0x0000000080049bc0     0x1180 /usr/lib/n64/libultra_d.a(vitbl.o)
                0x0000000080049bc0                osViModeTable
 .data          0x000000008004ad40        0x0 /usr/lib/n64/libultra_d.a(gettime.o)
 .data          0x000000008004ad40        0x4 /usr/lib/n64/libultra_d.a(timerintr.o)
                0x000000008004ad40                __osTimerList
 *fill*         0x000000008004ad44        0xc 
 .data          0x000000008004ad50        0x0 /usr/lib/n64/libultra_d.a(crc.o)
 .data          0x000000008004ad50        0x0 /usr/lib/n64/libultra_d.a(siacs.o)
 .data          0x000000008004ad50        0x0 /usr/lib/n64/libultra_d.a(sirawdma.o)
 .data          0x000000008004ad50        0x0 /usr/lib/n64/libultra_d.a(sirawread.o)
 .data          0x000000008004ad50        0x0 /usr/lib/n64/libultra_d.a(sirawwrite.o)
 .data          0x000000008004ad50        0x0 /usr/lib/n64/libultra_d.a(cosf.o)
 .data          0x000000008004ad50        0x0 /usr/lib/n64/libultra_d.a(mtxutil.o)
 .data          0x000000008004ad50        0x0 /usr/lib/n64/libultra_d.a(ortho.o)
 .data          0x000000008004ad50        0x0 /usr/lib/n64/libultra_d.a(sinf.o)
 .data          0x000000008004ad50       0x50 /usr/lib/n64/libultra_d.a(vimodempallan1.o)
                0x000000008004ad50                osViModeMpalLan1
 .data          0x000000008004ada0       0x50 /usr/lib/n64/libultra_d.a(vimodentsclan1.o)
                0x000000008004ada0                osViModeNtscLan1
 .data          0x000000008004adf0       0x50 /usr/lib/n64/libultra_d.a(vimodepallan1.o)
                0x000000008004adf0                osViModePalLan1
 .data          0x000000008004ae40        0x0 /usr/lib/n64/libultra_d.a(dpctr.o)
 .data          0x000000008004ae40        0x0 /usr/lib/n64/libultra_d.a(dpsetstat.o)
 .data          0x000000008004ae40        0x0 /usr/lib/n64/libultra_d.a(contquery.o)
 .data          0x000000008004ae40        0x0 /usr/lib/n64/libultra_d.a(contreaddata.o)
 .data          0x000000008004ae40        0x0 /usr/lib/n64/libultra_d.a(controller.o)
 .data          0x000000008004ae40        0x0 /usr/lib/n64/libultra_d.a(parameters.o)
 .data          0x000000008004ae40        0x0 /usr/lib/n64/libultra_d.a(errorasm.o)
 .data          0x000000008004ae40       0x40 /usr/lib/n64/libultra_d.a(exceptasm.o)
                0x000000008004ae40                __osHwIntTable
                0x000000008004ae68                __osPiIntTable
 .data          0x000000008004ae80        0x0 /usr/lib/n64/libultra_d.a(interrupt.o)
 .data          0x000000008004ae80        0x0 /usr/lib/n64/libultra_d.a(setintmask.o)
 .data          0x000000008004ae80        0x0 /usr/lib/n64/libultra_d.a(monutil.o)
 .data          0x000000008004ae80        0x0 /usr/lib/n64/libultra_d.a(normalize.o)
 .data          0x000000008004ae80        0x0 /usr/lib/n64/libultra_d.a(translate.o)
 .data          0x000000008004ae80        0x0 /usr/lib/n64/libultra_d.a(maptlbrdb.o)
 .data          0x000000008004ae80        0x0 /usr/lib/n64/libultra_d.a(probetlb.o)
 .data          0x000000008004ae80        0x0 /usr/lib/n64/libultra_d.a(unmaptlball.o)
 .data          0x000000008004ae80        0x0 /usr/lib/n64/libultra_d.a(getcause.o)
 .data          0x000000008004ae80        0x0 /usr/lib/n64/libultra_d.a(getcount.o)
 .data          0x000000008004ae80        0x0 /usr/lib/n64/libultra_d.a(getsr.o)
 .data          0x000000008004ae80        0x0 /usr/lib/n64/libultra_d.a(setcompare.o)
 .data          0x000000008004ae80        0x0 /usr/lib/n64/libultra_d.a(setfpccsr.o)
 .data          0x000000008004ae80        0x0 /usr/lib/n64/libultra_d.a(setsr.o)
 .data          0x000000008004ae80        0x0 /usr/lib/n64/libultra_d.a(setwatchlo.o)
 .data          0x000000008004ae80        0x0 /usr/lib/n64/libultra_d.a(assertbreak.o)
 .data          0x000000008004ae80        0x0 /usr/lib/n64/libultra_d.a(bcmp.o)
 .data          0x000000008004ae80        0x0 /usr/lib/n64/libultra_d.a(bcopy.o)
 .data          0x000000008004ae80        0x0 /usr/lib/n64/libultra_d.a(bzero.o)
 .data          0x000000008004ae80        0x0 /usr/lib/n64/libultra_d.a(libm_vals.o)
 .data          0x000000008004ae80        0x0 /usr/lib/n64/libultra_d.a(invaldcache.o)
 .data          0x000000008004ae80        0x0 /usr/lib/n64/libultra_d.a(invalicache.o)
 .data          0x000000008004ae80        0x0 /usr/lib/n64/libultra_d.a(writebackdcacheall.o)
 .data          0x000000008004ae80        0x0 /usr/lib/n64/libultra_d.a(writebackdcache.o)
 .data          0x000000008004ae80        0x5 /usr/lib/n64/libultra_d.a(contpfs.o)
                0x000000008004ae80                __osPfsInodeCacheChannel
                0x000000008004ae84                __osPfsInodeCacheBank
 *fill*         0x000000008004ae85        0xb 
 .data          0x000000008004ae90        0x0 /usr/lib/n64/libultra_d.a(contramwrite.o)
 .data          0x000000008004ae90        0x0 /usr/lib/n64/libultra_d.a(pfschecker.o)
 .data          0x000000008004ae90      0x258 /usr/lib/n64/libultra_d.a(commonerror.o)
                0x000000008004ae90                __osCommonHandler
                0x000000008004ae94                __os_error_message
 *fill*         0x000000008004b0e8        0x8 
 .data          0x000000008004b0f0        0x0 /usr/lib/n64/libultra_d.a(devmgr.o)
 .data          0x000000008004b0f0        0x0 /usr/lib/n64/libultra_d.a(epirawdma.o)
 .data          0x000000008004b0f0        0x0 /usr/lib/n64/libultra_d.a(epirawread.o)
 .data          0x000000008004b0f0        0x0 /usr/lib/n64/libultra_d.a(epirawwrite.o)
 .data          0x000000008004b0f0        0x0 /usr/lib/n64/libultra_d.a(epiread.o)
 .data          0x000000008004b0f0        0x0 /usr/lib/n64/libultra_d.a(epiwrite.o)
 .data          0x000000008004b0f0        0x0 /usr/lib/n64/libultra_d.a(resetglobalintmask.o)
 .data          0x000000008004b0f0        0x0 /usr/lib/n64/libultra_d.a(setglobalintmask.o)
 .data          0x000000008004b0f0        0x0 /usr/lib/n64/libultra_d.a(kdebugserver.o)
 .data          0x000000008004b0f0        0x0 /usr/lib/n64/libultra_d.a(threadprofile.o)
 .data          0x000000008004b0f0        0x0 /usr/lib/n64/libultra_d.a(destroythread.o)
 .data          0x000000008004b0f0        0x0 /usr/lib/n64/libultra_d.a(yieldthread.o)
 .data          0x000000008004b0f0        0x0 /usr/lib/n64/libultra_d.a(sp.o)
 .data          0x000000008004b0f0        0x0 /usr/lib/n64/libultra_d.a(spgetstat.o)
 .data          0x000000008004b0f0        0x0 /usr/lib/n64/libultra_d.a(sprawdma.o)
 .data          0x000000008004b0f0        0x0 /usr/lib/n64/libultra_d.a(spsetstat.o)
 .data          0x000000008004b0f0        0x0 /usr/lib/n64/libultra_d.a(xldtob.o)
 .data          0x000000008004b0f0       0x25 /usr/lib/n64/libultra_d.a(xlitob.o)
 *fill*         0x000000008004b115        0xb 
 .data          0x000000008004b120        0x0 /usr/lib/n64/libultra_d.a(initrdb.o)
 .data          0x000000008004b120        0x0 /usr/lib/n64/libultra_d.a(readhost.o)
 .data          0x000000008004b120        0x0 /usr/lib/n64/libultra_d.a(vigetcurrcontext.o)
 .data          0x000000008004b120        0x0 /usr/lib/n64/libultra_d.a(settimer.o)
 .data          0x000000008004b120        0x0 /usr/lib/n64/libultra_d.a(si.o)
 .data          0x000000008004b120        0x0 /usr/lib/n64/libultra_d.a(rmonsio.o)
 .data          0x000000008004b120        0x0 /usr/lib/n64/libultra_d.a(ldiv.o)
 .data          0x000000008004b120       0xd8 /usr/lib/n64/libultra_d.a(rmoncmds.o)
 *fill*         0x000000008004b1f8        0x8 
 .data          0x000000008004b200        0x0 /usr/lib/n64/libultra_d.a(rmonmain.o)
 .data          0x000000008004b200        0x0 /usr/lib/n64/libultra_d.a(rmonmem.o)
 .data          0x000000008004b200        0x0 /usr/lib/n64/libultra_d.a(rmonmisc.o)
 .data          0x000000008004b200        0x0 /usr/lib/n64/libultra_d.a(rmonregs.o)
 .data          0x000000008004b200        0x0 /usr/lib/n64/libultra_d.a(rmontask.o)
 .data          0x000000008004b200        0x0 /usr/lib/n64/libultra_d.a(rmonrcp.o)
 .data          0x000000008004b200        0x0 /usr/lib/n64/libultra_d.a(getactivequeue.o)
 .data          0x000000008004b200        0x0 /usr/lib/n64/libultra_d.a(sprawread.o)
 .data          0x000000008004b200        0x0 /usr/lib/n64/libultra_d.a(sprawwrite.o)
 .data          0x000000008004b200        0x0 /usr/lib/n64/libultra_d.a(rmonbrk.o)
 */libnusys_d.a:*.o(.data*)
 .data          0x000000008004b200        0x0 /usr/lib/n64/nusys/libnusys_d.a(nucontdatagetex.o)
 .data          0x000000008004b200        0x0 /usr/lib/n64/nusys/libnusys_d.a(nucontinit.o)
 .data          0x000000008004b200       0x20 /usr/lib/n64/nusys/libnusys_d.a(nucontmgr.o)
                0x000000008004b214                nuContCallBack
 .data          0x000000008004b220       0x34 /usr/lib/n64/nusys/libnusys_d.a(nucontpakmgr.o)
                0x000000008004b248                nuContPakCallBack
 *fill*         0x000000008004b254        0xc 
 .data          0x000000008004b260        0x0 /usr/lib/n64/nusys/libnusys_d.a(nucontqueryread.o)
 .data          0x000000008004b260       0x2c /usr/lib/n64/nusys/libnusys_d.a(nucontrmbmgr.o)
                0x000000008004b260                nuContRmbSearchTime
                0x000000008004b280                nuContRmbCallBack
 *fill*         0x000000008004b28c        0x4 
 .data          0x000000008004b290        0x0 /usr/lib/n64/nusys/libnusys_d.a(nudebconcputs.o)
 .data          0x000000008004b290      0x100 /usr/lib/n64/nusys/libnusys_d.a(nudebcondisp_ex2.o)
 .data          0x000000008004b390        0x0 /usr/lib/n64/nusys/libnusys_d.a(nudebconputc.o)
 .data          0x000000008004b390        0x0 /usr/lib/n64/nusys/libnusys_d.a(nudebconsole.o)
 .data          0x000000008004b390        0x0 /usr/lib/n64/nusys/libnusys_d.a(nudebcontextpos.o)
 .data          0x000000008004b390     0x1e60 /usr/lib/n64/nusys/libnusys_d.a(nufont.o)
                0x000000008004b390                nuFont
                0x000000008004c2c0                nuFont2
 .data          0x000000008004d1f0        0x0 /usr/lib/n64/nusys/libnusys_d.a(nugfxdisplayon.o)
 .data          0x000000008004d1f0        0x0 /usr/lib/n64/nusys/libnusys_d.a(nugfxfuncset.o)
 .data          0x000000008004d1f0      0x128 /usr/lib/n64/nusys/libnusys_d.a(nugfxinit_ex2.o)
 *fill*         0x000000008004d318        0x8 
 .data          0x000000008004d320        0x0 /usr/lib/n64/nusys/libnusys_d.a(nugfxsetcfb.o)
 .data          0x000000008004d320        0x0 /usr/lib/n64/nusys/libnusys_d.a(nugfxsetucodefifo.o)
 .data          0x000000008004d320        0x0 /usr/lib/n64/nusys/libnusys_d.a(nugfxswapcfb.o)
 .data          0x000000008004d320        0x0 /usr/lib/n64/nusys/libnusys_d.a(nugfxswapcfbfuncset.o)
 .data          0x000000008004d320        0x0 /usr/lib/n64/nusys/libnusys_d.a(nugfxtaskallendwait.o)
 .data          0x000000008004d320        0x8 /usr/lib/n64/nusys/libnusys_d.a(nugfxtaskmgr.o)
                0x000000008004d320                nuGfxCfbNum
                0x000000008004d324                nuGfxUcodeFifoSize
 *fill*         0x000000008004d328        0x8 
 .data          0x000000008004d330        0x0 /usr/lib/n64/nusys/libnusys_d.a(nugfxthread.o)
 .data          0x000000008004d330        0x0 /usr/lib/n64/nusys/libnusys_d.a(nupiinit.o)
 .data          0x000000008004d330        0x0 /usr/lib/n64/nusys/libnusys_d.a(nurdpoutput.o)
 .data          0x000000008004d330       0x1c /usr/lib/n64/nusys/libnusys_d.a(nusched.o)
                0x000000008004d330                nuVersion
                0x000000008004d340                nuScRetraceCounter
                0x000000008004d344                nuDebTaskPerfInterval
                0x000000008004d348                nuDebTaskPerfEnd
 *fill*         0x000000008004d34c        0x4 
 .data          0x000000008004d350        0x0 /usr/lib/n64/nusys/libnusys_d.a(nusicallbackadd.o)
 .data          0x000000008004d350        0x0 /usr/lib/n64/nusys/libnusys_d.a(nusicallbackremove.o)
 .data          0x000000008004d350        0x0 /usr/lib/n64/nusys/libnusys_d.a(nusimgr.o)
 .data          0x000000008004d350        0x0 /usr/lib/n64/nusys/libnusys_d.a(nuyieldbuf.o)
 .data          0x000000008004d350        0x0 /usr/lib/n64/nusys/libnusys_d.a(nucontdatalock.o)
 .data          0x000000008004d350     0x25d8 /usr/lib/n64/nusys/libnusys_d.a(nudebconbuf.o)
                0x000000008004d350                nuDebConWin
 *fill*         0x000000008004f928        0x8 
 .data          0x000000008004f930        0x0 /usr/lib/n64/nusys/libnusys_d.a(nudramstack.o)
 .data          0x000000008004f930        0x0 /usr/lib/n64/nusys/libnusys_d.a(nugfxdisplayoff.o)
 .data          0x000000008004f930        0x0 /usr/lib/n64/nusys/libnusys_d.a(nugfxretracewait.o)
 /usr/lib/n64/PR/rspboot.o(.data*)
 .data          0x000000008004f930        0x0 /usr/lib/n64/PR/rspboot.o
                0x000000008004f930                rspbootDataEnd
                0x000000008004f930                rspbootDataStart
 /usr/lib/n64/PR/gspF3DEX2.fifo.o(.data*)
 .data          0x000000008004f930      0x420 /usr/lib/n64/PR/gspF3DEX2.fifo.o
                0x000000008004f930                gspF3DEX2_fifoDataStart
                0x000000008004fd50                gspF3DEX2_fifoDataEnd
 /usr/lib/n64/PR/gspL3DEX2.fifo.o(.data*)
 .data          0x000000008004fd50      0x3f0 /usr/lib/n64/PR/gspL3DEX2.fifo.o
                0x000000008004fd50                gspL3DEX2_fifoDataStart
                0x0000000080050140                gspL3DEX2_fifoDataEnd
 /usr/lib/n64/PR/gspF3DEX2.Rej.fifo.o(.data*)
 .data          0x0000000080050140      0x410 /usr/lib/n64/PR/gspF3DEX2.Rej.fifo.o
                0x0000000080050140                gspF3DEX2_Rej_fifoDataStart
                0x0000000080050550                gspF3DEX2_Rej_fifoDataEnd
 /usr/lib/n64/PR/gspF3DEX2.NoN.fifo.o(.data*)
 .data          0x0000000080050550      0x420 /usr/lib/n64/PR/gspF3DEX2.NoN.fifo.o
                0x0000000080050550                gspF3DEX2_NoN_fifoDataStart
                0x0000000080050970                gspF3DEX2_NoN_fifoDataEnd
 /usr/lib/n64/PR/gspF3DLX2.Rej.fifo.o(.data*)
 .data          0x0000000080050970      0x410 /usr/lib/n64/PR/gspF3DLX2.Rej.fifo.o
                0x0000000080050970                gspF3DLX2_Rej_fifoDataStart
                0x0000000080050d80                gspF3DLX2_Rej_fifoDataEnd
 /usr/lib/n64/PR/gspS2DEX2.fifo.o(.data*)
 .data          0x0000000080050d80      0x390 /usr/lib/n64/PR/gspS2DEX2.fifo.o
                0x0000000080050d80                gspS2DEX2_fifoDataStart
                0x0000000080051110                gspS2DEX2_fifoDataEnd
 /usr/lib/n64/nusys/nusys_isv.o(.*rodata*)
 build/src/main*.o(.*rodata*)
 .rodata.str1.4
                0x0000000080051110       0x90 build/src/main/stage00.o
 .rodata.cst8   0x00000000800511a0        0x8 build/src/main/stage00.o
 *fill*         0x00000000800511a8        0x8 
 .rodata.cst4   0x00000000800511b0       0x1c build/src/main/stage00.o
 */libultra_d.a:*.o(.*rodata*)
 *fill*         0x00000000800511cc        0x4 
 .rodata        0x00000000800511d0       0x65 /usr/lib/n64/libultra_d.a(pfsallocatefile.o)
 *fill*         0x0000000080051235        0xb 
 .rodata        0x0000000080051240        0x4 /usr/lib/n64/libultra_d.a(rotate.o)
 *fill*         0x0000000080051244        0xc 
 .rodata        0x0000000080051250       0x20 /usr/lib/n64/libultra_d.a(assert.o)
 .rodata        0x0000000080051270      0x174 /usr/lib/n64/libultra_d.a(xprintf.o)
 *fill*         0x00000000800513e4        0xc 
 .rodata        0x00000000800513f0       0x27 /usr/lib/n64/libultra_d.a(visetevent.o)
 *fill*         0x0000000080051417        0x9 
 .rodata        0x0000000080051420       0x2a /usr/lib/n64/libultra_d.a(visetmode.o)
 *fill*         0x000000008005144a        0x6 
 .rodata        0x0000000080051450        0x8 /usr/lib/n64/libultra_d.a(visetyscale.o)
 *fill*         0x0000000080051458        0x8 
 .rodata        0x0000000080051460       0x30 /usr/lib/n64/libultra_d.a(viswapbuf.o)
 .rodata        0x0000000080051490        0xc /usr/lib/n64/libultra_d.a(viswapcontext.o)
 *fill*         0x000000008005149c        0x4 
 .rodata        0x00000000800514a0       0x37 /usr/lib/n64/libultra_d.a(sirawdma.o)
 *fill*         0x00000000800514d7        0x9 
 .rodata        0x00000000800514e0       0x41 /usr/lib/n64/libultra_d.a(sirawread.o)
 *fill*         0x0000000080051521        0xf 
 .rodata        0x0000000080051530       0x31 /usr/lib/n64/libultra_d.a(sirawwrite.o)
 *fill*         0x0000000080051561        0xf 
 .rodata        0x0000000080051570       0x88 /usr/lib/n64/libultra_d.a(cosf.o)
 *fill*         0x00000000800515f8        0x8 
 .rodata        0x0000000080051600        0xc /usr/lib/n64/libultra_d.a(mtxutil.o)
 *fill*         0x000000008005160c        0x4 
 .rodata        0x0000000080051610        0xc /usr/lib/n64/libultra_d.a(ortho.o)
 *fill*         0x000000008005161c        0x4 
 .rodata        0x0000000080051620       0x88 /usr/lib/n64/libultra_d.a(sinf.o)
 *fill*         0x00000000800516a8        0x8 
 .rodata        0x00000000800516b0       0x70 /usr/lib/n64/libultra_d.a(exceptasm.o)
                0x00000000800516f4                __osCauseTable_pt
 .rodata        0x0000000080051720       0x80 /usr/lib/n64/libultra_d.a(setintmask.o)
                0x0000000080051720                __osRcpImTable
 .rodata        0x00000000800517a0        0x4 /usr/lib/n64/libultra_d.a(libm_vals.o)
                0x00000000800517a0                __libm_qnan_f
 *fill*         0x00000000800517a4        0xc 
 .rodata        0x00000000800517b0       0x92 /usr/lib/n64/libultra_d.a(contpfs.o)
 *fill*         0x0000000080051842        0xe 
 .rodata        0x0000000080051850     0x1a5e /usr/lib/n64/libultra_d.a(commonerror.o)
 *fill*         0x00000000800532ae        0x2 
 .rodata        0x00000000800532b0       0x1c /usr/lib/n64/libultra_d.a(devmgr.o)
 *fill*         0x00000000800532cc        0x4 
 .rodata        0x00000000800532d0       0x2d /usr/lib/n64/libultra_d.a(epirawread.o)
 *fill*         0x00000000800532fd        0x3 
 .rodata        0x0000000080053300       0x6b /usr/lib/n64/libultra_d.a(sprawdma.o)
 *fill*         0x000000008005336b        0x5 
 .rodata        0x0000000080053370       0x68 /usr/lib/n64/libultra_d.a(xldtob.o)
 *fill*         0x00000000800533d8        0x8 
 .rodata        0x00000000800533e0        0xd /usr/lib/n64/libultra_d.a(rmonmem.o)
 *fill*         0x00000000800533ed        0x3 
 .rodata        0x00000000800533f0       0x41 /usr/lib/n64/libultra_d.a(sprawread.o)
 *fill*         0x0000000080053431        0xf 
 .rodata        0x0000000080053440       0x31 /usr/lib/n64/libultra_d.a(sprawwrite.o)
 *fill*         0x0000000080053471        0xf 
 .rodata        0x0000000080053480       0x60 /usr/lib/n64/libultra_d.a(rmonbrk.o)
 */libnusys_d.a:*.o(.*rodata*)
 .rodata        0x00000000800534e0       0x25 /usr/lib/n64/nusys/libnusys_d.a(nudebcondisp_ex2.o)
 *fill*         0x0000000080053505        0xb 
 .rodata        0x0000000080053510       0x18 /usr/lib/n64/nusys/libnusys_d.a(nudebconsole.o)
 *fill*         0x0000000080053528        0x8 
 .rodata        0x0000000080053530       0x29 /usr/lib/n64/nusys/libnusys_d.a(nugfxsetcfb.o)
 *fill*         0x0000000080053559        0x7 
 .rodata        0x0000000080053560       0x6d /usr/lib/n64/nusys/libnusys_d.a(nugfxsetucodefifo.o)
 *fill*         0x00000000800535cd        0x3 
 .rodata        0x00000000800535d0       0x4c /usr/lib/n64/nusys/libnusys_d.a(nugfxtaskmgr.o)
 *fill*         0x000000008005361c        0x4 
 .rodata        0x0000000080053620        0x4 /usr/lib/n64/nusys/libnusys_d.a(nusched.o)
 *fill*         0x0000000080053624        0xc 
 .rodata        0x0000000080053630       0x3d /usr/lib/n64/nusys/libnusys_d.a(nusicallbackadd.o)
 *fill*         0x000000008005366d        0x3 
 .rodata        0x0000000080053670       0x6f /usr/lib/n64/nusys/libnusys_d.a(nusimgr.o)
 */libgcc.a:*.o(.*rodata*)
 *fill*         0x00000000800536df        0x1 
 .rodata        0x00000000800536e0      0x100 /opt/crashsdk/lib/gcc/mips64-elf/12.2.0/libgcc.a(_clz.o)
                0x00000000800536e0                __clz_tab
                0x00000000800537e0                _codeSegmentEnd = ALIGN ((ADDR (.code) + SIZEOF (.code)), 0x10)
                0x000000000002ebe0                _codeSegmentRomEnd = ((_codeSegmentEnd - _codeSegmentStart) + _codeSegmentRomStart)
                0x000000000002ebe0                __romPos = _codeSegmentRomEnd
                0x00000000800537e0                . = _codeSegmentEnd
                0x00000000800537e0                _codeSegmentBssStart = ADDR (.code.noload)

.code.noload    0x00000000800537e0    0x7c340 load address 0x000000000002ebe0
 /usr/lib/n64/nusys/nusys_isv.o(COMMON)
 /usr/lib/n64/nusys/nusys_isv.o(.scommon)
 /usr/lib/n64/nusys/nusys_isv.o(.*bss*)
 .bss           0x00000000800537e0     0x4370 /usr/lib/n64/nusys/nusys_isv.o
                0x00000000800537e0                nuIdleFunc
                0x00000000800537f0                nuMainStack
 build/src/main*.o(.*bss*)
 .bss           0x0000000080057b50        0x0 build/src/main/gfxinit.o
 .bss           0x0000000080057b50     0x8188 build/src/main/graphic.o
                0x0000000080057b50                gfx_gtask_no
                0x0000000080057b54                glistp
                0x0000000080057b58                gfx_dynamic
                0x0000000080057cd8                gfx_glist
 .bss           0x000000008005fcd8        0xc build/src/main/main.o
                0x000000008005fcd8                contPattern
                0x000000008005fcdc                contdata
 .bss           0x000000008005fce4        0xc build/src/main/stage00.o
 */libultra_d.a:*.o(COMMON)
 */libultra_d.a:*.o(.scommon)
 */libultra_d.a:*.o(.*bss*)
 .bss           0x000000008005fcf0      0x100 /usr/lib/n64/libultra_d.a(motor.o)
 .bss           0x000000008005fdf0        0x0 /usr/lib/n64/libultra_d.a(afterprenmi.o)
 .bss           0x000000008005fdf0        0xc /usr/lib/n64/libultra_d.a(initialize.o)
                0x000000008005fdf0                __osShutdown
                0x000000008005fdf4                __printfunc
                0x000000008005fdf8                __kmc_pt_mode
 .bss           0x000000008005fdfc        0x0 /usr/lib/n64/libultra_d.a(contramread.o)
 .bss           0x000000008005fdfc        0x0 /usr/lib/n64/libultra_d.a(pfsallocatefile.o)
 .bss           0x000000008005fdfc        0x0 /usr/lib/n64/libultra_d.a(pfsdeletefile.o)
 .bss           0x000000008005fdfc        0x0 /usr/lib/n64/libultra_d.a(pfsfilestate.o)
 .bss           0x000000008005fdfc        0x0 /usr/lib/n64/libultra_d.a(pfsfreeblocks.o)
 .bss           0x000000008005fdfc        0x0 /usr/lib/n64/libultra_d.a(pfsgetstatus.o)
 .bss           0x000000008005fdfc        0x0 /usr/lib/n64/libultra_d.a(pfsinitpak.o)
 *fill*         0x000000008005fdfc        0x4 
 .bss           0x000000008005fe00       0x40 /usr/lib/n64/libultra_d.a(pfsisplug.o)
                0x000000008005fe00                __osPfsPifRam
 .bss           0x000000008005fe40        0x0 /usr/lib/n64/libultra_d.a(pfsnumfiles.o)
 .bss           0x000000008005fe40        0x0 /usr/lib/n64/libultra_d.a(pfsreadwritefile.o)
 .bss           0x000000008005fe40        0x0 /usr/lib/n64/libultra_d.a(pfsrepairid.o)
 .bss           0x000000008005fe40        0x0 /usr/lib/n64/libultra_d.a(pfssearchfile.o)
 .bss           0x000000008005fe40        0x0 /usr/lib/n64/libultra_d.a(pfsselectbank.o)
 .bss           0x000000008005fe40       0x74 /usr/lib/n64/libultra_d.a(cartrominit.o)
                0x000000008005fe40                __CartRomHandle
 *fill*         0x000000008005feb4        0x4 
 .bss           0x000000008005feb8       0x24 /usr/lib/n64/libultra_d.a(piacs.o)
                0x000000008005feb8                __osPiAccessQueueEnabled
                0x000000008005fec0                __osPiAccessQueue
 *fill*         0x000000008005fedc        0x4 
 .bss           0x000000008005fee0     0x18cc /usr/lib/n64/libultra_d.a(pimgr.o)
                0x000000008005fee0                __osPiDevMgr
                0x000000008005fefc                __osPiTable
                0x000000008005ff00                __Dom1SpeedParam
                0x000000008005ff78                __Dom2SpeedParam
 .bss           0x00000000800617ac        0x0 /usr/lib/n64/libultra_d.a(pirawdma.o)
 *fill*         0x00000000800617ac        0x4 
 .bss           0x00000000800617b0       0x24 /usr/lib/n64/libultra_d.a(initialize_isv.o)
                0x00000000800617b0                gISVDbgPrnAdrs
                0x00000000800617b4                leoComuBuffAdd
                0x00000000800617b8                gISVFlag
                0x00000000800617bc                gISVChk
                0x00000000800617c0                ramOldVector
 .bss           0x00000000800617d4        0x0 /usr/lib/n64/libultra_d.a(rotate.o)
 .bss           0x00000000800617d4        0x0 /usr/lib/n64/libultra_d.a(assert.o)
 .bss           0x00000000800617d4        0x0 /usr/lib/n64/libultra_d.a(createthread.o)
 .bss           0x00000000800617d4        0x0 /usr/lib/n64/libultra_d.a(getthreadpri.o)
 .bss           0x00000000800617d4        0x0 /usr/lib/n64/libultra_d.a(setthreadpri.o)
 .bss           0x00000000800617d4        0x0 /usr/lib/n64/libultra_d.a(startthread.o)
 .bss           0x00000000800617d4        0x0 /usr/lib/n64/libultra_d.a(stopthread.o)
 .bss           0x00000000800617d4        0x8 /usr/lib/n64/libultra_d.a(thread.o)
                0x00000000800617d4                __osRunningThread
                0x00000000800617d8                __osFaultedThread
 .bss           0x00000000800617dc        0x0 /usr/lib/n64/libultra_d.a(spsetpc.o)
 *fill*         0x00000000800617dc        0x4 
 .bss           0x00000000800617e0       0x40 /usr/lib/n64/libultra_d.a(sptask.o)
 .bss           0x0000000080061820        0x0 /usr/lib/n64/libultra_d.a(sptaskyield.o)
 .bss           0x0000000080061820        0x0 /usr/lib/n64/libultra_d.a(sptaskyielded.o)
 .bss           0x0000000080061820        0x0 /usr/lib/n64/libultra_d.a(sprintf.o)
 .bss           0x0000000080061820        0x0 /usr/lib/n64/libultra_d.a(string.o)
 .bss           0x0000000080061820        0x0 /usr/lib/n64/libultra_d.a(syncprintf.o)
 .bss           0x0000000080061820        0x0 /usr/lib/n64/libultra_d.a(xprintf.o)
 .bss           0x0000000080061820        0x0 /usr/lib/n64/libultra_d.a(createmesgqueue.o)
 .bss           0x0000000080061820        0x0 /usr/lib/n64/libultra_d.a(recvmesg.o)
 .bss           0x0000000080061820        0x0 /usr/lib/n64/libultra_d.a(sendmesg.o)
 .bss           0x0000000080061820       0xbc /usr/lib/n64/libultra_d.a(seteventmesg.o)
                0x0000000080061820                __osEventStateTab
                0x00000000800618d8                __osPreNMI
 .bss           0x00000000800618dc        0x0 /usr/lib/n64/libultra_d.a(rdbsend.o)
 .bss           0x00000000800618dc        0x0 /usr/lib/n64/libultra_d.a(virtualtophysical.o)
 .bss           0x00000000800618dc        0x0 /usr/lib/n64/libultra_d.a(viblack.o)
 *fill*         0x00000000800618dc        0x4 
 .bss           0x00000000800618e0       0x60 /usr/lib/n64/libultra_d.a(vi.o)
 .bss           0x0000000080061940        0x0 /usr/lib/n64/libultra_d.a(vigetcurrframebuf.o)
 .bss           0x0000000080061940        0x0 /usr/lib/n64/libultra_d.a(vigetmode.o)
 .bss           0x0000000080061940        0x0 /usr/lib/n64/libultra_d.a(vigetnextframebuf.o)
 .bss           0x0000000080061940     0x1232 /usr/lib/n64/libultra_d.a(vimgr.o)
                0x0000000080061940                __osViDevMgr
                0x000000008006195c                __additional_scanline
 .bss           0x0000000080062b72        0x0 /usr/lib/n64/libultra_d.a(visetevent.o)
 .bss           0x0000000080062b72        0x0 /usr/lib/n64/libultra_d.a(visetmode.o)
 .bss           0x0000000080062b72        0x0 /usr/lib/n64/libultra_d.a(visetspecial.o)
 .bss           0x0000000080062b72        0x0 /usr/lib/n64/libultra_d.a(visetyscale.o)
 .bss           0x0000000080062b72        0x0 /usr/lib/n64/libultra_d.a(viswapbuf.o)
 .bss           0x0000000080062b72        0x0 /usr/lib/n64/libultra_d.a(viswapcontext.o)
 .bss           0x0000000080062b72        0x0 /usr/lib/n64/libultra_d.a(vitbl.o)
 .bss           0x0000000080062b72        0x0 /usr/lib/n64/libultra_d.a(gettime.o)
 *fill*         0x0000000080062b72        0x6 
 .bss           0x0000000080062b78       0x5c /usr/lib/n64/libultra_d.a(timerintr.o)
                0x0000000080062b78                __osCurrentTime
                0x0000000080062b80                __osBaseCounter
                0x0000000080062b84                __osViIntrCount
                0x0000000080062b88                __osTimerCounter
                0x0000000080062b90                __osBaseTimer
                0x0000000080062bb0                __osProfTimerQ
                0x0000000080062bc8                __osProfileList
                0x0000000080062bcc                __osProfileListEnd
                0x0000000080062bd0                __osProfileOverflowBin
 .bss           0x0000000080062bd4        0x0 /usr/lib/n64/libultra_d.a(crc.o)
 *fill*         0x0000000080062bd4        0x4 
 .bss           0x0000000080062bd8       0x24 /usr/lib/n64/libultra_d.a(siacs.o)
                0x0000000080062bd8                __osSiAccessQueue
                0x0000000080062bf0                __osSiAccessQueueEnabled
 .bss           0x0000000080062bfc        0x0 /usr/lib/n64/libultra_d.a(sirawdma.o)
 .bss           0x0000000080062bfc        0x0 /usr/lib/n64/libultra_d.a(sirawread.o)
 .bss           0x0000000080062bfc        0x0 /usr/lib/n64/libultra_d.a(sirawwrite.o)
 .bss           0x0000000080062bfc        0x0 /usr/lib/n64/libultra_d.a(cosf.o)
 .bss           0x0000000080062bfc        0x0 /usr/lib/n64/libultra_d.a(mtxutil.o)
 .bss           0x0000000080062bfc        0x0 /usr/lib/n64/libultra_d.a(ortho.o)
 .bss           0x0000000080062bfc        0x0 /usr/lib/n64/libultra_d.a(sinf.o)
 .bss           0x0000000080062bfc        0x0 /usr/lib/n64/libultra_d.a(vimodempallan1.o)
 .bss           0x0000000080062bfc        0x0 /usr/lib/n64/libultra_d.a(vimodentsclan1.o)
 .bss           0x0000000080062bfc        0x0 /usr/lib/n64/libultra_d.a(vimodepallan1.o)
 .bss           0x0000000080062bfc        0x0 /usr/lib/n64/libultra_d.a(dpctr.o)
 .bss           0x0000000080062bfc        0x0 /usr/lib/n64/libultra_d.a(dpsetstat.o)
 .bss           0x0000000080062bfc        0x0 /usr/lib/n64/libultra_d.a(contquery.o)
 .bss           0x0000000080062bfc        0x0 /usr/lib/n64/libultra_d.a(contreaddata.o)
 *fill*         0x0000000080062bfc        0x4 
 .bss           0x0000000080062c00       0x94 /usr/lib/n64/libultra_d.a(controller.o)
                0x0000000080062c00                __osContinitialized
                0x0000000080062c10                __osContPifRam
                0x0000000080062c50                __osContLastCmd
                0x0000000080062c51                __osMaxControllers
                0x0000000080062c58                __osEepromTimer
                0x0000000080062c78                __osEepromTimerQ
                0x0000000080062c90                __osEepromTimerMsg
 .bss           0x0000000080062c94        0x0 /usr/lib/n64/libultra_d.a(parameters.o)
 .bss           0x0000000080062c94        0x0 /usr/lib/n64/libultra_d.a(errorasm.o)
 .bss           0x0000000080062c94        0x0 /usr/lib/n64/libultra_d.a(exceptasm.o)
 .bss           0x0000000080062c94        0x0 /usr/lib/n64/libultra_d.a(interrupt.o)
 .bss           0x0000000080062c94        0x0 /usr/lib/n64/libultra_d.a(setintmask.o)
 .bss           0x0000000080062c94        0x0 /usr/lib/n64/libultra_d.a(monutil.o)
 .bss           0x0000000080062c94        0x0 /usr/lib/n64/libultra_d.a(normalize.o)
 .bss           0x0000000080062c94        0x0 /usr/lib/n64/libultra_d.a(translate.o)
 .bss           0x0000000080062c94        0x0 /usr/lib/n64/libultra_d.a(maptlbrdb.o)
 .bss           0x0000000080062c94        0x0 /usr/lib/n64/libultra_d.a(probetlb.o)
 .bss           0x0000000080062c94        0x0 /usr/lib/n64/libultra_d.a(unmaptlball.o)
 .bss           0x0000000080062c94        0x0 /usr/lib/n64/libultra_d.a(getcause.o)
 .bss           0x0000000080062c94        0x0 /usr/lib/n64/libultra_d.a(getcount.o)
 .bss           0x0000000080062c94        0x0 /usr/lib/n64/libultra_d.a(getsr.o)
 .bss           0x0000000080062c94        0x0 /usr/lib/n64/libultra_d.a(setcompare.o)
 .bss           0x0000000080062c94        0x0 /usr/lib/n64/libultra_d.a(setfpccsr.o)
 .bss           0x0000000080062c94        0x0 /usr/lib/n64/libultra_d.a(setsr.o)
 .bss           0x0000000080062c94        0x0 /usr/lib/n64/libultra_d.a(setwatchlo.o)
 .bss           0x0000000080062c94        0x0 /usr/lib/n64/libultra_d.a(assertbreak.o)
 .bss           0x0000000080062c94        0x0 /usr/lib/n64/libultra_d.a(bcmp.o)
 .bss           0x0000000080062c94        0x0 /usr/lib/n64/libultra_d.a(bcopy.o)
 .bss           0x0000000080062c94        0x0 /usr/lib/n64/libultra_d.a(bzero.o)
 .bss           0x0000000080062c94        0x0 /usr/lib/n64/libultra_d.a(libm_vals.o)
 .bss           0x0000000080062c94        0x0 /usr/lib/n64/libultra_d.a(invaldcache.o)
 .bss           0x0000000080062c94        0x0 /usr/lib/n64/libultra_d.a(invalicache.o)
 .bss           0x0000000080062c94        0x0 /usr/lib/n64/libultra_d.a(writebackdcacheall.o)
 .bss           0x0000000080062c94        0x0 /usr/lib/n64/libultra_d.a(writebackdcache.o)
 *fill*         0x0000000080062c94        0x4 
 .bss           0x0000000080062c98      0x100 /usr/lib/n64/libultra_d.a(contpfs.o)
                0x0000000080062c98                __osPfsInodeCache
 .bss           0x0000000080062d98        0x0 /usr/lib/n64/libultra_d.a(contramwrite.o)
 .bss           0x0000000080062d98        0x0 /usr/lib/n64/libultra_d.a(pfschecker.o)
 .bss           0x0000000080062d98        0x1 /usr/lib/n64/libultra_d.a(commonerror.o)
                0x0000000080062d98                NULSTR
 .bss           0x0000000080062d99        0x0 /usr/lib/n64/libultra_d.a(devmgr.o)
 .bss           0x0000000080062d99        0x0 /usr/lib/n64/libultra_d.a(epirawdma.o)
 .bss           0x0000000080062d99        0x0 /usr/lib/n64/libultra_d.a(epirawread.o)
 .bss           0x0000000080062d99        0x0 /usr/lib/n64/libultra_d.a(epirawwrite.o)
 .bss           0x0000000080062d99        0x0 /usr/lib/n64/libultra_d.a(epiread.o)
 .bss           0x0000000080062d99        0x0 /usr/lib/n64/libultra_d.a(epiwrite.o)
 .bss           0x0000000080062d99        0x0 /usr/lib/n64/libultra_d.a(resetglobalintmask.o)
 .bss           0x0000000080062d99        0x0 /usr/lib/n64/libultra_d.a(setglobalintmask.o)
 *fill*         0x0000000080062d99        0x7 
 .bss           0x0000000080062da0      0x1c0 /usr/lib/n64/libultra_d.a(kdebugserver.o)
                0x0000000080062da0                __osThreadSave
 .bss           0x0000000080062f60      0xc14 /usr/lib/n64/libultra_d.a(threadprofile.o)
                0x0000000080062f60                __osThprofFlag
                0x0000000080062f64                __osThprofFunc
                0x0000000080062f68                __osThprofLastTimer
                0x0000000080062f6c                __osThprofCount
                0x0000000080062f70                thprof
                0x0000000080063370                __osThprofHeap
                0x0000000080063b70                __osThprofStack
 .bss           0x0000000080063b74        0x0 /usr/lib/n64/libultra_d.a(destroythread.o)
 .bss           0x0000000080063b74        0x0 /usr/lib/n64/libultra_d.a(yieldthread.o)
 .bss           0x0000000080063b74        0x0 /usr/lib/n64/libultra_d.a(sp.o)
 .bss           0x0000000080063b74        0x0 /usr/lib/n64/libultra_d.a(spgetstat.o)
 .bss           0x0000000080063b74        0x0 /usr/lib/n64/libultra_d.a(sprawdma.o)
 .bss           0x0000000080063b74        0x0 /usr/lib/n64/libultra_d.a(spsetstat.o)
 .bss           0x0000000080063b74        0x0 /usr/lib/n64/libultra_d.a(xldtob.o)
 .bss           0x0000000080063b74        0x0 /usr/lib/n64/libultra_d.a(xlitob.o)
 .bss           0x0000000080063b74       0x14 /usr/lib/n64/libultra_d.a(initrdb.o)
                0x0000000080063b74                __osRdb_IP6_Data
                0x0000000080063b78                __osRdb_IP6_Size
                0x0000000080063b7c                __osRdb_IP6_Ct
                0x0000000080063b80                __osRdb_IP6_CurWrite
                0x0000000080063b84                __osRdb_IP6_CurSend
 .bss           0x0000000080063b88       0x2c /usr/lib/n64/libultra_d.a(readhost.o)
                0x0000000080063b88                __osRdb_Read_Data_Buf
                0x0000000080063b8c                __osRdb_Read_Data_Ct
 .bss           0x0000000080063bb4        0x0 /usr/lib/n64/libultra_d.a(vigetcurrcontext.o)
 .bss           0x0000000080063bb4        0x0 /usr/lib/n64/libultra_d.a(settimer.o)
 .bss           0x0000000080063bb4        0x0 /usr/lib/n64/libultra_d.a(si.o)
 *fill*         0x0000000080063bb4        0xc 
 .bss           0x0000000080063bc0      0x82c /usr/lib/n64/libultra_d.a(rmonsio.o)
                0x0000000080063bc0                __osRdb_DbgRead_Buf
                0x0000000080063bd0                rmonRdbReadBuf
 .bss           0x00000000800643ec        0x0 /usr/lib/n64/libultra_d.a(ldiv.o)
 .bss           0x00000000800643ec        0x0 /usr/lib/n64/libultra_d.a(rmoncmds.o)
 *fill*         0x00000000800643ec        0x4 
 .bss           0x00000000800643f0      0x47c /usr/lib/n64/libultra_d.a(rmonmain.o)
                0x00000000800643f0                __rmonActive
 *fill*         0x000000008006486c        0x4 
 .bss           0x0000000080064870      0x100 /usr/lib/n64/libultra_d.a(rmonmem.o)
                0x0000000080064870                __rmonUtilityBuffer
 .bss           0x0000000080064970     0x4228 /usr/lib/n64/libultra_d.a(rmonmisc.o)
                0x0000000080064970                __rmonMQ
 .bss           0x0000000080068b98       0x18 /usr/lib/n64/libultra_d.a(rmonregs.o)
 .bss           0x0000000080068bb0        0x0 /usr/lib/n64/libultra_d.a(rmontask.o)
 .bss           0x0000000080068bb0        0x0 /usr/lib/n64/libultra_d.a(rmonrcp.o)
 .bss           0x0000000080068bb0        0x0 /usr/lib/n64/libultra_d.a(getactivequeue.o)
 .bss           0x0000000080068bb0        0x0 /usr/lib/n64/libultra_d.a(sprawread.o)
 .bss           0x0000000080068bb0        0x0 /usr/lib/n64/libultra_d.a(sprawwrite.o)
 .bss           0x0000000080068bb0      0x110 /usr/lib/n64/libultra_d.a(rmonbrk.o)
                0x0000000080068bb0                __rmonRcpAtBreak
 */libnusys_d.a:*.o(COMMON)
 */libnusys_d.a:*.o(.scommon)
 */libnusys_d.a:*.o(.*bss*)
 .bss           0x0000000080068cc0        0x0 /usr/lib/n64/nusys/libnusys_d.a(nucontdatagetex.o)
 .bss           0x0000000080068cc0        0x0 /usr/lib/n64/nusys/libnusys_d.a(nucontinit.o)
 .bss           0x0000000080068cc0      0x210 /usr/lib/n64/nusys/libnusys_d.a(nucontmgr.o)
                0x0000000080068cc0                nuContWaitMesgQ
                0x0000000080068cd8                nuContDataMutexQ
                0x0000000080068cf0                nuContStatus
                0x0000000080068d00                nuContData
                0x0000000080068d18                nuContNum
                0x0000000080068d1c                nuContDataLockKey
                0x0000000080068d20                nuContReadFunc
                0x0000000080068d28                nuContPfs
 .bss           0x0000000080068ed0        0x8 /usr/lib/n64/nusys/libnusys_d.a(nucontpakmgr.o)
                0x0000000080068ed0                nuContPakCompanyCode
                0x0000000080068ed4                nuContPakGameCode
 .bss           0x0000000080068ed8        0x0 /usr/lib/n64/nusys/libnusys_d.a(nucontqueryread.o)
 .bss           0x0000000080068ed8       0x28 /usr/lib/n64/nusys/libnusys_d.a(nucontrmbmgr.o)
                0x0000000080068ed8                nuContRmbCtl
 .bss           0x0000000080068f00        0x0 /usr/lib/n64/nusys/libnusys_d.a(nudebconcputs.o)
 .bss           0x0000000080068f00    0x38404 /usr/lib/n64/nusys/libnusys_d.a(nudebcondisp_ex2.o)
 .bss           0x00000000800a1304        0x0 /usr/lib/n64/nusys/libnusys_d.a(nudebconputc.o)
 .bss           0x00000000800a1304        0x0 /usr/lib/n64/nusys/libnusys_d.a(nudebconsole.o)
 .bss           0x00000000800a1304        0x0 /usr/lib/n64/nusys/libnusys_d.a(nudebcontextpos.o)
 .bss           0x00000000800a1304        0x0 /usr/lib/n64/nusys/libnusys_d.a(nufont.o)
 .bss           0x00000000800a1304        0x0 /usr/lib/n64/nusys/libnusys_d.a(nugfxdisplayon.o)
 .bss           0x00000000800a1304        0x0 /usr/lib/n64/nusys/libnusys_d.a(nugfxfuncset.o)
 .bss           0x00000000800a1304        0x0 /usr/lib/n64/nusys/libnusys_d.a(nugfxinit_ex2.o)
 .bss           0x00000000800a1304        0x0 /usr/lib/n64/nusys/libnusys_d.a(nugfxsetcfb.o)
 .bss           0x00000000800a1304        0x0 /usr/lib/n64/nusys/libnusys_d.a(nugfxsetucodefifo.o)
 .bss           0x00000000800a1304        0x0 /usr/lib/n64/nusys/libnusys_d.a(nugfxswapcfb.o)
 .bss           0x00000000800a1304        0x0 /usr/lib/n64/nusys/libnusys_d.a(nugfxswapcfbfuncset.o)
 .bss           0x00000000800a1304        0x0 /usr/lib/n64/nusys/libnusys_d.a(nugfxtaskallendwait.o)
 *fill*         0x00000000800a1304        0xc 
 .bss           0x00000000800a1310     0x2592 /usr/lib/n64/nusys/libnusys_d.a(nugfxtaskmgr.o)
                0x00000000800a1310                nuGfxUcode
                0x00000000800a1318                nuGfxTask
                0x00000000800a1688                nuGfxTaskSpool
                0x00000000800a1690                nuGfxTaskMgrMesgQ
                0x00000000800a16a8                nuGfxCfb
                0x00000000800a16ac                nuGfxCfb_ptr
                0x00000000800a16b0                nuGfxZBuffer
                0x00000000800a16b4                nuGfxDisplay
                0x00000000800a16b8                nuGfxCfbCounter
                0x00000000800a16bc                nuGfxUcodeFifoPtr
                0x00000000800a16c0                nuGfxSwapCfbFunc
                0x00000000800a16c4                nuGfxTaskEndFunc
 *fill*         0x00000000800a38a2        0xe 
 .bss           0x00000000800a38b0     0x21f0 /usr/lib/n64/nusys/libnusys_d.a(nugfxthread.o)
                0x00000000800a38b0                nuGfxFunc
                0x00000000800a38b4                nuGfxPreNMIFunc
                0x00000000800a38b8                nuGfxMesgQ
                0x00000000800a38d0                nuGfxThread
 .bss           0x00000000800a5aa0       0xe8 /usr/lib/n64/nusys/libnusys_d.a(nupiinit.o)
                0x00000000800a5aa0                nuPiCartHandle
 *fill*         0x00000000800a5b88        0x8 
 .bss           0x00000000800a5b90    0x20000 /usr/lib/n64/nusys/libnusys_d.a(nurdpoutput.o)